8021q.ko
8139cp.ko
8139too.ko
acpi_ipmi.ko
acpiphp_ibm.ko
act_bpf.ko
act_csum.ko
act_ct.ko
act_gact.ko
act_mirred.ko
act_mpls.ko
act_nat.ko
act_pedit.ko
act_police.ko
act_sample.ko
act_simple.ko
act_skbedit.ko
act_skbmod.ko
act_tunnel_key.ko
act_vlan.ko
ad7314.ko
adc128d818.ko
adcxx.ko
ads7871.ko
adutux.ko
aer_inject.ko
aes-neon-bs.ko
af_key.ko
af_packet_diag.ko
ah4.ko
ah6.ko
ahci_platform.ko
ahci_seattle.ko
ahci_xgene.ko
aircable.ko
alim7101_wdt.ko
altera_ps2.ko
alx.ko
amdgpu.ko
amd.ko
amd-xgbe.ko
ansi_cprng.ko
anubis.ko
appledisplay.ko
aquantia.ko
arc4.ko
arc_ps2.ko
ark3116.ko
arm-cmn.ko
arm_dmc620_pmu.ko
arm_mhu.ko
armmmci.ko
arm_scpi.ko
arm_spe_pmu.ko
arptable_filter.ko
arp_tables.ko
arpt_mangle.ko
asix.ko
ast.ko
async_memcpy.ko
async_pq.ko
async_raid6_recov.ko
async_tx.ko
async_xor.ko
at24.ko
ata_generic.ko
atl1c.ko
atl1e.ko
atl1.ko
atm.ko
auth_rpcgss.ko
ax88179_178a.ko
bareudp.ko
bcm7xxx.ko
bcm87xx.ko
bcma.ko
bcm_crypto_spu.ko
bcm-phy-lib.ko
be2iscsi.ko
belkin_sa.ko
binfmt_misc.ko
blocklayoutdriver.ko
blowfish_common.ko
blowfish_generic.ko
bluefield_edac.ko
bnx2.ko
bnx2x.ko
bnxt_en.ko
bnxt_re.ko
bochs.ko
bonding.ko
br2684.ko
brd.ko
bridge.ko
br_netfilter.ko
broadcom.ko
bsd_comp.ko
cachefiles.ko
camellia_generic.ko
can-bcm.ko
can-dev.ko
can-gw.ko
can.ko
can-raw.ko
cast5_generic.ko
cast6_generic.ko
cast_common.ko
catc.ko
cavium-rng.ko
cavium-rng-vf.ko
cb710.ko
cb710-mmc.ko
cc770.ko
cc770_platform.ko
c_can.ko
c_can_pci.ko
c_can_platform.ko
ccm.ko
ccp-crypto.ko
ccp.ko
cdc-acm.ko
cdc_eem.ko
cdc_ether.ko
cdc_mbim.ko
cdc_ncm.ko
cdc_subset.ko
cdc-wdm.ko
cdrom.ko
ceph.ko
cfi_cmdset_0001.ko
cfi_cmdset_0002.ko
cfi_cmdset_0020.ko
cfi_probe.ko
cfi_util.ko
ch341.ko
ch7006.ko
ch9200.ko
chacha20_generic.ko
chacha20-neon.ko
chacha20poly1305.ko
chaoskey.ko
chcr.ko
chipreg.ko
ch_ipsec.ko
ch.ko
ch_ktls.ko
cicada.ko
cifs.ko
cirrus.ko
clip.ko
clk-scpi.ko
cls_basic.ko
cls_bpf.ko
cls_flower.ko
cls_flow.ko
cls_fw.ko
cls_matchall.ko
cls_route.ko
cls_rsvp6.ko
cls_rsvp.ko
cls_tcindex.ko
cls_u32.ko
cmac.ko
cordic.ko
cortina.ko
cp210x.ko
cptpf.ko
cptvf.ko
cqhci.ko
cramfs.ko
crc32_generic.ko
crc7.ko
crc8.ko
crc-itu-t.ko
crct10dif-ce.ko
crypto_user.ko
csiostor.ko
cuse.ko
cx82310_eth.ko
cxacru.ko
cxgb4i.ko
cxgb4.ko
cxgb4vf.ko
cxgbit.ko
cyberjack.ko
cyclades.ko
cypress_m8.ko
davicom.ko
dax_hmem.ko
des_generic.ko
device_dax.ko
diag.ko
digi_acceleport.ko
dlci.ko
dlm.ko
dm9601.ko
dm-bio-prison.ko
dm-bufio.ko
dm-cache.ko
dm-cache-smq.ko
dm-crypt.ko
dm-delay.ko
dm-era.ko
dm-flakey.ko
dm-historical-service-time.ko
dm-integrity.ko
dm-io-affinity.ko
dm-log.ko
dm-log-userspace.ko
dm-log-writes.ko
dm-mirror.ko
dm-mod.ko
dm-multipath.ko
dm-persistent-data.ko
dm-queue-length.ko
dm-raid.ko
dm-region-hash.ko
dm-round-robin.ko
dm-service-time.ko
dm-snapshot.ko
dm-switch.ko
dm-thin-pool.ko
dm-verity.ko
dm-writecache.ko
dm-zero.ko
dnet.ko
dns_resolver.ko
dp83640.ko
dp83822.ko
dp83848.ko
dp83867.ko
dp83tc811.ko
drm_buddy.ko
drm_display_helper.ko
drm_kms_helper.ko
drm.ko
drm_shmem_helper.ko
drm_ttm_helper.ko
drm_vram_helper.ko
dummy.ko
dw_dmac_core.ko
dw_dmac.ko
dw_dmac_pci.ko
dwmac-dwc-qos-eth.ko
dw_mmc-bluefield.ko
dw_mmc.ko
dw_mmc-pltfm.ko
e1000e.ko
ebt_802_3.ko
ebtable_broute.ko
ebtable_filter.ko
ebtable_nat.ko
ebtables.ko
ebt_among.ko
ebt_arp.ko
ebt_arpreply.ko
ebt_dnat.ko
ebt_ip6.ko
ebt_ip.ko
ebt_limit.ko
ebt_log.ko
ebt_mark.ko
ebt_mark_m.ko
ebt_nflog.ko
ebt_pkttype.ko
ebt_redirect.ko
ebt_snat.ko
ebt_stp.ko
ebt_vlan.ko
echainiv.ko
ee1004.ko
eeprom_93cx6.ko
eeprom.ko
efa.ko
ehci-platform.ko
einj.ko
elan_i2c.ko
em_cmp.ko
emi26.ko
emi62.ko
em_ipset.ko
em_meta.ko
em_nbyte.ko
empeg.ko
ems_pci.ko
ems_usb.ko
em_text.ko
em_u32.ko
ena.ko
enclosure.ko
encrypted-keys.ko
esd_usb2.ko
esp4.ko
esp4_offload.ko
esp6.ko
esp6_offload.ko
et1011c.ko
ethoc.ko
ext4.ko
extcon-gpio.ko
ezusb.ko
f81534.ko
failover.ko
fat.ko
faulty.ko
fb_sys_fops.ko
fcrypt.ko
ff-memless.ko
fm10k.ko
fmc-chardev.ko
fmc-fakedev.ko
fmc.ko
fmc-trivial.ko
fmc-write-eeprom.ko
fscache.ko
ftdi-elan.ko
ftdi_sio.ko
fusb302.ko
fuse.ko
g762.ko
garmin_gps.ko
garp.ko
geneve.ko
gen_probe.ko
ghash-ce.ko
gl620a.ko
gpio-amdpt.ko
gpio_backlight.ko
gpio-dwapb.ko
gpio-generic.ko
gpio-mlxbf2.ko
gpio_wdt.ko
gpio-xgene-sb.ko
gpio-xlp.ko
gpu-sched.ko
grace.ko
gre.ko
hclge.ko
hclgevf.ko
hdlc_cisco.ko
hdlc_fr.ko
hdlc.ko
hdlc_ppp.ko
hdlc_raw.ko
hdma.ko
hdma_mgmt.ko
hi6220_reset.ko
hibmc-drm.ko
hid-a4tech.ko
hid-appleir.ko
hid-apple.ko
hid-aureal.ko
hid-axff.ko
hid-belkin.ko
hid-betopff.ko
hid-cherry.ko
hid-chicony.ko
hid-corsair.ko
hid-cypress.ko
hid-dr.ko
hid-elan.ko
hid-elecom.ko
hid-elo.ko
hid-ezkey.ko
hid-gaff.ko
hid-gembird.ko
hid-gfrm.ko
hid-gt683r.ko
hid-gyration.ko
hid-holtekff.ko
hid-holtek-kbd.ko
hid-holtek-mouse.ko
hid-hyperv.ko
hid-icade.ko
hid-ite.ko
hid-jabra.ko
hid-kensington.ko
hid-keytouch.ko
hid-kye.ko
hid-lcpower.ko
hid-led.ko
hid-lenovo.ko
hid-lg-g15.ko
hid-logitech-dj.ko
hid-logitech-hidpp.ko
hid-logitech.ko
hid-microsoft.ko
hid-monterey.ko
hid-multitouch.ko
hid-nti.ko
hid-ortek.ko
hid-penmount.ko
hid-petalynx.ko
hid-picolcd.ko
hid-plantronics.ko
hid-pl.ko
hid-primax.ko
hid-rmi.ko
hid-roccat-arvo.ko
hid-roccat-common.ko
hid-roccat-isku.ko
hid-roccat.ko
hid-roccat-kone.ko
hid-roccat-koneplus.ko
hid-roccat-konepure.ko
hid-roccat-kovaplus.ko
hid-roccat-lua.ko
hid-roccat-pyra.ko
hid-roccat-ryos.ko
hid-roccat-savu.ko
hid-saitek.ko
hid-samsung.ko
hid-sensor-hub.ko
hid-sjoy.ko
hid-sony.ko
hid-speedlink.ko
hid-steelseries.ko
hid-sunplus.ko
hid-thrustmaster.ko
hid-tivo.ko
hid-tmff.ko
hid-topseed.ko
hid-twinhan.ko
hid-uclogic.ko
hid-waltop.ko
hid-wiimote.ko
hid-xinmo.ko
hid-zpff.ko
hid-zydacron.ko
hinic.ko
hisi_sas_main.ko
hisi_sas_v1_hw.ko
hisi_sas_v2_hw.ko
hisi_sas_v3_hw.ko
hisi_thermal.ko
hnae3.ko
hnae.ko
hns3.ko
hns_dsaf.ko
hns_enet_drv.ko
hns_mdio.ko
hpilo.ko
hpsa.ko
hpwdt.ko
hso.ko
huawei_cdc_ncm.ko
hv_netvsc.ko
hv_sock.ko
hv_storvsc.ko
hv_utils.ko
hv_vmbus.ko
hwa-hc.ko
hwa-rc.ko
hwpoison-inject.ko
hyperv_fb.ko
hyperv-keyboard.ko
i1480-dfu-usb.ko
i1480-est.ko
i2c-algo-bit.ko
i2c-algo-pca.ko
i2c-algo-pcf.ko
i2c-arb-gpio-challenge.ko
i2c-designware-core.ko
i2c-designware-platform.ko
i2c-dev.ko
i2c-diolan-u2c.ko
i2c-gpio.ko
i2c-hid-acpi.ko
i2c-hid.ko
i2c-mlxbf.ko
i2c-mux-gpio.ko
i2c-mux.ko
i2c-mux-mlxcpld.ko
i2c-mux-pca9541.ko
i2c-mux-pca954x.ko
i2c-mux-pinctrl.ko
i2c-nforce2.ko
i2c-parport-light.ko
i2c-pca-platform.ko
i2c-simtec.ko
i2c-slave-eeprom.ko
i2c-smbus.ko
i2c-stub.ko
i2c-thunderx.ko
i2c-tiny-usb.ko
i2c-versatile.ko
i2c-xgene-slimpro.ko
i2c-xlp9xx.ko
i40e.ko
i6300esb.ko
iavf.ko
ib_cm.ko
ib_core.ko
ib_ipoib.ko
ib_iser.ko
ib_isert.ko
ib_srp.ko
ib_srpt.ko
ib_umad.ko
ib_uverbs.ko
ice.ko
icplus.ko
idmouse.ko
ifb.ko
ifcvf.ko
igb.ko
igbvf.ko
igc.ko
inet_diag.ko
input-polldev.ko
int51x1.ko
intel-xway.ko
io_edgeport.ko
ionic.ko
io_ti.ko
iowarrior.ko
ip6_gre.ko
ip6table_filter.ko
ip6table_mangle.ko
ip6table_nat.ko
ip6table_raw.ko
ip6table_security.ko
ip6_tables.ko
ip6t_ah.ko
ip6t_eui64.ko
ip6t_frag.ko
ip6t_hbh.ko
ip6t_ipv6header.ko
ip6t_MASQUERADE.ko
ip6t_mh.ko
ip6t_NPT.ko
ip6t_REJECT.ko
ip6t_rpfilter.ko
ip6t_rt.ko
ip6t_SYNPROXY.ko
ip6_tunnel.ko
ip6_udp_tunnel.ko
ip6_vti.ko
ipaq.ko
ipcomp6.ko
ipcomp.ko
ip_gre.ko
ipheth.ko
ipip.ko
ipmb_dev_int.ko
ipmi_devintf.ko
ipmi_msghandler.ko
ipmi_poweroff.ko
ipmi_si.ko
ipmi_ssif.ko
ipmi_watchdog.ko
ipr.ko
ip_set_bitmap_ip.ko
ip_set_bitmap_ipmac.ko
ip_set_bitmap_port.ko
ip_set_hash_ip.ko
ip_set_hash_ipmac.ko
ip_set_hash_ipmark.ko
ip_set_hash_ipportip.ko
ip_set_hash_ipport.ko
ip_set_hash_ipportnet.ko
ip_set_hash_mac.ko
ip_set_hash_netiface.ko
ip_set_hash_net.ko
ip_set_hash_netnet.ko
ip_set_hash_netport.ko
ip_set_hash_netportnet.ko
ip_set.ko
ip_set_list_set.ko
iptable_filter.ko
iptable_mangle.ko
iptable_nat.ko
iptable_raw.ko
iptable_security.ko
ip_tables.ko
ipt_ah.ko
ipt_ECN.ko
ipt_MASQUERADE.ko
ipt_REJECT.ko
ipt_rpfilter.ko
ipt_SYNPROXY.ko
ip_tunnel.ko
ipvlan.ko
ip_vs_dh.ko
ip_vs_fo.ko
ip_vs_ftp.ko
ip_vs.ko
ip_vs_lblc.ko
ip_vs_lblcr.ko
ip_vs_lc.ko
ip_vs_mh.ko
ip_vs_nq.ko
ip_vs_ovf.ko
ip_vs_pe_sip.ko
ip_vs_rr.ko
ip_vs_sed.ko
ip_vs_sh.ko
ip_vs_wlc.ko
ip_vs_wrr.ko
ipvtap.ko
ip_vti.ko
ipw.ko
irdma.ko
ir-usb.ko
iscsi_boot_sysfs.ko
iscsi_target_mod.ko
iscsi_tcp.ko
isight_firmware.ko
isofs.ko
iuu_phoenix.ko
iw_cm.ko
iw_cxgb4.ko
ixgbe.ko
ixgbevf.ko
jbd2.ko
jc42.ko
jmb38x_ms.ko
kalmia.ko
kaweth.ko
keyspan.ko
keyspan_pda.ko
khazad.ko
kheaders.ko
kl5kusb105.ko
kobil_sct.ko
kvaser_pci.ko
kvaser_usb.ko
l2tp_core.ko
l2tp_debugfs.ko
l2tp_eth.ko
l2tp_ip6.ko
l2tp_ip.ko
l2tp_netlink.ko
l2tp_ppp.ko
lan78xx.ko
lcd.ko
ldusb.ko
lec.ko
led-class-flash.ko
leds-blinkm.ko
leds-lm3530.ko
leds-lp3944.ko
leds-lp5521.ko
leds-lp5523.ko
leds-lp5562.ko
leds-lp55xx-common.ko
leds-lt3593.ko
leds-mlxreg.ko
ledtrig-backlight.ko
ledtrig-camera.ko
ledtrig-default-on.ko
ledtrig-gpio.ko
ledtrig-heartbeat.ko
ledtrig-oneshot.ko
ledtrig-timer.ko
ledtrig-transient.ko
ledtrig-usbport.ko
legousbtower.ko
lg-vl600.ko
libahci_platform.ko
libarc4.ko
libceph.ko
libcrc32c.ko
libcxgbi.ko
libcxgb.ko
libfc.ko
libfcoe.ko
libiscsi.ko
libiscsi_tcp.ko
libnvdimm.ko
libsas.ko
linear.ko
linear_ranges.ko
liquidio.ko
liquidio_vf.ko
llc.ko
lm70.ko
lockd.ko
loop.ko
lp855x_bl.ko
lpfc.ko
lrw.ko
ltc2945.ko
ltc3815.ko
ltc4222.ko
ltc4260.ko
lxt.ko
mac-celtic.ko
mac-centeuro.ko
mac-croatian.ko
mac-cyrillic.ko
mac-gaelic.ko
mac-greek.ko
mac-iceland.ko
mac-inuit.ko
mac-romanian.ko
mac-roman.ko
macsec.ko
mac-turkish.ko
macvlan.ko
macvtap.ko
mailbox-xgene-slimpro.ko
marvell10g.ko
marvell.ko
max1111.ko
max20751.ko
max31790.ko
max6875.ko
mbcache.ko
mcs7830.ko
mct_u232.ko
md4.ko
mdc800.ko
md-cluster.ko
mdio-bcm-unimac.ko
mdio-bitbang.ko
mdio-cavium.ko
mdio-gpio.ko
mdio-hisi-femac.ko
mdio.ko
mdio-mscc-miim.ko
mdio-octeon.ko
mdio-thunder.ko
mdio-xgene.ko
megaraid_sas.ko
memstick.ko
mfd-core.ko
mgag200.ko
mhi.ko
mhi_pci_generic.ko
michael_mic.ko
micrel.ko
microchip.ko
microchip_t1.ko
microtek.ko
mii.ko
mip6.ko
mlx4_core.ko
mlx4_en.ko
mlx4_ib.ko
mlx5_core.ko
mlx5_ib.ko
mlx5_vdpa.ko
mlxbf-bootctl.ko
mlxbf_gige.ko
mlxbf-pmc.ko
mlxbf-tmfifo.ko
mlxfw.ko
mlxreg-fan.ko
mlxreg-hotplug.ko
mlxreg-io.ko
mlxsw_core.ko
mlxsw_i2c.ko
mlxsw_minimal.ko
mlxsw_pci.ko
mlxsw_spectrum.ko
mlxsw_switchib.ko
mlxsw_switchx2.ko
mlx_wdt.ko
mmc_block.ko
mmc_core.ko
mos7720.ko
mos7840.ko
mpi3mr.ko
mpls_iptunnel.ko
mpls_router.ko
mpt3sas.ko
mptbase.ko
mptcp_diag.ko
mptsas.ko
mptscsih.ko
mptspi.ko
mrp.ko
mscc.ko
msdos.ko
mspro_block.ko
mtd_blkdevs.ko
mtdblock.ko
mtd.ko
mtk-sd.ko
mxl-gpy.ko
mxuport.ko
n5pf.ko
national.ko
navman.ko
nbd.ko
nct7802.ko
nct7904.ko
nd_blk.ko
nd_btt.ko
nd_pmem.ko
net1080.ko
netconsole.ko
net_failover.ko
netlink_diag.ko
netxen_nic.ko
nf_conncount.ko
nf_conntrack_amanda.ko
nf_conntrack_broadcast.ko
nf_conntrack_ftp.ko
nf_conntrack_h323.ko
nf_conntrack_irc.ko
nf_conntrack.ko
nf_conntrack_netbios_ns.ko
nf_conntrack_netlink.ko
nf_conntrack_pptp.ko
nf_conntrack_sane.ko
nf_conntrack_sip.ko
nf_conntrack_snmp.ko
nf_conntrack_tftp.ko
nf_defrag_ipv4.ko
nf_defrag_ipv6.ko
nf_dup_ipv4.ko
nf_dup_ipv6.ko
nf_dup_netdev.ko
nf_flow_table_inet.ko
nf_flow_table_ipv4.ko
nf_flow_table_ipv6.ko
nf_flow_table.ko
nfit.ko
nf_log_syslog.ko
nf_nat_amanda.ko
nf_nat_ftp.ko
nf_nat_h323.ko
nf_nat_irc.ko
nf_nat.ko
nf_nat_pptp.ko
nf_nat_sip.ko
nf_nat_snmp_basic.ko
nf_nat_tftp.ko
nfnetlink_cthelper.ko
nfnetlink_cttimeout.ko
nfnetlink.ko
nfnetlink_log.ko
nfnetlink_queue.ko
nf_osf.ko
nfp.ko
nf_reject_ipv4.ko
nf_reject_ipv6.ko
nfs_acl.ko
nfsd.ko
nfs.ko
nfs_layout_flexfiles.ko
nfs_layout_nfsv41_files.ko
nf_socket_ipv4.ko
nf_socket_ipv6.ko
nfsv3.ko
nfsv4.ko
nf_synproxy_core.ko
nf_tables.ko
nf_tables_set.ko
nft_chain_nat.ko
nft_compat.ko
nft_connlimit.ko
nft_counter.ko
nft_ct.ko
nft_dup_ipv4.ko
nft_dup_ipv6.ko
nft_dup_netdev.ko
nft_fib_inet.ko
nft_fib_ipv4.ko
nft_fib_ipv6.ko
nft_fib.ko
nft_fib_netdev.ko
nft_flow_offload.ko
nft_fwd_netdev.ko
nft_hash.ko
nft_limit.ko
nft_log.ko
nft_masq.ko
nft_nat.ko
nft_numgen.ko
nft_objref.ko
nf_tproxy_ipv4.ko
nf_tproxy_ipv6.ko
nft_queue.ko
nft_quota.ko
nft_redir.ko
nft_reject_bridge.ko
nft_reject_inet.ko
nft_reject_ipv4.ko
nft_reject_ipv6.ko
nft_reject.ko
nft_socket.ko
nft_tproxy.ko
nft_xfrm.ko
n_gsm.ko
n_hdlc.ko
nicpf.ko
nicvf.ko
nitro_enclaves.ko
nlmon.ko
nls_cp1250.ko
nls_cp1251.ko
nls_cp1255.ko
nls_cp737.ko
nls_cp775.ko
nls_cp850.ko
nls_cp852.ko
nls_cp855.ko
nls_cp857.ko
nls_cp860.ko
nls_cp861.ko
nls_cp862.ko
nls_cp863.ko
nls_cp864.ko
nls_cp865.ko
nls_cp866.ko
nls_cp869.ko
nls_cp874.ko
nls_cp932.ko
nls_cp936.ko
nls_cp949.ko
nls_cp950.ko
nls_euc-jp.ko
nls_iso8859-13.ko
nls_iso8859-14.ko
nls_iso8859-15.ko
nls_iso8859-1.ko
nls_iso8859-2.ko
nls_iso8859-3.ko
nls_iso8859-4.ko
nls_iso8859-5.ko
nls_iso8859-6.ko
nls_iso8859-7.ko
nls_iso8859-9.ko
nls_koi8-r.ko
nls_koi8-ru.ko
nls_koi8-u.ko
nls_utf8.ko
nouveau.ko
ntc_thermistor.ko
null_blk.ko
nvme-core.ko
nvme-fabrics.ko
nvme-fc.ko
nvme-fcloop.ko
nvme.ko
nvme-loop.ko
nvme-rdma.ko
nvme-tcp.ko
nvmet-fc.ko
nvmet.ko
nvmet-rdma.ko
nvmet-tcp.ko
objagg.ko
ofpart.ko
of_pmem.ko
omninet.ko
openvswitch.ko
opticon.ko
option.ko
oti6858.ko
overlay.ko
p8022.ko
parman.ko
pcbc.ko
pci-hyperv-intf.ko
pci-hyperv.ko
pcrypt.ko
pcs-xpcs.ko
pcwd_pci.ko
pcwd_usb.ko
peak_pci.ko
peak_usb.ko
pegasus.ko
phy-hi6220-usb.ko
phylink.ko
physmap.ko
physmap_of.ko
pi3usb30532.ko
pktcdvd.ko
pl2303.ko
platform_lcd.ko
plusb.ko
plx_pci.ko
pmbus_core.ko
poly1305_generic.ko
powr1220.ko
ppp_async.ko
ppp_deflate.ko
ppp_generic.ko
ppp_mppe.ko
pppoatm.ko
pppoe.ko
pppox.ko
ppp_synctty.ko
pps-gpio.ko
pps-ldisc.ko
pptp.ko
prime_numbers.ko
psample.ko
psnap.ko
pwm_bl.ko
pwm-fan.ko
qcaux.ko
qcom-emac.ko
qcserial.ko
qede.ko
qedf.ko
qedi.ko
qed.ko
qedr.ko
qla2xxx.ko
qla3xxx.ko
qla4xxx.ko
qmi_wwan.ko
qsemi.ko
quatech2.ko
qxl.ko
r592.ko
r8152.ko
r8169.ko
radeon.ko
raid0.ko
raid10.ko
raid1.ko
raid456.ko
raid6_pq.ko
raid6test.ko
raid_class.ko
ramoops.ko
raw_diag.ko
rbd.ko
rdma_cm.ko
rdma_rxe.ko
rdma_ucm.ko
realtek.ko
reed_solomon.ko
rfkill-gpio.ko
rfkill.ko
ring_buffer_benchmark.ko
rmd128.ko
rmd160.ko
rmd256.ko
rmd320.ko
rmi_core.ko
rmi_i2c.ko
rmi_smbus.ko
rmi_spi.ko
rndis_host.ko
rockchip.ko
rpcrdma.ko
rpcsec_gss_krb5.ko
rtc-ab-b5ze-s3.ko
rtc-abx80x.ko
rtc-bq32k.ko
rtc-bq4802.ko
rtc-ds1286.ko
rtc-ds1305.ko
rtc-ds1307.ko
rtc-ds1343.ko
rtc-ds1347.ko
rtc-ds1374.ko
rtc-ds1390.ko
rtc-ds1511.ko
rtc-ds1553.ko
rtc-ds1672.ko
rtc-ds1685.ko
rtc-ds1742.ko
rtc-ds2404.ko
rtc-ds3232.ko
rtc-em3027.ko
rtc-fm3130.ko
rtc-isl12022.ko
rtc-isl1208.ko
rtc-m41t80.ko
rtc-m41t93.ko
rtc-m41t94.ko
rtc-m48t35.ko
rtc-m48t59.ko
rtc-max6900.ko
rtc-max6902.ko
rtc-mcp795.ko
rtc-msm6242.ko
rtc-pcf2123.ko
rtc-pcf2127.ko
rtc-pcf85063.ko
rtc-pcf8523.ko
rtc-pcf8563.ko
rtc-pcf8583.ko
rtc-r9701.ko
rtc-rp5c01.ko
rtc-rs5c348.ko
rtc-rs5c372.ko
rtc-rv3029c2.ko
rtc-rx4581.ko
rtc-rx8010.ko
rtc-rx8025.ko
rtc-rx8581.ko
rtc-stk17ta8.ko
rtc-v3020.ko
rtc-x1205.ko
rtl8150.ko
safe_serial.ko
salsa20_generic.ko
sbsa_gwdt.ko
sch_atm.ko
sch_cbq.ko
sch_cbs.ko
sch_choke.ko
sch_codel.ko
sch_drr.ko
sch_dsmark.ko
sch_ets.ko
sch_fq.ko
sch_gred.ko
sch_hfsc.ko
sch_hhf.ko
sch_htb.ko
sch_ingress.ko
sch_mqprio.ko
sch_mqprio_lib.ko
sch_multiq.ko
sch_netem.ko
sch_pie.ko
sch_plug.ko
sch_prio.ko
sch_qfq.ko
sch_red.ko
sch_sfb.ko
sch_sfq.ko
sch_tbf.ko
sch_teql.ko
scpi-cpufreq.ko
scpi-hwmon.ko
scpi_pm_domain.ko
scsi_debug.ko
scsi_transport_fc.ko
scsi_transport_iscsi.ko
scsi_transport_sas.ko
scsi_transport_spi.ko
scsi_transport_srp.ko
sctp_diag.ko
sctp.ko
sdhci-acpi.ko
sdhci-iproc.ko
sdhci.ko
sdhci-pci.ko
sdhci-pltfm.ko
sdio_uart.ko
seed.ko
seqiv.ko
serio_raw.ko
serpent_generic.ko
ses.ko
sg.ko
sha1-ce.ko
sha256-arm64.ko
sha2-ce.ko
sha3_generic.ko
shtc1.ko
sierra.ko
sierra_net.ko
sisusbvga.ko
sit.ko
siw.ko
sja1000.ko
sja1000_platform.ko
slcan.ko
slhc.ko
slip.ko
smartpqi.ko
smb347-charger.ko
smc91x.ko
smsc75xx.ko
smsc95xx.ko
smsc.ko
softdog.ko
softing.ko
soundcore.ko
sp805_wdt.ko
sparse-keymap.ko
spcp8x5.ko
spi-cadence.ko
spi-dw.ko
spi-dw-mmio.ko
spi_ks8995.ko
spi-pl022.ko
spi-xlp.ko
squashfs.ko
sr9700.ko
sr_mod.ko
sr-thermal.ko
ssd1307fb.ko
ssu100.ko
ste10Xp.ko
st.ko
stmmac.ko
stmmac-platform.ko
stp.ko
sunrpc.ko
symbolserial.ko
synaptics_i2c.ko
synaptics_usb.ko
synclink_gt.ko
synclinkmp.ko
syscopyarea.ko
sysfillrect.ko
sysimgblt.ko
tap.ko
target_core_file.ko
target_core_iblock.ko
target_core_mod.ko
target_core_pscsi.ko
target_core_user.ko
tc74.ko
tcm_loop.ko
tcp_bbr.ko
tcp_bic.ko
tcp_dctcp.ko
tcp_diag.ko
tcp_highspeed.ko
tcp_htcp.ko
tcp_hybla.ko
tcp_illinois.ko
tcp_lp.ko
tcp_nv.ko
tcp_scalable.ko
tcp_vegas.ko
tcp_veno.ko
tcp_westwood.ko
tcp_yeah.ko
tcrypt.ko
tea.ko
team.ko
team_mode_activebackup.ko
team_mode_broadcast.ko
team_mode_loadbalance.ko
team_mode_random.ko
team_mode_roundrobin.ko
tee.ko
teranetics.ko
tg3.ko
tgr192.ko
thunder_bgx.ko
thunderbolt_net.ko
thunderx2_pmu.ko
thunder_xcv.ko
thunderx_edac.ko
thunderx_zip.ko
tifm_core.ko
tifm_ms.ko
tifm_sd.ko
timeriomem-rng.ko
tipc.ko
ti_usb_3410_5052.ko
tls.ko
tmp103.ko
toshsd.ko
tpm_atmel.ko
tpm_tis_spi.ko
tps40422.ko
tps6598x.ko
trusted.ko
ts_bm.ko
ts_fsm.ko
ts_kmp.ko
ttm.ko
tun.ko
tunnel4.ko
tunnel6.ko
twofish_common.ko
twofish_generic.ko
typec_displayport.ko
uas.ko
ubi.ko
ucan.ko
udf.ko
udl.ko
udp_diag.ko
udp_tunnel.ko
ueagle-atm.ko
uhid.ko
uio_aec.ko
uio_cif.ko
uio_hv_generic.ko
uio.ko
uio_pci_generic.ko
uio_pdrv_genirq.ko
uio_sercos3.ko
ulpi.ko
umc.ko
ums-alauda.ko
ums-cypress.ko
ums-datafab.ko
ums-eneub6250.ko
ums-freecom.ko
ums-isd200.ko
ums-jumpshot.ko
ums-karma.ko
ums-onetouch.ko
ums-realtek.ko
ums-sddr09.ko
ums-sddr55.ko
ums-usbat.ko
unix_diag.ko
uPD60620.ko
upd78f0730.ko
usb3503.ko
usb_8dev.ko
usbatm.ko
usb_debug.ko
usblcd.ko
usblp.ko
usbnet.ko
usb-serial-simple.ko
usbsevseg.ko
usb-storage.ko
usbtmc.ko
usb_wwan.ko
ushc.ko
uwb.ko
vcan.ko
vdpa.ko
vdpa_sim_blk.ko
vdpa_sim.ko
vdpa_sim_net.ko
veth.ko
vexpress-hwmon.ko
vfat.ko
vfio_iommu_type1.ko
vfio.ko
vfio-pci.ko
vfio_virqfd.ko
vhost_iotlb.ko
vhost.ko
vhost_net.ko
vhost_vdpa.ko
vhost_vsock.ko
via-sdmmc.ko
video.ko
virtio_balloon.ko
virtio_blk.ko
virtio_console.ko
virtiofs.ko
virtio-gpu.ko
virtio_input.ko
virtio_mmio.ko
virtio_net.ko
virtio_scsi.ko
virtio_vdpa.ko
visor.ko
vitesse.ko
vkms.ko
vmac.ko
vmw_vsock_virtio_transport_common.ko
vmw_vsock_virtio_transport.ko
vport-geneve.ko
vport-gre.ko
vport-vxlan.ko
vp_vdpa.ko
vrf.ko
vringh.ko
vsock_diag.ko
vsock.ko
vsock_loopback.ko
vsockmon.ko
vub300.ko
vxlan.ko
wacom.ko
wdt_pci.ko
whci.ko
whc-rc.ko
whiteheat.ko
wp512.ko
wusb-cbaf.ko
wusbcore.ko
wusb-wa.ko
xcbc.ko
xfrm4_tunnel.ko
xfrm6_tunnel.ko
xfrm_interface.ko
xfrm_ipcomp.ko
xfs.ko
xgene_edac.ko
xgene-enet.ko
xgene-enet-v2.ko
xgene-hwmon.ko
xgene-rng.ko
xilinx_gmii2rgmii.ko
xor.ko
xor-neon.ko
xsens_mt.ko
xsk_diag.ko
xt_addrtype.ko
xt_AUDIT.ko
xt_bpf.ko
xt_cgroup.ko
xt_CHECKSUM.ko
xt_CLASSIFY.ko
xt_cluster.ko
xt_comment.ko
xt_connbytes.ko
xt_connlabel.ko
xt_connlimit.ko
xt_connmark.ko
xt_CONNSECMARK.ko
xt_conntrack.ko
xt_cpu.ko
xt_CT.ko
xt_dccp.ko
xt_devgroup.ko
xt_dscp.ko
xt_DSCP.ko
xt_ecn.ko
xt_esp.ko
xt_hashlimit.ko
xt_helper.ko
xt_hl.ko
xt_HL.ko
xt_HMARK.ko
xt_IDLETIMER.ko
xt_iprange.ko
xt_ipvs.ko
xt_length.ko
xt_limit.ko
xt_LOG.ko
xt_mac.ko
xt_mark.ko
xt_multiport.ko
xt_nat.ko
xt_NETMAP.ko
xt_NFLOG.ko
xt_NFQUEUE.ko
xt_osf.ko
xt_owner.ko
xt_physdev.ko
xt_pkttype.ko
xt_policy.ko
xt_quota.ko
xt_rateest.ko
xt_RATEEST.ko
xt_realm.ko
xt_recent.ko
xt_REDIRECT.ko
xt_sctp.ko
xt_SECMARK.ko
xt_set.ko
xts.ko
xt_socket.ko
xt_state.ko
xt_statistic.ko
xt_string.ko
xt_tcpmss.ko
xt_TCPMSS.ko
xt_TCPOPTSTRIP.ko
xt_TEE.ko
xt_TPROXY.ko
xt_TRACE.ko
xt_u32.ko
xusbatm.ko
zaurus.ko
zram.ko
