8021q.ko
8139cp.ko
8139too.ko
8250_lpss.ko
842_compress.ko
842_decompress.ko
aacraid.ko
abituguru3.ko
abituguru.ko
ac97_bus.ko
acecad.ko
acer-wireless.ko
acer-wmi.ko
acpi-cpufreq.ko
acpi_extlog.ko
acpi_ipmi.ko
acpi_pad.ko
acpiphp_ibm.ko
acpi_power_meter.ko
acpi_tad.ko
acpi_thermal_rel.ko
act_bpf.ko
act_csum.ko
act_ctinfo.ko
act_ct.ko
act_gact.ko
act_mirred.ko
act_mpls.ko
act_pedit.ko
act_police.ko
act_sample.ko
act_skbedit.ko
act_tunnel_key.ko
act_vlan.ko
ad7414.ko
ad7418.ko
adiantum.ko
adm1025.ko
adm1026.ko
adm1029.ko
adm1031.ko
adm1275.ko
adm9240.ko
ads7828.ko
adt7410.ko
adt7411.ko
adt7462.ko
adt7470.ko
adt7475.ko
adt7x10.ko
adutux.ko
aer_inject.ko
ah4.ko
ah6.ko
ahci.ko
ahci_platform.ko
aiptek.ko
aircable.ko
air_en8811h.ko
altera_ps2.ko
altera-stapl.ko
alx.ko
amc6821.ko
amd64_edac.ko
amd_atl.ko
amd_freq_sensitivity.ko
amdgpu.ko
amd_hsmp.ko
amd.ko
amd-pmc.ko
amd-pmf.ko
amd-rng.ko
amd_sfh.ko
amdtee.ko
amdxcp.ko
amd-xgbe.ko
amilo-rfkill.ko
ansi_cprng.ko
apanel.ko
apds9802als.ko
apds990x.ko
apple_bl.ko
appledisplay.ko
apple-gmux.ko
applesmc.ko
appletouch.ko
aquantia.ko
arc_ps2.ko
arc_uart.ko
ark3116.ko
arptable_filter.ko
arp_tables.ko
arpt_mangle.ko
asb100.ko
asc7621.ko
asix.ko
ast.ko
asus_atk0110.ko
asus-laptop.ko
asus-nb-wmi.ko
asus-wmi.ko
async_memcpy.ko
async_pq.ko
async_raid6_recov.ko
async_tx.ko
async_xor.ko
at803x.ko
ata_generic.ko
ata_piix.ko
ath10k_core.ko
ath10k_pci.ko
ath11k.ko
ath11k_pci.ko
ath12k.ko
ath3k.ko
ath9k_common.ko
ath9k_htc.ko
ath9k_hw.ko
ath9k.ko
ath.ko
ati_remote2.ko
atl1c.ko
atl1e.ko
atl1.ko
atl2.ko
atlantic.ko
atlas_btns.ko
atxp1.ko
auth_rpcgss.ko
ax88179_178a.ko
ax88796b.ko
bareudp.ko
bcm203x.ko
bcm5974.ko
bcm7xxx.ko
bcm87xx.ko
bcma.ko
bcm-phy-lib.ko
bcm-phy-ptp.ko
be2iscsi.ko
be2net.ko
belkin_sa.ko
bfusb.ko
bh1770glc.ko
binfmt_misc.ko
blake2b_generic.ko
blocklayoutdriver.ko
blowfish_common.ko
blowfish_generic.ko
blowfish-x86_64.ko
bluetooth.ko
bnep.ko
bnx2fc.ko
bnx2i.ko
bnx2.ko
bnx2x.ko
bnxt_en.ko
bnxt_re.ko
bochs.ko
bonding.ko
bpa10x.ko
brcmfmac-bca.ko
brcmfmac-cyw.ko
brcmfmac.ko
brcmfmac-wcc.ko
brcmsmac.ko
brcmutil.ko
brd.ko
bridge.ko
br_netfilter.ko
broadcom.ko
bsd_comp.ko
btbcm.ko
btcoexist.ko
btintel.ko
btintel_pcie.ko
btmrvl.ko
btmrvl_sdio.ko
btmtk.ko
btrtl.ko
btsdio.ko
btusb.ko
cachefiles.ko
camellia-aesni-avx2.ko
camellia-aesni-avx-x86_64.ko
camellia_generic.ko
camellia-x86_64.ko
can-bcm.ko
can-dev.ko
can-gw.ko
can-isotp.ko
can-j1939.ko
can.ko
can-raw.ko
cast5-avx-x86_64.ko
cast5_generic.ko
cast6-avx-x86_64.ko
cast6_generic.ko
cast_common.ko
catc.ko
cb710.ko
cb710-mmc.ko
ccp-crypto.ko
ccp.ko
cdc-acm.ko
cdc_eem.ko
cdc_ether.ko
cdc_mbim.ko
cdc_ncm.ko
cdc_subset.ko
cdc-wdm.ko
cdrom.ko
cec.ko
ceph.ko
cfg80211.ko
ch341.ko
ch7006.ko
ch9200.ko
chacha20poly1305.ko
chacha_generic.ko
chcr.ko
chipreg.ko
ch_ipsec.ko
ch.ko
ch_ktls.ko
cicada.ko
cifs_arc4.ko
cifs.ko
cifs_md4.ko
cirrus.ko
clk-tps68470.ko
cls_bpf.ko
cls_flower.ko
cls_flow.ko
cls_fw.ko
cls_matchall.ko
cls_u32.ko
cm109.ko
cnic.ko
compal-laptop.ko
cordic.ko
coretemp.ko
cortina.ko
counter.ko
cp210x.ko
cqhci.ko
crc32c-intel.ko
crc32_generic.ko
crc32-pclmul.ko
crc7.ko
crc8.ko
crc-itu-t.ko
crct10dif-pclmul.ko
cs3308.ko
cs42l43.ko
cs42l43-sdw.ko
cs_dsp.ko
csiostor.ko
curve25519-generic.ko
curve25519-x86_64.ko
cuse.ko
cx82310_eth.ko
cxgb4i.ko
cxgb4.ko
cxgb4vf.ko
cxgbit.ko
cxl_acpi.ko
cxl_core.ko
cxl_mem.ko
cxl_pci.ko
cxl_pmem.ko
cxl_pmu.ko
cxl_port.ko
cyapatp.ko
cyberjack.ko
cypress_m8.ko
davicom.ko
dax_cxl.ko
dax_hmem.ko
dax_pmem.ko
dca.ko
dcdbas.ko
dell-laptop.ko
dell-pc.ko
dell-rbtn.ko
dell-smbios.ko
dell-smm-hwmon.ko
dell-smo8800.ko
dell-wmi-aio.ko
dell-wmi-ddv.ko
dell-wmi-descriptor.ko
dell-wmi.ko
dell-wmi-led.ko
dell-wmi-sysman.ko
des3_ede-x86_64.ko
des_generic.ko
device_dax.ko
digi_acceleport.ko
dl2k.ko
dm9601.ko
dm-bio-prison.ko
dm-bufio.ko
dm-cache.ko
dm-cache-smq.ko
dm-crypt.ko
dm-delay.ko
dme1737.ko
dm-era.ko
dm-flakey.ko
dm-historical-service-time.ko
dm-integrity.ko
dm-io-affinity.ko
dm-log.ko
dm-log-userspace.ko
dm-log-writes.ko
dm-mirror.ko
dm-mod.ko
dm-multipath.ko
dm-persistent-data.ko
dm-queue-length.ko
dm-raid.ko
dm-region-hash.ko
dm-round-robin.ko
dm-service-time.ko
dm-snapshot.ko
dm-switch.ko
dm-thin-pool.ko
dm-vdo.ko
dm-verity.ko
dm-writecache.ko
dm-zero.ko
dnet.ko
dns_resolver.ko
dp83640.ko
dp83822.ko
dp83848.ko
dp83867.ko
dp83tc811.ko
dp83tg720.ko
dptf_pch_fivr.ko
dptf_power.ko
drm_buddy.ko
drm_display_helper.ko
drm_exec.ko
drm_gpuvm.ko
drm_suballoc_helper.ko
drm_ttm_helper.ko
drm_vram_helper.ko
ds1621.ko
ds620.ko
dummy.ko
dummy_stm.ko
dw_dmac.ko
dwmac-intel.ko
e1000e.ko
e1000.ko
e752x_edac.ko
ebt_802_3.ko
ebtable_broute.ko
ebtable_filter.ko
ebtable_nat.ko
ebtables.ko
ebt_among.ko
ebt_arp.ko
ebt_arpreply.ko
ebt_dnat.ko
ebt_ip6.ko
ebt_ip.ko
ebt_limit.ko
ebt_log.ko
ebt_mark.ko
ebt_mark_m.ko
ebt_nflog.ko
ebt_pkttype.ko
ebt_redirect.ko
ebt_snat.ko
ebt_stp.ko
ebt_vlan.ko
echainiv.ko
edac_mce_amd.ko
edd.ko
eeepc-laptop.ko
eeepc-wmi.ko
eeprom_93cx6.ko
efa.ko
efi_secret.ko
einj.ko
elan_i2c.ko
elo.ko
emc1403.ko
emc6w201.ko
emi26.ko
emi62.ko
empeg.ko
ems_usb.ko
ena.ko
enclosure.ko
enic.ko
erofs.ko
esp4.ko
esp4_offload.ko
esp6.ko
esp6_offload.ko
essiv.ko
et1011c.ko
ethoc.ko
exfat.ko
ext4.ko
ezusb.ko
f71805f.ko
f71882fg.ko
f75375s.ko
f81534.ko
failover.ko
fakelb.ko
fam15h_power.ko
fat.ko
fcrypt.ko
ff-memless.ko
firmware_attributes_class.ko
fixed.ko
fjes.ko
fm10k.ko
fmpm.ko
fnic.ko
fsa4480.ko
fschmd.ko
ftdi_sio.ko
fujitsu-laptop.ko
fujitsu-tablet.ko
fusb302.ko
fuse.ko
g760a.ko
garmin_gps.ko
garp.ko
genet.ko
geneve.ko
ghash-clmulni-intel.ko
gl518sm.ko
gl520sm.ko
gl620a.ko
gm12u320.ko
gma500_gfx.ko
gnss.ko
gpio-amdpt.ko
gpio-generic.ko
gpio-ich.ko
gpio-ljca.ko
gpio-sim.ko
gpio-tps68470.ko
gpu-sched.ko
grace.ko
gre.ko
gru.ko
gspca_benq.ko
gspca_conex.ko
gspca_cpia1.ko
gspca_etoms.ko
gspca_finepix.ko
gspca_gl860.ko
gspca_jeilinj.ko
gspca_jl2005bcd.ko
gspca_konica.ko
gspca_m5602.ko
gspca_main.ko
gspca_mars.ko
gspca_mr97310a.ko
gspca_nw80x.ko
gspca_ov519.ko
gspca_ov534_9.ko
gspca_ov534.ko
gspca_pac207.ko
gspca_pac7302.ko
gspca_pac7311.ko
gspca_se401.ko
gspca_sn9c2028.ko
gspca_sn9c20x.ko
gspca_sonixb.ko
gspca_sonixj.ko
gspca_spca1528.ko
gspca_spca500.ko
gspca_spca501.ko
gspca_spca505.ko
gspca_spca506.ko
gspca_spca508.ko
gspca_spca561.ko
gspca_sq905c.ko
gspca_sq905.ko
gspca_sq930x.ko
gspca_stk014.ko
gspca_stv0680.ko
gspca_stv06xx.ko
gspca_sunplus.ko
gspca_t613.ko
gspca_topro.ko
gspca_tv8532.ko
gspca_vc032x.ko
gspca_vicam.ko
gspca_xirlink_cit.ko
gspca_zc3xx.ko
gud.ko
gve.ko
hangcheck-timer.ko
hci_uart.ko
hci_vhci.ko
hdaps.ko
hdlc_cisco.ko
hdlc_fr.ko
hdlc.ko
hdlc_ppp.ko
hdlc_raw.ko
hfi1.ko
hi556.ko
hid-a4tech.ko
hid-alps.ko
hid-appleir.ko
hid-apple.ko
hid-asus.ko
hid-aureal.ko
hid-axff.ko
hid-belkin.ko
hid-betopff.ko
hid-cherry.ko
hid-chicony.ko
hid-cmedia.ko
hid-corsair.ko
hid-cougar.ko
hid-cypress.ko
hid-dr.ko
hid-elan.ko
hid-elecom.ko
hid-elo.ko
hid-evision.ko
hid-ezkey.ko
hid-gaff.ko
hid-gembird.ko
hid-gfrm.ko
hid-gt683r.ko
hid-gyration.ko
hid-holtekff.ko
hid-holtek-kbd.ko
hid-holtek-mouse.ko
hid-hyperv.ko
hid-icade.ko
hid-ite.ko
hid-jabra.ko
hid-kensington.ko
hid-keytouch.ko
hid-kye.ko
hid-lcpower.ko
hid-led.ko
hid-lenovo.ko
hid-letsketch.ko
hid-lg-g15.ko
hid-logitech-dj.ko
hid-logitech-hidpp.ko
hid-logitech.ko
hid-microsoft.ko
hid-monterey.ko
hid-multitouch.ko
hid-nti.ko
hid-ortek.ko
hid-penmount.ko
hid-petalynx.ko
hid-picolcd.ko
hidp.ko
hid-plantronics.ko
hid-pl.ko
hid-primax.ko
hid-prodikeys.ko
hid-rmi.ko
hid-roccat-arvo.ko
hid-roccat-common.ko
hid-roccat-isku.ko
hid-roccat.ko
hid-roccat-kone.ko
hid-roccat-koneplus.ko
hid-roccat-konepure.ko
hid-roccat-kovaplus.ko
hid-roccat-lua.ko
hid-roccat-pyra.ko
hid-roccat-ryos.ko
hid-roccat-savu.ko
hid-saitek.ko
hid-samsung.ko
hid-semitek.ko
hid-sensor-accel-3d.ko
hid-sensor-als.ko
hid-sensor-custom.ko
hid-sensor-gyro-3d.ko
hid-sensor-humidity.ko
hid-sensor-iio-common.ko
hid-sensor-incl-3d.ko
hid-sensor-magn-3d.ko
hid-sensor-press.ko
hid-sensor-prox.ko
hid-sensor-rotation.ko
hid-sensor-temperature.ko
hid-sensor-trigger.ko
hid-sigmamicro.ko
hid-sjoy.ko
hid-sony.ko
hid-speedlink.ko
hid-steelseries.ko
hid-sunplus.ko
hid-thrustmaster.ko
hid-tivo.ko
hid-tmff.ko
hid-topseed.ko
hid-twinhan.ko
hid-uclogic.ko
hid-waltop.ko
hid-wiimote.ko
hid-xiaomi.ko
hid-xinmo.ko
hid-zpff.ko
hid-zydacron.ko
hinic.ko
hpilo.ko
hpsa.ko
hpwdt.ko
hso.ko
hsr.ko
huawei_cdc_ncm.ko
hv_balloon.ko
hv_netvsc.ko
hv_sock.ko
hv_storvsc.ko
hv_utils.ko
hv_vmbus.ko
hwmon-vid.ko
hwpoison-inject.ko
hyperv_drm.ko
hyperv-keyboard.ko
i10nm_edac.ko
i2c-algo-bit.ko
i2c-algo-pca.ko
i2c-amd756.ko
i2c-amd756-s4882.ko
i2c-amd8111.ko
i2c-designware-core.ko
i2c-designware-platform.ko
i2c-dev.ko
i2c-diolan-u2c.ko
i2c-hid-acpi.ko
i2c-hid.ko
i2c-i801.ko
i2c-isch.ko
i2c-ismt.ko
i2c-ljca.ko
i2c-mlxcpld.ko
i2c-mux.ko
i2c-mux-mlxcpld.ko
i2c-nforce2.ko
i2c-nforce2-s4985.ko
i2c-parport.ko
i2c-pca-platform.ko
i2c-piix4.ko
i2c-scmi.ko
i2c-simtec.ko
i2c-sis96x.ko
i2c-smbus.ko
i2c-stub.ko
i2c-tiny-usb.ko
i2c-via.ko
i2c-viapro.ko
i3000_edac.ko
i3200_edac.ko
i40e.ko
i5100_edac.ko
i5400_edac.ko
i5500_temp.ko
i5k_amb.ko
i6300esb.ko
i7300_edac.ko
i7core_edac.ko
i82975x_edac.ko
i915.ko
iaa_crypto.ko
iavf.ko
ib700wdt.ko
ib_cm.ko
ib_core.ko
ib_ipoib.ko
ib_iser.ko
ib_isert.ko
ibmaem.ko
ibmasr.ko
ibmpex.ko
ib_srp.ko
ib_srpt.ko
ib_umad.ko
ib_uverbs.ko
ice.ko
icplus.ko
ideapad-laptop.ko
idma64.ko
idmouse.ko
idpf.ko
idxd_bus.ko
idxd.ko
ie31200_edac.ko
ieee802154.ko
ieee802154_socket.ko
ifb.ko
ifcvf.ko
igb.ko
igbvf.ko
igc.ko
igen6_edac.ko
ina209.ko
ina2xx.ko
industrialio-gts-helper.ko
industrialio.ko
industrialio-triggered-buffer.ko
int3400_thermal.ko
int3401_thermal.ko
int3402_thermal.ko
int3403_thermal.ko
int340x_thermal_zone.ko
int51x1.ko
intel-cstate.ko
intel-gtt.ko
intel-hid.ko
intel_ifs.ko
intel_ips.ko
intel-ipu6-isys.ko
intel-ipu6.ko
intel-ish-ipc.ko
intel-ishtp-hid.ko
intel-ishtp.ko
intel-m10-bmc-core.ko
intel-m10-bmc-hwmon.ko
intel-m10-bmc-spi.ko
intel_oaktrail.ko
intel_pch_thermal.ko
intel_pmc_core.ko
intel_pmc_core_pltdrv.ko
intel_powerclamp.ko
intel_qat.ko
intel-qep.ko
intel_rapl_common.ko
intel_rapl_msr.ko
intel_rapl_tpmi.ko
intel-rng.ko
intel-rst.ko
intel_sdsi.ko
intel_skl_int3472_common.ko
intel_skl_int3472_discrete.ko
intel_skl_int3472_tps68470.ko
intel_soc_dts_iosf.ko
intel_tcc_cooling.ko
intel_th_acpi.ko
intel_th_gth.ko
intel_th.ko
intel_th_msu.ko
intel_th_msu_sink.ko
intel_th_pci.ko
intel_th_pti.ko
intel_th_sth.ko
intel_tpmi_power_domains.ko
intel-uncore-frequency-common.ko
intel-uncore-frequency.ko
intel-uncore-frequency-tpmi.ko
intel-uncore.ko
intel-vbtn.ko
intel_vpu.ko
intel_vsec.ko
intel_vsec_tpmi.ko
intel-wmi-thunderbolt.ko
intel-xhci-usb-role-switch.ko
intel-xway.ko
ioatdma.ko
io_edgeport.ko
iommufd.ko
ionic.ko
iosm.ko
io_ti.ko
iowarrior.ko
ip6_gre.ko
ip6table_filter.ko
ip6table_mangle.ko
ip6table_nat.ko
ip6table_raw.ko
ip6table_security.ko
ip6_tables.ko
ip6t_ah.ko
ip6t_eui64.ko
ip6t_frag.ko
ip6t_hbh.ko
ip6t_ipv6header.ko
ip6t_mh.ko
ip6t_NPT.ko
ip6t_REJECT.ko
ip6t_rpfilter.ko
ip6t_rt.ko
ip6_tunnel.ko
ip6_udp_tunnel.ko
ip6_vti.ko
ipaq.ko
ipcomp6.ko
ipcomp.ko
ip_gre.ko
ipheth.ko
ipip.ko
ipmi_devintf.ko
ipmi_msghandler.ko
ipmi_poweroff.ko
ipmi_si.ko
ipmi_ssif.ko
ipmi_watchdog.ko
ip_set_bitmap_ip.ko
ip_set_bitmap_ipmac.ko
ip_set_bitmap_port.ko
ip_set_hash_ip.ko
ip_set_hash_ipmac.ko
ip_set_hash_ipmark.ko
ip_set_hash_ipportip.ko
ip_set_hash_ipport.ko
ip_set_hash_ipportnet.ko
ip_set_hash_mac.ko
ip_set_hash_netiface.ko
ip_set_hash_net.ko
ip_set_hash_netnet.ko
ip_set_hash_netport.ko
ip_set_hash_netportnet.ko
ip_set.ko
ip_set_list_set.ko
iptable_filter.ko
iptable_mangle.ko
iptable_nat.ko
iptable_raw.ko
iptable_security.ko
ip_tables.ko
ipt_ah.ko
ipt_ECN.ko
ipt_REJECT.ko
ipt_rpfilter.ko
ip_tunnel.ko
ipu-bridge.ko
ipvlan.ko
ip_vs_dh.ko
ip_vs_fo.ko
ip_vs_ftp.ko
ip_vs.ko
ip_vs_lblc.ko
ip_vs_lblcr.ko
ip_vs_lc.ko
ip_vs_mh.ko
ip_vs_nq.ko
ip_vs_ovf.ko
ip_vs_pe_sip.ko
ip_vs_rr.ko
ip_vs_sed.ko
ip_vs_sh.ko
ip_vs_wlc.ko
ip_vs_wrr.ko
ipvtap.ko
ip_vti.ko
ipw.ko
irdma.ko
ir-usb.ko
iscsi_boot_sysfs.ko
iscsi_ibft.ko
iscsi_target_mod.ko
iscsi_tcp.ko
ishtp_eclite.ko
isight_firmware.ko
isl29003.ko
isl29020.ko
isofs.ko
isst_if_common.ko
isst_if_mbox_msr.ko
isst_if_mbox_pci.ko
isst_if_mmio.ko
isst_tpmi_core.ko
isst_tpmi.ko
it87.ko
iTCO_vendor_support.ko
iTCO_wdt.ko
iuu_phoenix.ko
ivsc-ace.ko
ivsc-csi.ko
iw_cm.ko
iw_cxgb4.ko
iwldvm.ko
iwlmvm.ko
iwlwifi.ko
ixgbe.ko
ixgbevf.ko
jbd2.ko
jc42.ko
jmb38x_ms.ko
joydev.ko
jsm.ko
k10temp.ko
k8temp.ko
kalmia.ko
kaweth.ko
kbtab.ko
keyspan.ko
keyspan_pda.ko
keyspan_remote.ko
kfifo_buf.ko
kheaders.ko
kl5kusb105.ko
kmem.ko
kobil_sct.ko
kvaser_usb.ko
kvm-amd.ko
kvm-intel.ko
kvm.ko
l2tp_core.ko
l2tp_debugfs.ko
l2tp_eth.ko
l2tp_ip6.ko
l2tp_ip.ko
l2tp_netlink.ko
l2tp_ppp.ko
lan743x.ko
lan78xx.ko
lcd.ko
ldusb.ko
leds-blinkm.ko
leds-lm3530.ko
leds-lp3944.ko
leds-lt3593.ko
leds-mlxcpld.ko
leds-ss4200.ko
ledtrig-backlight.ko
ledtrig-camera.ko
ledtrig-default-on.ko
ledtrig-gpio.ko
ledtrig-heartbeat.ko
ledtrig-netdev.ko
ledtrig-oneshot.ko
ledtrig-timer.ko
ledtrig-transient.ko
ledtrig-usbport.ko
legousbtower.ko
lg-vl600.ko
libahci.ko
libahci_platform.ko
libarc4.ko
libata.ko
libceph.ko
libcurve25519-generic.ko
libcurve25519.ko
libcxgbi.ko
libcxgb.ko
libdes.ko
libeth.ko
libfc.ko
libfcoe.ko
libie.ko
libiscsi.ko
libiscsi_tcp.ko
libnvdimm.ko
libsas.ko
lineage-pem.ko
linear.ko
lis3lv02d_i2c.ko
lis3lv02d.ko
llc.ko
lm25066.ko
lm63.ko
lm73.ko
lm75.ko
lm77.ko
lm78.ko
lm80.ko
lm83.ko
lm85.ko
lm87.ko
lm90.ko
lm92.ko
lm93.ko
lm95234.ko
lm95241.ko
lm95245.ko
lockd.ko
loop.ko
lp855x_bl.ko
lpc_ich.ko
lpc_sch.ko
lpfc.ko
lp.ko
lrw.ko
ltc2978.ko
ltc4151.ko
ltc4215.ko
ltc4245.ko
ltc4261.ko
lxt.ko
lz4_compress.ko
lz4hc_compress.ko
mac80211.ko
mac802154.ko
mac-celtic.ko
mac-centeuro.ko
mac-croatian.ko
mac-cyrillic.ko
mac-gaelic.ko
mac-greek.ko
mac-iceland.ko
mac-inuit.ko
mac-romanian.ko
mac-roman.ko
macsec.ko
mac-turkish.ko
macvlan.ko
macvtap.ko
mana_ib.ko
mana.ko
marvell10g.ko
marvell-88q2xxx.ko
marvell.ko
max16064.ko
max16065.ko
max1619.ko
max1668.ko
max197.ko
max34440.ko
max6639.ko
max6650.ko
max6697.ko
max6875.ko
max8688.ko
mbcache.ko
m_can.ko
m_can_pci.ko
mce-inject.ko
mc.ko
mcp251xfd.ko
mcp251x.ko
mcp3021.ko
mcs7830.ko
mct_u232.ko
md4.ko
mdc800.ko
mdev.ko
mdio-bcm-unimac.ko
mdio-bitbang.ko
mdio-cavium.ko
mdio.ko
mdio-thunder.ko
megaraid_sas.ko
mei-gsc.ko
mei_gsc_proxy.ko
mei.ko
mei-me.ko
mei_pxp.ko
mei-vsc-hw.ko
mei-vsc.ko
mei_wdt.ko
memstick.ko
mgag200.ko
mhi.ko
mhi_net.ko
mhi_pci_generic.ko
mhi_wwan_ctrl.ko
mhi_wwan_mbim.ko
michael_mic.ko
micrel.ko
microchip.ko
microchip_t1.ko
microtek.ko
mii.ko
mip6.ko
mlx5_core.ko
mlx5_dpll.ko
mlx5_ib.ko
mlx5_vdpa.ko
mlx5-vfio-pci.ko
mlxfw.ko
mlx-platform.ko
mlxreg-hotplug.ko
mlxreg-io.ko
mlxsw_core.ko
mlxsw_i2c.ko
mlxsw_minimal.ko
mlxsw_pci.ko
mlxsw_spectrum.ko
mmc_block.ko
mmc_core.ko
mos7720.ko
mos7840.ko
mpi3mr.ko
mpls_iptunnel.ko
mpls_router.ko
mpt3sas.ko
mptbase.ko
mptsas.ko
mptscsih.ko
mptspi.ko
mrp.ko
mscc.ko
msdos.ko
msi-laptop.ko
msi-wmi.ko
mspro_block.ko
mt7601u.ko
mt76-connac-lib.ko
mt76.ko
mt76-usb.ko
mt76x02-lib.ko
mt76x02-usb.ko
mt76x0-common.ko
mt76x0e.ko
mt76x0u.ko
mt76x2-common.ko
mt76x2e.ko
mt76x2u.ko
mt7921-common.ko
mt7921e.ko
mt7925-common.ko
mt7925e.ko
mt792x-lib.ko
mtd_blkdevs.ko
mtdblock.ko
mtd.ko
mtk_t7xx.ko
mwifiex.ko
mwifiex_pcie.ko
mwifiex_sdio.ko
mwifiex_usb.ko
mxl-gpy.ko
mxm-wmi.ko
mxuport.ko
myri10ge.ko
n5pf.ko
national.ko
navman.ko
nbd.ko
nct6775-core.ko
nct6775.ko
nd_e820.ko
nd_pmem.ko
net1080.ko
netconsole.ko
net_failover.ko
netfs.ko
netxen_nic.ko
nf_conncount.ko
nf_conntrack_amanda.ko
nf_conntrack_bridge.ko
nf_conntrack_broadcast.ko
nf_conntrack_ftp.ko
nf_conntrack_h323.ko
nf_conntrack_irc.ko
nf_conntrack.ko
nf_conntrack_netbios_ns.ko
nf_conntrack_netlink.ko
nf_conntrack_pptp.ko
nf_conntrack_sane.ko
nf_conntrack_sip.ko
nf_conntrack_snmp.ko
nf_conntrack_tftp.ko
nf_defrag_ipv4.ko
nf_defrag_ipv6.ko
nf_dup_ipv4.ko
nf_dup_ipv6.ko
nf_dup_netdev.ko
nf_flow_table_inet.ko
nf_flow_table.ko
nfit.ko
nf_log_syslog.ko
nf_nat_amanda.ko
nf_nat_ftp.ko
nf_nat_h323.ko
nf_nat_irc.ko
nf_nat.ko
nf_nat_pptp.ko
nf_nat_sip.ko
nf_nat_snmp_basic.ko
nf_nat_tftp.ko
nfnetlink_cthelper.ko
nfnetlink_cttimeout.ko
nfnetlink_hook.ko
nfnetlink.ko
nfnetlink_log.ko
nfnetlink_osf.ko
nfnetlink_queue.ko
nf_reject_ipv4.ko
nf_reject_ipv6.ko
nfs_acl.ko
nfsd.ko
nfs.ko
nfs_layout_flexfiles.ko
nfs_layout_nfsv41_files.ko
nfs_localio.ko
nf_socket_ipv4.ko
nf_socket_ipv6.ko
nfsv3.ko
nfsv4.ko
nf_synproxy_core.ko
nf_tables.ko
nft_chain_nat.ko
nft_compat.ko
nft_connlimit.ko
nft_ct.ko
nft_dup_ipv4.ko
nft_dup_ipv6.ko
nft_dup_netdev.ko
nft_fib_inet.ko
nft_fib_ipv4.ko
nft_fib_ipv6.ko
nft_fib.ko
nft_fib_netdev.ko
nft_flow_offload.ko
nft_fwd_netdev.ko
nft_hash.ko
nft_limit.ko
nft_log.ko
nft_masq.ko
nft_meta_bridge.ko
nft_nat.ko
nft_numgen.ko
nft_osf.ko
nf_tproxy_ipv4.ko
nf_tproxy_ipv6.ko
nft_queue.ko
nft_quota.ko
nft_redir.ko
nft_reject_bridge.ko
nft_reject_inet.ko
nft_reject_ipv4.ko
nft_reject_ipv6.ko
nft_reject.ko
nft_reject_netdev.ko
nft_socket.ko
nft_synproxy.ko
nft_tproxy.ko
nft_tunnel.ko
nft_xfrm.ko
n_hdlc.ko
nhpoly1305-avx2.ko
nhpoly1305.ko
nhpoly1305-sse2.ko
nitro_enclaves.ko
nlmon.ko
nls_cp1250.ko
nls_cp1251.ko
nls_cp1255.ko
nls_cp737.ko
nls_cp775.ko
nls_cp850.ko
nls_cp852.ko
nls_cp855.ko
nls_cp857.ko
nls_cp860.ko
nls_cp861.ko
nls_cp862.ko
nls_cp863.ko
nls_cp864.ko
nls_cp865.ko
nls_cp866.ko
nls_cp869.ko
nls_cp874.ko
nls_cp932.ko
nls_cp936.ko
nls_cp949.ko
nls_cp950.ko
nls_euc-jp.ko
nls_iso8859-13.ko
nls_iso8859-14.ko
nls_iso8859-15.ko
nls_iso8859-1.ko
nls_iso8859-2.ko
nls_iso8859-3.ko
nls_iso8859-4.ko
nls_iso8859-5.ko
nls_iso8859-6.ko
nls_iso8859-7.ko
nls_iso8859-9.ko
nls_koi8-r.ko
nls_koi8-ru.ko
nls_koi8-u.ko
nls_ucs2_utils.ko
nls_utf8.ko
nouveau.ko
nozomi.ko
ntb_hw_amd.ko
ntb_hw_intel.ko
ntb.ko
ntb_msi_test.ko
ntb_netdev.ko
ntb_perf.ko
ntb_pingpong.ko
ntb_tool.ko
ntb_transport.ko
ntc_thermistor.ko
null_blk.ko
nvidia-wmi-ec-backlight.ko
nvme-auth.ko
nvme-core.ko
nvme-fabrics.ko
nvme-fc.ko
nvme-fcloop.ko
nvme-keyring.ko
nvme.ko
nvme-loop.ko
nvme-rdma.ko
nvme-tcp.ko
nvmet-fc.ko
nvmet.ko
nvmet-rdma.ko
nvmet-tcp.ko
nvsw-sn2201.ko
objagg.ko
octeon_ep.ko
octeon_ep_vf.ko
omninet.ko
opa_vnic.ko
openvswitch.ko
opticon.ko
option.ko
oti6858.ko
ov01a10.ko
ov13858.ko
ov13b10.ko
ov2740.ko
ov5675.ko
ov8856.ko
overlay.ko
p4-clockmod.ko
p8022.ko
padlock-aes.ko
padlock-sha.ko
panasonic-laptop.ko
parman.ko
parport.ko
parport_pc.ko
parport_serial.ko
pc87360.ko
pc87427.ko
pcbc.ko
pcf8591.ko
pci-hyperv-intf.ko
pci-hyperv.ko
pci-pf-stub.ko
pcrypt.ko
pcspkr.ko
pcs_xpcs.ko
peak_pciefd.ko
peak_usb.ko
pegasus.ko
pfr_telemetry.ko
pfr_update.ko
phylink.ko
pi3usb30532.ko
pinctrl-alderlake.ko
pinctrl-broxton.ko
pinctrl-cannonlake.ko
pinctrl-cedarfork.ko
pinctrl-cs42l43.ko
pinctrl-denverton.ko
pinctrl-elkhartlake.ko
pinctrl-emmitsburg.ko
pinctrl-geminilake.ko
pinctrl-icelake.ko
pinctrl-intel-platform.ko
pinctrl-jasperlake.ko
pinctrl-lakefield.ko
pinctrl-lewisburg.ko
pinctrl-meteorlake.ko
pinctrl-meteorpoint.ko
pinctrl-sunrisepoint.ko
pinctrl-tigerlake.ko
pkcs8_key_parser.ko
pktcdvd.ko
pl2303.ko
platform_lcd.ko
platform_profile.ko
plusb.ko
pmbus_core.ko
pmbus.ko
pmt_class.ko
pmt_crashlog.ko
pmt_telemetry.ko
pnd2_edac.ko
poly1305_generic.ko
polynomial.ko
power.ko
powermate.ko
powernow-k8.ko
ppdev.ko
ppp_async.ko
ppp_deflate.ko
ppp_generic.ko
ppp_mppe.ko
pppoe.ko
pppox.ko
ppp_synctty.ko
pps-gpio.ko
pps-ldisc.ko
pps_parport.ko
pptp.ko
prime_numbers.ko
processor_thermal_device.ko
processor_thermal_device_pci.ko
processor_thermal_device_pci_legacy.ko
processor_thermal_mbox.ko
processor_thermal_power_floor.ko
processor_thermal_rapl.ko
processor_thermal_rfim.ko
processor_thermal_wt_hint.ko
processor_thermal_wt_req.ko
psample.ko
psnap.ko
ptdma.ko
ptp_kvm.ko
ptp_vmw.ko
pulse8-cec.ko
pvpanic.ko
pvpanic-mmio.ko
pwc.ko
pwm-lpss.ko
pwm-lpss-pci.ko
pwm-lpss-platform.ko
qat_420xx.ko
qat_4xxx.ko
qat_c3xxx.ko
qat_c3xxxvf.ko
qat_c62x.ko
qat_c62xvf.ko
qat_dh895xcc.ko
qat_dh895xccvf.ko
qca808x.ko
qca83xx.ko
qcaux.ko
qcom-phy-lib.ko
qcserial.ko
qede.ko
qedf.ko
qedi.ko
qed.ko
qedr.ko
qla2xxx.ko
qmi_helpers.ko
qmi_wwan.ko
qrtr.ko
qrtr-mhi.ko
qsemi.ko
quatech2.ko
qxl.ko
r592.ko
r8152.ko
r8153_ecm.ko
r8169.ko
radeon.ko
raid0.ko
raid10.ko
raid1.ko
raid456.ko
raid6_pq.ko
raid6test.ko
raid_class.ko
rainshadow-cec.ko
ramoops.ko
rapl.ko
rbd.ko
rdma_cm.ko
rdma_ucm.ko
rdmavt.ko
realtek.ko
reed_solomon.ko
regmap-i2c.ko
regmap-ram.ko
regmap-raw-ram.ko
regmap-sdw.ko
regmap-sdw-mbq.ko
regmap-spi-avmm.ko
regmap-spi.ko
rfcomm.ko
rfkill.ko
ring_buffer_benchmark.ko
rmd160.ko
rmi_core.ko
rmi_i2c.ko
rmi_smbus.ko
rmi_spi.ko
rndis_host.ko
rockchip.ko
rotary_encoder.ko
rpcrdma.ko
rpcsec_gss_krb5.ko
rpmb-core.ko
rt2800lib.ko
rt2800mmio.ko
rt2800pci.ko
rt2800usb.ko
rt2x00lib.ko
rt2x00mmio.ko
rt2x00pci.ko
rt2x00usb.ko
rtc-bq32k.ko
rtc-ds1286.ko
rtc-ds1307.ko
rtc-ds1374.ko
rtc-ds1511.ko
rtc-ds1553.ko
rtc-ds1672.ko
rtc-ds1742.ko
rtc-ds2404.ko
rtc-ds3232.ko
rtc-em3027.ko
rtc-fm3130.ko
rtc-isl12022.ko
rtc-isl1208.ko
rtc-m41t80.ko
rtc-m48t35.ko
rtc-m48t59.ko
rtc-max6900.ko
rtc-msm6242.ko
rtc-pcf8523.ko
rtc-pcf8563.ko
rtc-pcf8583.ko
rtc-rp5c01.ko
rtc-rs5c372.ko
rtc-rv3029c2.ko
rtc-rv8803.ko
rtc-rx4581.ko
rtc-rx8025.ko
rtc-rx8581.ko
rtc-stk17ta8.ko
rtc-x1205.ko
rtl8150.ko
rtl8188ee.ko
rtl8192c-common.ko
rtl8192ce.ko
rtl8192cu.ko
rtl8192d-common.ko
rtl8192de.ko
rtl8192ee.ko
rtl8192se.ko
rtl8723ae.ko
rtl8723be.ko
rtl8723-common.ko
rtl8821ae.ko
rtl8xxxu.ko
rtl_pci.ko
rtl_usb.ko
rtlwifi.ko
rtsx_pci.ko
rtsx_pci_sdmmc.ko
rtsx_usb.ko
rtsx_usb_ms.ko
rtsx_usb_sdmmc.ko
rtw88_8723de.ko
rtw88_8723d.ko
rtw88_8723x.ko
rtw88_8821ce.ko
rtw88_8821c.ko
rtw88_8822be.ko
rtw88_8822b.ko
rtw88_8822bu.ko
rtw88_8822ce.ko
rtw88_8822c.ko
rtw88_core.ko
rtw88_pci.ko
rtw88_usb.ko
rtw89_8852ae.ko
rtw89_8852a.ko
rtw89_8852b_common.ko
rtw89_8852be.ko
rtw89_8852b.ko
rtw89_8852ce.ko
rtw89_8852c.ko
rtw89_core.ko
rtw89_pci.ko
s2255drv.ko
saa6588.ko
saa6752hs.ko
safe_serial.ko
samsung-laptop.ko
samsung-q10.ko
sb_edac.ko
sbshc.ko
sbs.ko
sch5627.ko
sch5636.ko
sch56xx-common.ko
sch_cake.ko
sch_cbs.ko
sch_etf.ko
sch_ets.ko
sch_fq.ko
sch_gred.ko
sch_hfsc.ko
sch_htb.ko
sch_ingress.ko
sch_mqprio.ko
sch_mqprio_lib.ko
sch_multiq.ko
sch_netem.ko
sch_prio.ko
sch_red.ko
sch_sfq.ko
sch_taprio.ko
sch_tbf.ko
scsi_debug.ko
scsi_proto_test.ko
scsi_transport_fc.ko
scsi_transport_iscsi.ko
scsi_transport_sas.ko
scsi_transport_spi.ko
scsi_transport_srp.ko
sctp_diag.ko
sctp.ko
sdhci-acpi.ko
sdhci.ko
sdhci-pci.ko
sdhci-pltfm.ko
sdio_uart.ko
sd_mod.ko
serial-multi-instantiate.ko
serio_raw.ko
sermouse.ko
serpent-avx2.ko
serpent-avx-x86_64.ko
serpent_generic.ko
serpent-sse2-x86_64.ko
serport.ko
ses.ko
sev-guest.ko
sfc.ko
sfc-siena.ko
sg.ko
sht15.ko
sht21.ko
sierra.ko
sierra_net.ko
sil164.ko
sis5595.ko
sisusbvga.ko
sit.ko
skx_edac_common.ko
skx_edac.ko
slcan.ko
slhc.ko
slip.ko
sm501.ko
smartpqi.ko
smb347-charger.ko
smsc47b397.ko
smsc47m192.ko
smsc47m1.ko
smsc75xx.ko
smsc95xx.ko
smsc.ko
snd-ac97-codec.ko
snd-acp3x-pdm-dma.ko
snd-acp3x-rn.ko
snd-acp63.ko
snd-acp6x-pdm-dma.ko
snd-acp70.ko
snd-acp-config.ko
snd-acp-i2s.ko
snd-acp-legacy-common.ko
snd-acp-legacy-mach.ko
snd-acp-mach.ko
snd-acp-pci.ko
snd-acp-pcm.ko
snd-acp-pdm.ko
snd-acp-rembrandt.ko
snd-acp-renoir.ko
snd-acp-sdw-sof-mach.ko
snd-acp-sof-mach.ko
snd-ad1889.ko
snd-ak4113.ko
snd-ak4114.ko
snd-ak4xxx-adda.ko
snd-ali5451.ko
snd-aloop.ko
snd-amd-sdw-acpi.ko
snd-asihpi.ko
snd-atiixp.ko
snd-atiixp-modem.ko
snd-au8810.ko
snd-au8820.ko
snd-au8830.ko
snd-bcd2000.ko
snd-bt87x.ko
snd-ca0106.ko
snd-cmipci.ko
snd-compress.ko
snd-cs46xx.ko
snd-cs8427.ko
snd-ctl-led.ko
snd-ctxfi.ko
snd-darla20.ko
snd-darla24.ko
snd-dummy.ko
snd-echo3g.ko
snd-emu10k1.ko
snd-emu10k1-synth.ko
snd-emu10k1x.ko
snd-emux-synth.ko
snd-ens1370.ko
snd-ens1371.ko
snd-es1968.ko
snd-gina20.ko
snd-gina24.ko
snd-hda-cirrus-scodec.ko
snd-hda-codec-analog.ko
snd-hda-codec-ca0110.ko
snd-hda-codec-ca0132.ko
snd-hda-codec-cirrus.ko
snd-hda-codec-cmedia.ko
snd-hda-codec-conexant.ko
snd-hda-codec-cs8409.ko
snd-hda-codec-generic.ko
snd-hda-codec-hdmi.ko
snd-hda-codec-idt.ko
snd-hda-codec.ko
snd-hda-codec-realtek.ko
snd-hda-codec-senarytech.ko
snd-hda-codec-si3054.ko
snd-hda-codec-via.ko
snd-hda-core.ko
snd-hda-cs-dsp-ctls.ko
snd-hda-ext-core.ko
snd-hda-intel.ko
snd-hda-scodec-component.ko
snd-hda-scodec-cs35l41-i2c.ko
snd-hda-scodec-cs35l41.ko
snd-hda-scodec-cs35l41-spi.ko
snd-hda-scodec-cs35l56-i2c.ko
snd-hda-scodec-cs35l56.ko
snd-hda-scodec-cs35l56-spi.ko
snd-hda-scodec-tas2781-i2c.ko
snd-hda-scodec-tas2781-spi.ko
snd-hdmi-lpe-audio.ko
snd-hdsp.ko
snd-hdspm.ko
snd-hrtimer.ko
snd-hwdep.ko
snd-i2c.ko
snd-ice1712.ko
snd-ice1724.ko
snd-ice17xx-ak4xxx.ko
snd-indigodj.ko
snd-indigodjx.ko
snd-indigoio.ko
snd-indigoiox.ko
snd-indigo.ko
snd-intel8x0.ko
snd-intel8x0m.ko
snd-intel-dspcfg.ko
snd-intel-sdw-acpi.ko
snd-intel-sst-acpi.ko
snd-intel-sst-core.ko
snd.ko
snd-korg1212.ko
snd-layla20.ko
snd-layla24.ko
snd-lola.ko
snd-lx6464es.ko
snd-maestro3.ko
snd-mia.ko
snd-mixart.ko
snd-mona.ko
snd-mpu401.ko
snd-mpu401-uart.ko
snd-mtpav.ko
snd-opl3-lib.ko
snd-opl3-synth.ko
snd-oxygen.ko
snd-oxygen-lib.ko
snd-pci-acp6x.ko
snd-pci-ps.ko
snd-pcm.ko
snd-pcsp.ko
snd-pcxhr.ko
snd-ps-pdm-dma.ko
snd-ps-sdw-dma.ko
snd-pt2258.ko
snd-rawmidi.ko
snd-rme32.ko
snd-rme9652.ko
snd-rme96.ko
snd-rn-pci-acp3x.ko
snd-rpl-pci-acp6x.ko
snd-seq-device.ko
snd-seq-dummy.ko
snd-seq.ko
snd-seq-midi-emul.ko
snd-seq-midi-event.ko
snd-seq-midi.ko
snd-seq-ump-client.ko
snd-seq-virmidi.ko
snd-soc-acp6x-mach.ko
snd-soc-acpi-amd-match.ko
snd-soc-acpi-intel-match.ko
snd-soc-acpi.ko
snd-soc-avs-da7219.ko
snd-soc-avs-dmic.ko
snd-soc-avs-es8336.ko
snd-soc-avs-hdaudio.ko
snd-soc-avs.ko
snd-soc-avs-max98357a.ko
snd-soc-avs-max98373.ko
snd-soc-avs-max98927.ko
snd-soc-avs-nau8825.ko
snd-soc-avs-probe.ko
snd-soc-avs-rt274.ko
snd-soc-avs-rt286.ko
snd-soc-avs-rt298.ko
snd-soc-avs-rt5514.ko
snd-soc-avs-rt5663.ko
snd-soc-avs-rt5682.ko
snd-soc-avs-ssm4567.ko
snd-soc-bdw-rt286.ko
snd-soc-catpt.ko
snd-soc-core.ko
snd-soc-cs35l41-i2c.ko
snd-soc-cs35l41.ko
snd-soc-cs35l41-lib.ko
snd-soc-cs35l41-spi.ko
snd-soc-cs35l56.ko
snd-soc-cs35l56-sdw.ko
snd-soc-cs35l56-shared.ko
snd-soc-cs35l56-spi.ko
snd-soc-cs42l42-i2c.ko
snd-soc-cs42l42.ko
snd-soc-cs42l42-sdw.ko
snd-soc-cs42l43.ko
snd-soc-cs42l43-sdw.ko
snd-soc-cs-amp-lib.ko
snd-soc-cx2072x.ko
snd-soc-da7213.ko
snd-soc-da7219.ko
snd-soc-dmic.ko
snd-soc-ehl-rt5660.ko
snd-soc-es8316.ko
snd-soc-es8326.ko
snd-soc-es83xx-dsm-common.ko
snd-soc-hdac-hda.ko
snd-soc-hda-codec.ko
snd-soc-hsw-rt5640.ko
snd-soc-intel-hda-dsp-common.ko
snd-soc-intel-sof-board-helpers.ko
snd-soc-intel-sof-cirrus-common.ko
snd-soc-intel-sof-maxim-common.ko
snd-soc-intel-sof-nuvoton-common.ko
snd-soc-intel-sof-realtek-common.ko
snd-soc-max98090.ko
snd-soc-max98357a.ko
snd-soc-max98363.ko
snd-soc-max98373-i2c.ko
snd-soc-max98373.ko
snd-soc-max98373-sdw.ko
snd-soc-max98388.ko
snd-soc-max98390.ko
snd-soc-max98927.ko
snd-soc-nau8315.ko
snd-soc-nau8821.ko
snd-soc-nau8824.ko
snd-soc-nau8825.ko
snd-soc-pcm512x-i2c.ko
snd-soc-pcm512x.ko
snd-soc-ps-mach.ko
snd-soc-rl6231.ko
snd-soc-rl6347a.ko
snd-soc-rt1011.ko
snd-soc-rt1015.ko
snd-soc-rt1015p.ko
snd-soc-rt1019.ko
snd-soc-rt1308.ko
snd-soc-rt1308-sdw.ko
snd-soc-rt1316-sdw.ko
snd-soc-rt1318-sdw.ko
snd-soc-rt1320-sdw.ko
snd-soc-rt274.ko
snd-soc-rt286.ko
snd-soc-rt298.ko
snd-soc-rt5514.ko
snd-soc-rt5640.ko
snd-soc-rt5645.ko
snd-soc-rt5651.ko
snd-soc-rt5660.ko
snd-soc-rt5663.ko
snd-soc-rt5670.ko
snd-soc-rt5677.ko
snd-soc-rt5677-spi.ko
snd-soc-rt5682-i2c.ko
snd-soc-rt5682.ko
snd-soc-rt5682-sdw.ko
snd-soc-rt5682s.ko
snd-soc-rt700.ko
snd-soc-rt711.ko
snd-soc-rt711-sdca.ko
snd-soc-rt712-sdca-dmic.ko
snd-soc-rt712-sdca.ko
snd-soc-rt715.ko
snd-soc-rt715-sdca.ko
snd-soc-rt722-sdca.ko
snd-soc-sdw-utils.ko
snd-soc-skl_hda_dsp.ko
snd-soc-sof_cs42l42.ko
snd-soc-sof_da7219.ko
snd-soc-sof_es8336.ko
snd-soc-sof_nau8825.ko
snd-soc-sof_rt5682.ko
snd-soc-sof-sdw.ko
snd-soc-sof-ssp-amp.ko
snd-soc-ssm4567.ko
snd-soc-sst-atom-hifi2-platform.ko
snd-soc-sst-bdw-rt5650-mach.ko
snd-soc-sst-bdw-rt5677-mach.ko
snd-soc-sst-byt-cht-cx2072x.ko
snd-soc-sst-byt-cht-da7213.ko
snd-soc-sst-byt-cht-es8316.ko
snd-soc-sst-byt-cht-nocodec.ko
snd-soc-sst-bytcr-rt5640.ko
snd-soc-sst-bytcr-rt5651.ko
snd-soc-sst-cht-bsw-max98090_ti.ko
snd-soc-sst-cht-bsw-nau8824.ko
snd-soc-sst-cht-bsw-rt5645.ko
snd-soc-sst-cht-bsw-rt5672.ko
snd-soc-sst-sof-pcm512x.ko
snd-soc-sst-sof-wm8804.ko
snd-soc-tas2781-comlib.ko
snd-soc-tas2781-fmwlib.ko
snd-soc-ts3a227e.ko
snd-soc-wm8804-i2c.ko
snd-soc-wm8804.ko
snd-soc-wm-adsp.ko
snd-sof-acpi-intel-bdw.ko
snd-sof-acpi-intel-byt.ko
snd-sof-acpi.ko
snd-sof-amd-acp63.ko
snd-sof-amd-acp70.ko
snd-sof-amd-acp.ko
snd-sof-amd-rembrandt.ko
snd-sof-amd-renoir.ko
snd-sof-amd-vangogh.ko
snd-sof-intel-atom.ko
snd-sof-intel-hda-common.ko
snd-sof-intel-hda-generic.ko
snd-sof-intel-hda.ko
snd-sof-intel-hda-mlink.ko
snd-sof.ko
snd-sof-pci-intel-apl.ko
snd-sof-pci-intel-cnl.ko
snd-sof-pci-intel-icl.ko
snd-sof-pci-intel-lnl.ko
snd-sof-pci-intel-mtl.ko
snd-sof-pci-intel-ptl.ko
snd-sof-pci-intel-tgl.ko
snd-sof-pci-intel-tng.ko
snd-sof-pci.ko
snd-sof-probes.ko
snd-sof-utils.ko
snd-sof-xtensa-dsp.ko
snd-timer.ko
snd-trident.ko
snd-ua101.ko
snd-ump.ko
snd-usb-6fire.ko
snd-usb-audio.ko
snd-usb-caiaq.ko
snd-usb-hiface.ko
snd-usb-line6.ko
snd-usbmidi-lib.ko
snd-usb-podhd.ko
snd-usb-pod.ko
snd-usb-toneport.ko
snd-usb-us122l.ko
snd-usb-usx2y.ko
snd-usb-variax.ko
snd-util-mem.ko
snd-via82xx.ko
snd-via82xx-modem.ko
snd-virmidi.ko
snd-virtuoso.ko
snd-vx222.ko
snd-vx-lib.ko
snd_xen_front.ko
softdog.ko
sony-laptop.ko
soundcore.ko
soundwire-amd.ko
soundwire-bus.ko
soundwire-cadence.ko
soundwire-generic-allocation.ko
soundwire-intel.ko
sp5100_tco.ko
sparse-keymap.ko
spcp8x5.ko
speakup_acntsa.ko
speakup_apollo.ko
speakup_audptr.ko
speakup_bns.ko
speakup_dectlk.ko
speakup.ko
speakup_ltlk.ko
speakup_soft.ko
speakup_spkout.ko
speakup_txprt.ko
speedstep-lib.ko
spi-cs42l43.ko
spi_ks8995.ko
spi-ljca.ko
spi-pxa2xx-core.ko
spi-pxa2xx-pci.ko
spi-pxa2xx-platform.ko
squashfs.ko
sr_mod.ko
ssu100.ko
ste10Xp.ko
st.ko
stm_console.ko
stm_core.ko
stm_ftrace.ko
stm_heartbeat.ko
stmmac.ko
stm_p_basic.ko
stm_p_sys-t.ko
stp.ko
sunrpc.ko
symbolserial.ko
synaptics_i2c.ko
synaptics_usb.ko
tap.ko
target_core_file.ko
target_core_iblock.ko
target_core_mod.ko
target_core_pscsi.ko
target_core_user.ko
tcm_fc.ko
tcm_loop.ko
tcp_bbr.ko
tcp_bic.ko
tcpci.ko
tcp_dctcp.ko
tcp_htcp.ko
tcp_illinois.ko
tcpm.ko
tcp_nv.ko
tcp_westwood.ko
tcrypt.ko
tdx-guest.ko
tee.ko
teranetics.ko
tg3.ko
think-lmi.ko
thinkpad_acpi.ko
thmc50.ko
thunderbolt_net.ko
tifm_7xx1.ko
tifm_core.ko
tifm_ms.ko
tifm_sd.ko
timeriomem-rng.ko
tipc_diag.ko
tipc.ko
ti_usb_3410_5052.ko
tlclk.ko
tls.ko
tmp102.ko
tmp401.ko
tmp421.ko
topstar-laptop.ko
toshiba_bluetooth.ko
tpm_i2c_nuvoton.ko
tpm_tis_i2c_cr50.ko
tpm_vtpm_proxy.ko
tps6598x.ko
tps68470-regulator.ko
ts_bm.ko
ts_fsm.ko
ts_kmp.ko
tsl2550.ko
tsm.ko
ttm.ko
tun.ko
tunnel4.ko
tunnel6.ko
twofish-avx-x86_64.ko
twofish_common.ko
twofish_generic.ko
twofish-x86_64-3way.ko
twofish-x86_64.ko
typec_displayport.ko
uas.ko
ubi.ko
ublk_drv.ko
ucd9000.ko
ucd9200.ko
udf.ko
udl.ko
udp_tunnel.ko
uhid.ko
uinput.ko
uio_hv_generic.ko
uio.ko
uio_pci_generic.ko
ums-alauda.ko
ums-cypress.ko
ums-datafab.ko
ums-eneub6250.ko
ums-freecom.ko
ums-isd200.ko
ums-jumpshot.ko
ums-karma.ko
ums-onetouch.ko
ums-realtek.ko
ums-sddr09.ko
ums-sddr55.ko
ums-usbat.ko
uPD60620.ko
upd78f0730.ko
usb3503.ko
usb_8dev.ko
usb_debug.ko
usblcd.ko
usb-ljca.ko
usblp.ko
usbnet.ko
usbsevseg.ko
usb-storage.ko
usbtmc.ko
usb_wwan.ko
ushc.ko
uss720.ko
uvc.ko
uvcvideo.ko
uv_mmtimer.ko
uv_sysfs.ko
v4l2-async.ko
v4l2-dv-timings.ko
v4l2-fwnode.ko
vcan.ko
vdpa.ko
vdpa_sim_blk.ko
vdpa_sim.ko
vdpa_sim_net.ko
veth.ko
vfat.ko
vfio_iommu_type1.ko
vfio.ko
vfio-pci-core.ko
vfio-pci.ko
vhost_iotlb.ko
vhost.ko
vhost_net.ko
vhost_vdpa.ko
vhost_vsock.ko
via686a.ko
via-cputemp.ko
via-rng.ko
via-sdmmc.ko
videobuf2-common.ko
videobuf2-dma-contig.ko
videobuf2-memops.ko
videobuf2-v4l2.ko
videobuf2-vmalloc.ko
videodev.ko
video.ko
virtio_balloon.ko
virtio_blk.ko
virtio_console.ko
virtio_dma_buf.ko
virtiofs.ko
virtio-gpu.ko
virtio_input.ko
virtio_mem.ko
virtio_net.ko
virtio_scsi.ko
virtio_snd.ko
virtio_vdpa.ko
visor.ko
vitesse.ko
vkms.ko
vmac.ko
vmw_balloon.ko
vmwgfx.ko
vmw_pvrdma.ko
vmw_pvscsi.ko
vmw_vmci.ko
vmw_vsock_virtio_transport_common.ko
vmw_vsock_virtio_transport.ko
vmw_vsock_vmci_transport.ko
vmxnet3.ko
vport-geneve.ko
vport-gre.ko
vport-vxlan.ko
vp_vdpa.ko
vrf.ko
vringh.ko
vsock_diag.ko
vsock.ko
vsock_loopback.ko
vsockmon.ko
vsxxxaa.ko
vt1211.ko
vt8231.ko
vub300.ko
vx855.ko
vxcan.ko
vxlan.ko
w83627ehf.ko
w83627hf.ko
w83781d.ko
w83791d.ko
w83792d.ko
w83793.ko
w83795.ko
w83l785ts.ko
w83l786ng.ko
wacom_i2c.ko
wacom.ko
wacom_serial4.ko
wacom_w8001.ko
wdat_wdt.ko
whiteheat.ko
wireguard.ko
wireless-hotkey.ko
wmi-bmof.ko
wmi.ko
wp512.ko
x38_edac.ko
x86_pkg_temp_thermal.ko
xcbc.ko
xe.ko
xen-blkfront.ko
xen-evtchn.ko
xen-front-pgdir-shbuf.ko
xenfs.ko
xen-kbdfront.ko
xen-netfront.ko
xen-privcmd.ko
xfrm4_tunnel.ko
xfrm6_tunnel.ko
xfrm_interface.ko
xfrm_ipcomp.ko
xfs.ko
xilinx_gmii2rgmii.ko
xor.ko
xpc.ko
xp.ko
xpnet.ko
xr_serial.ko
xsens_mt.ko
xsk_diag.ko
xt_addrtype.ko
xt_AUDIT.ko
xt_bpf.ko
xt_cgroup.ko
xt_CHECKSUM.ko
xt_CLASSIFY.ko
xt_cluster.ko
xt_comment.ko
xt_connbytes.ko
xt_connlabel.ko
xt_connlimit.ko
xt_connmark.ko
xt_CONNSECMARK.ko
xt_conntrack.ko
xt_cpu.ko
xt_CT.ko
xt_dccp.ko
xt_devgroup.ko
xt_dscp.ko
xt_DSCP.ko
xt_ecn.ko
xt_esp.ko
xt_hashlimit.ko
xt_helper.ko
xt_hl.ko
xt_HL.ko
xt_HMARK.ko
xt_IDLETIMER.ko
xt_iprange.ko
xt_ipvs.ko
xt_length.ko
xt_limit.ko
xt_LOG.ko
xt_mac.ko
xt_mark.ko
xt_MASQUERADE.ko
xt_multiport.ko
xt_nat.ko
xt_NETMAP.ko
xt_NFLOG.ko
xt_NFQUEUE.ko
xt_osf.ko
xt_owner.ko
xt_physdev.ko
xt_pkttype.ko
xt_policy.ko
xt_quota.ko
xt_rateest.ko
xt_RATEEST.ko
xt_realm.ko
xt_recent.ko
xt_REDIRECT.ko
xt_sctp.ko
xt_SECMARK.ko
xt_set.ko
xt_socket.ko
xt_state.ko
xt_statistic.ko
xt_string.ko
xt_tcpmss.ko
xt_TCPMSS.ko
xt_TCPOPTSTRIP.ko
xt_TEE.ko
xt_TPROXY.ko
xt_TRACE.ko
xxhash_generic.ko
yealink.ko
zaurus.ko
zl6100.ko
zram.ko
zstd_compress.ko
zstd.ko
