8250_base.ko
8250_dw.ko
8250_exar.ko
8250_fsl.ko
8250.ko
8250_of.ko
8250_omap.ko
8250_pci1xxxx.ko
8250_pci.ko
8250_pericom.ko
8250_rt288x.ko
8250_tegra.ko
ac.ko
acpi_mdio.ko
aead.ko
aes-arm64.ko
aes-ce-blk.ko
aes-ce-ccm.ko
aes-ce-cipher.ko
aes_generic.ko
aes-neon-blk.ko
af_alg.ko
af_packet_diag.ko
af_packet.ko
ahci.ko
akcipher.ko
algif_aead.ko
algif_hash.ko
algif_rng.ko
algif_skcipher.ko
ambakmi.ko
amba-pl011.ko
arm-ccn.ko
arm_smccc_trng.ko
arm_smmu.ko
arm_smmu_v3.ko
asn1_decoder.ko
asn1_encoder.ko
ata_piix.ko
atkbd.ko
atomic64_test.ko
authencesn.ko
authenc.ko
autofs4.ko
backlight.ko
battery.ko
bfq.ko
binfmt_script.ko
bpf_crypto_skcipher.ko
bsg.ko
button.ko
cbc.ko
ccm.ko
cfbcopyarea.ko
cfbfillrect.ko
cfbimgblt.ko
chacha-neon.ko
clk-hi3519.ko
clk-imx8mm.ko
clk-imx8mn.ko
clk-imx8mp-audiomix.ko
clk-imx8mp.ko
clk-imx8mq.ko
clk-imx8ulp.ko
clk-imx93.ko
clk-max77686.ko
clk-plldig.ko
clk-scmi.ko
clk-vexpress-osc.ko
cls_cgroup.ko
cmac.ko
cn.ko
configfs.ko
cpufreq_conservative.ko
cpufreq_ondemand.ko
cpufreq_performance.ko
cpufreq_powersave.ko
cpufreq_userspace.ko
crc16.ko
crc32c_generic.ko
crc32.ko
crc64.ko
crc64_rocksoft_generic.ko
crc64-rocksoft.ko
crc-ccitt.ko
crct10dif_common.ko
crct10dif_generic.ko
crc-t10dif.ko
crg-hi3516cv300.ko
crg-hi3798cv200.ko
cryptd.ko
crypto_acompress.ko
crypto_algapi.ko
crypto_hash.ko
crypto.ko
cryptomgr.ko
crypto_null.ko
crypto_skcipher.ko
crypto_user.ko
ctr.ko
cts.ko
dax.ko
deflate.ko
dh_generic.ko
digsig.ko
dimlib.ko
dmi-sysfs.ko
drbg.ko
drm_kms_helper.ko
drm.ko
drm_mipi_dsi.ko
drm_panel_orientation_quirks.ko
drm_shmem_helper.ko
drop_monitor.ko
ecb.ko
ecc.ko
ecdh_generic.ko
ecdsa_generic.ko
edac_core.ko
efi-pstore.ko
efivarfs.ko
ehci-hcd.ko
ehci-pci.ko
encrypted-keys.ko
evdev.ko
exportfs.ko
extcon-core.ko
fan.ko
fb_io_fops.ko
fb.ko
fb_sys_fops.ko
firmware_class.ko
fixed.ko
fixed_phy.ko
font.ko
fsl_dpaa_fman.ko
fsl_dpaa_fman_port.ko
fsl_dpaa_mac.ko
fsl_lpuart.ko
fwnode_mdio.ko
gcm.ko
geniv.ko
gf128mul.ko
ghash-generic.ko
ghes_edac.ko
glob.ko
gpio-davinci.ko
gpio-generic.ko
gpio-max77620.ko
gpio-pl061.ko
gpio-regulator.ko
gpio-tegra186.ko
gpio-tegra.ko
hed.ko
hi3660-mailbox.ko
hi6220-mailbox.ko
hid_bpf.ko
hid-generic.ko
hid.ko
hid-magicmouse.ko
hid-ntrig.ko
hisi_uncore_cpa_pmu.ko
hisi_uncore_ddrc_pmu.ko
hisi_uncore_hha_pmu.ko
hisi_uncore_l3c_pmu.ko
hisi_uncore_pa_pmu.ko
hisi_uncore_pmu.ko
hisi_uncore_sllc_pmu.ko
hisi_uncore_uc_pmu.ko
hmac.ko
hwmon.ko
i2c-core.ko
i2c-qup.ko
imx8m-blk-ctrl.ko
imx8mp-blk-ctrl.ko
imx93-blk-ctrl.ko
imx_earlycon.ko
imx.ko
imx-sm-bbm-key.ko
imx-sm-bbm.ko
imx-sm-misc.ko
inet_diag.ko
input-core.ko
input-leds.ko
iova.ko
ipv6.ko
irqbypass.ko
jitterentropy_rng.ko
k3-psil-lib.ko
k3-ringacc.ko
k3-udma-glue.ko
k3-udma.ko
kdf_sp800108.ko
kgdboc.ko
kpp.ko
kvm.ko
kyber-iosched.ko
led-class.ko
libaescfb.ko
libaes.ko
libahci.ko
libata.ko
libchacha20poly1305.ko
libchacha.ko
libcrc32c.ko
libcryptoutils.ko
libphy.ko
libps2.ko
libsha1.ko
libsha256.ko
linear_ranges.ko
lz4_decompress.ko
lzo_compress.ko
lzo_decompress.ko
lzo.ko
lzo-rle.ko
marvell_gti_wdt.ko
max77620-regulator.ko
max77620_wdt.ko
md5.ko
mdio_devres.ko
md-mod.ko
mfd-core.ko
mousedev.ko
mpi.ko
mpls_gso.ko
mptcp_diag.ko
mq-deadline.ko
mxc-clk.ko
netkit.ko
netlink_diag.ko
nls_ascii.ko
nls_base.ko
nls_cp437.ko
n_null.ko
nsh.ko
of_mdio.ko
ohci-hcd.ko
ohci-pci.ko
oid_registry.ko
pcie-tegra194.ko
pci-host-common.ko
pci-host-generic.ko
pci-stub.ko
pcs-lynx.ko
phy-fsl-imx8m-pcie.ko
phylink.ko
phy-tegra194-p2u.ko
phy-xgene.ko
pinctrl-imx8mm.ko
pinctrl-imx8mn.ko
pinctrl-imx8mp.ko
pinctrl-imx8mq.ko
pinctrl-imx8ulp.ko
pinctrl-imx93.ko
pinctrl-imx.ko
pinctrl-max77620.ko
pinctrl-scmi.ko
pkcs7_message.ko
poly1305-neon.ko
pps_core.ko
processor.ko
pstore.ko
ptp.ko
public_key.ko
pwm-omap-dmtimer.ko
pwm-regulator.ko
pwm-tegra.ko
qcom-scm.ko
qcom_tzmem.ko
qemu_fw_cfg.ko
quota_tree.ko
quota_v2.ko
rational.ko
raw_diag.ko
regmap-i2c.ko
regmap-mmio.ko
reset-imx7.ko
reset-imx8mp-audiomix.ko
reset-scmi.ko
rng-core.ko
rng.ko
roles.ko
rsa_generic.ko
rtc-efi.ko
rtc-imx-sm-bbm.ko
rtc-pl031.ko
sch_fq_codel.ko
scmi-core.ko
scmi-module.ko
scmi_perf_domain.ko
scmi_pm_domain.ko
scmi_power_control.ko
scmi-regulator.ko
scmi_transport_mailbox.ko
scmi_transport_smc.ko
scsi_common.ko
scsi_dh_alua.ko
scsi_dh_emc.ko
scsi_dh_hp_sw.ko
scsi_dh_rdac.ko
scsi_mod.ko
sd_mod.ko
selftests.ko
seqiv.ko
serial_base.ko
serial_mctrl_gpio.ko
serial-tegra.ko
serio.ko
sha1_generic.ko
sha256_generic.ko
sha3_generic.ko
sha512_generic.ko
sig.ko
simpledrm.ko
sm-misc.ko
soc-imx8m.ko
spi-amd.ko
spi-fsl-dspi.ko
spi-qup.ko
spi-tegra210-quad.ko
syscopyarea.ko
sysfillrect.ko
sysimgblt.ko
tcp_cubic.ko
tcp_diag.ko
tcp_sigpool.ko
tegra20-apb-dma.ko
tegra-tcu.ko
test-kstrtox.ko
thermal.ko
thunderbolt.ko
ti-cpufreq.ko
ti-msgmgr.ko
ti-opp-supply.ko
ti_sci.ko
ti-sysc.ko
tpm_crb.ko
tpm.ko
tpm_tis_core.ko
tpm_tis_i2c.ko
tpm_tis.ko
tpm_tis_spi.ko
trusted.ko
typec.ko
typec_ucsi.ko
ucs2_string.ko
ucsi_acpi.ko
udp_diag.ko
uhci-hcd.ko
unix_diag.ko
usb-common.ko
usbcore.ko
usbhid.ko
usbmon.ko
usbserial.ko
vexpress-config.ko
virt-dma.ko
virtio-iommu.ko
virtio.ko
virtio_pci.ko
virtio_pci_legacy_dev.ko
virtio_pci_modern_dev.ko
virtio_ring.ko
virtio-rng.ko
vivaldi-fmap.ko
vmgenid.ko
watchdog.ko
wwan.ko
wwnr.ko
x509_key_parser.ko
x509_selftest.ko
xfrm_algo.ko
xfrm_user.ko
xhci-hcd.ko
xhci-pci.ko
xhci-pci-renesas.ko
xhci-plat-hcd.ko
x_tables.ko
xts.ko
xt_tcpudp.ko
xxhash.ko
xz_dec.ko
zbud.ko
zlib_deflate.ko
zlib_inflate.ko
zsmalloc.ko
zstd_common.ko
zstd_decompress.ko
