amd-uncore.ko
msr.ko
cpuid.ko
chacha-x86_64.ko
aesni-intel.ko
sha1-ssse3.ko
sha256-ssse3.ko
sha512-ssse3.ko
libblake2s-x86_64.ko
poly1305-x86_64.ko
iosf_mbi.ko
wwnr.ko
watch_queue.ko
zswap.ko
zpool.ko
zbud.ko
zsmalloc.ko
binfmt_script.ko
binfmt_elf.ko
compat_binfmt_elf.ko
nfs_ssc.ko
quota_v2.ko
quota_tree.ko
configfs.ko
exportfs.ko
nls_base.ko
nls_cp437.ko
nls_ascii.ko
autofs4.ko
pstore.ko
efivarfs.ko
trusted.ko
encrypted-keys.ko
crypto.ko
crypto_algapi.ko
aead.ko
geniv.ko
skcipher.ko
seqiv.ko
crypto_hash.ko
akcipher.ko
kpp.ko
dh_generic.ko
rsa_generic.ko
ecdsa_generic.ko
crypto_acompress.ko
cryptomgr.ko
crypto_user.ko
cmac.ko
hmac.ko
crypto_null.ko
md5.ko
sha1_generic.ko
sha256_generic.ko
sha512_generic.ko
sha3_generic.ko
gf128mul.ko
ecb.ko
cbc.ko
cfb.ko
cts.ko
xts.ko
ctr.ko
gcm.ko
ccm.ko
cryptd.ko
aes_generic.ko
deflate.ko
crc32c_generic.ko
crct10dif_common.ko
crct10dif_generic.ko
crc64_rocksoft_generic.ko
authenc.ko
authencesn.ko
lzo.ko
lzo-rle.ko
rng.ko
drbg.ko
jitterentropy_rng.ko
ghash-generic.ko
af_alg.ko
algif_hash.ko
algif_skcipher.ko
algif_rng.ko
algif_aead.ko
ofb.ko
ecc.ko
ecdh_generic.ko
xor.ko
asymmetric_keys.ko
public_key.ko
x509_key_parser.ko
pkcs7_message.ko
crypto_simd.ko
bsg.ko
mq-deadline.ko
kyber-iosched.ko
bfq.ko
test-kstrtox.ko
rational.ko
libchacha.ko
libaes.ko
libblake2s.ko
libchacha20poly1305.ko
libpoly1305.ko
libsha256.ko
btree.ko
bitrev.ko
crc-ccitt.ko
crc16.ko
crc-t10dif.ko
crc32.ko
crc64.ko
crc64-rocksoft.ko
xxhash.ko
zlib_inflate.ko
zlib_deflate.ko
lzo_compress.ko
lzo_decompress.ko
lz4_decompress.ko
zstd_decompress.ko
xz_dec.ko
atomic64_test.ko
glob.ko
mpi.ko
digsig.ko
asn1_decoder.ko
asn1_encoder.ko
font.ko
oid_registry.ko
ucs2_string.ko
pldmfw.ko
pinctrl-intel.ko
pci-stub.ko
vmd.ko
vgacon.ko
backlight.ko
fb.ko
cfbfillrect.ko
cfbcopyarea.ko
cfbimgblt.ko
vesafb.ko
ac.ko
button.ko
fan.ko
processor.ko
thermal.ko
battery.ko
hed.ko
virt-dma.ko
dw_dmac_core.ko
dw_dmac_pci.ko
hsu_dma.ko
virtio.ko
virtio_ring.ko
virtio_pci_modern_dev.ko
virtio_pci_legacy_dev.ko
virtio_pci.ko
xenbus.ko
xenbus_probe_frontend.ko
n_null.ko
serial_core.ko
8250.ko
8250_base.ko
8250_pci.ko
8250_exar.ko
8250_dw.ko
8250_mid.ko
serial_mctrl_gpio.ko
nvram.ko
rng-core.ko
virtio-rng.ko
tpm.ko
tpm_tis_core.ko
tpm_tis.ko
tpm_tis_spi.ko
tpm_crb.ko
iova.ko
virtio-iommu.ko
drm_panel_orientation_quirks.ko
drm_mipi_dsi.ko
cn.ko
firmware_class.ko
mfd-core.ko
dax.ko
system_heap.ko
udmabuf.ko
scsi_mod.ko
scsi_common.ko
scsi_dh_rdac.ko
scsi_dh_hp_sw.ko
scsi_dh_emc.ko
scsi_dh_alua.ko
spi-amd.ko
mdio_devres.ko
libphy.ko
fixed_phy.ko
acpi_mdio.ko
fwnode_mdio.ko
wwan.ko
pcmcia_core.ko
pcmcia_rsrc.ko
usb-common.ko
usbcore.ko
usbmon.ko
ehci-hcd.ko
ehci-pci.ko
ohci-hcd.ko
ohci-pci.ko
xhci-hcd.ko
xhci-pci.ko
usbserial.ko
typec.ko
typec_ucsi.ko
ucsi_acpi.ko
roles.ko
serio.ko
i8042.ko
libps2.ko
input-core.ko
vivaldi-fmap.ko
input-leds.ko
mousedev.ko
evdev.ko
atkbd.ko
psmouse.ko
rtc-cmos.ko
i2c-core.ko
pps_core.ko
ptp.ko
power_supply.ko
hwmon.ko
watchdog.ko
md-mod.ko
edac_core.ko
ghes_edac.ko
freq_table.ko
cpufreq_performance.ko
cpufreq_powersave.ko
cpufreq_userspace.ko
cpufreq_ondemand.ko
cpufreq_conservative.ko
cpuidle-haltpoll.ko
led-class.ko
dmi-sysfs.ko
qemu_fw_cfg.ko
efivars.ko
efi-pstore.ko
hid_bpf.ko
hid.ko
hid-generic.ko
hid-magicmouse.ko
hid-ntrig.ko
hid-sensor-hub.ko
usbhid.ko
hwspinlock_core.ko
powercap_sys.ko
thunderbolt.ko
nvmem_core.ko
drop_monitor.ko
selftests.ko
sch_fq_codel.ko
cls_cgroup.ko
netlink_diag.ko
x_tables.ko
xt_tcpudp.ko
inet_diag.ko
tcp_diag.ko
udp_diag.ko
raw_diag.ko
tcp_cubic.ko
xfrm_algo.ko
xfrm_user.ko
unix.ko
unix_diag.ko
ipv6.ko
af_packet.ko
af_packet_diag.ko
mpls_gso.ko
nsh.ko
mptcp_diag.ko
fbdev.ko
