8250_base.ko
8250_dw.ko
8250_exar.ko
8250.ko
8250_lpss.ko
8250_mid.ko
8250_pci.ko
ac.ko
aead.ko
aes_generic.ko
aesni-intel.ko
aes-x86_64.ko
af_alg.ko
af_packet.ko
akcipher.ko
algif_aead.ko
algif_hash.ko
algif_rng.ko
algif_skcipher.ko
asn1_decoder.ko
atkbd.ko
atomic64_test.ko
autofs4.ko
backlight.ko
battery.ko
bfq.ko
binfmt_script.ko
bitrev.ko
button.ko
cavium_ptp.ko
cbc.ko
cec.ko
cfbcopyarea.ko
cfbfillrect.ko
cfbimgblt.ko
cfb.ko
cls_cgroup.ko
cn.ko
configfs.ko
cpufreq_conservative.ko
cpufreq_ondemand.ko
cpufreq_performance.ko
cpufreq_powersave.ko
cpufreq_userspace.ko
cpuid.ko
crc16.ko
crc32c_generic.ko
crc32.ko
crc-ccitt.ko
crct10dif_common.ko
crct10dif_generic.ko
crc-t10dif.ko
cryptd.ko
crypto_acompress.ko
crypto_algapi.ko
crypto_blkcipher.ko
crypto_hash.ko
crypto.ko
cryptomgr.ko
crypto_null.ko
crypto_simd.ko
crypto_wq.ko
ctr.ko
dax.ko
deflate.ko
digsig.ko
dmi-sysfs.ko
drbg.ko
drm_panel_orientation_quirks.ko
drop_monitor.ko
dw_dmac_core.ko
dw_dmac_pci.ko
ecb.ko
edac_core.ko
efi-pstore.ko
efivarfs.ko
efivars.ko
ehci-hcd.ko
ehci-pci.ko
encrypted-keys.ko
evdev.ko
exportfs.ko
fan.ko
fbdev.ko
fb.ko
firmware_class.ko
fixed_phy.ko
font.ko
gcm.ko
gf128mul.ko
ghash-generic.ko
glue_helper.ko
hed.ko
hid-generic.ko
hid.ko
hid-magicmouse.ko
hid-ntrig.ko
hid-sensor-hub.ko
hmac.ko
hsu_dma.ko
hwmon.ko
i2c-core.ko
i8042.ko
inet6_hashtables.ko
input-core.ko
input-leds.ko
intel-lpss-acpi.ko
intel-lpss.ko
intel-lpss-pci.ko
intel-xhci-usb-role-switch.ko
iosf_mbi.ko
iova.ko
ipv6.ko
jitterentropy_rng.ko
kgdboc.ko
kpp.ko
kyber-iosched.ko
led-class.ko
libphy.ko
libps2.ko
lz4_decompress.ko
lzo_compress.ko
lzo_decompress.ko
lzo.ko
mac_hid.ko
md5.ko
md-mod.ko
mfd-core.ko
mousedev.ko
mpi.ko
mpls_gso.ko
mq-deadline.ko
msr.ko
netlabel_calipso.ko
nls_ascii.ko
nls_base.ko
nls_cp437.ko
nsh.ko
nvram.ko
of_touchscreen.ko
ohci-hcd.ko
ohci-pci.ko
oid_registry.ko
pci-stub.ko
pcmcia_core.ko
pcmcia_rsrc.ko
pkcs7_message.ko
pps_core.ko
processor.ko
psmouse.ko
pstore.ko
ptp.ko
public_key.ko
pvpanic.ko
qemu_fw_cfg.ko
quota_tree.ko
quota_v2.ko
raw.ko
regmap-i2c.ko
regmap-spi.ko
rng-core.ko
rng.ko
roles.ko
rsa_generic.ko
rtc-cmos.ko
sch_fq_codel.ko
scsi_dh_alua.ko
scsi_dh_emc.ko
scsi_dh_hp_sw.ko
scsi_dh_rdac.ko
scsi_mod.ko
seqiv.ko
serial_core.ko
serio.ko
serport.ko
sha1_generic.ko
sha1-ssse3.ko
sha256_generic.ko
sha256-ssse3.ko
tcpci.ko
tcpci_rt1711h.ko
tcp_cubic.ko
tcpm.ko
test-kstrtox.ko
thermal.ko
thermal_sys.ko
thunderbolt.ko
tpm_crb.ko
tpm.ko
tpm_tis_core.ko
tpm_tis.ko
trusted.ko
typec_displayport.ko
typec.ko
typec_ucsi.ko
ucs2_string.ko
ucsi_acpi.ko
uhci-hcd.ko
unix.ko
usb-common.ko
usbcore.ko
usbhid.ko
usbmon.ko
usbserial.ko
virt-dma.ko
virtio.ko
virtio_pci.ko
virtio_ring.ko
virtio-rng.ko
vmd.ko
x509_key_parser.ko
xenbus_probe_frontend.ko
xfrm_algo.ko
xfrm_user.ko
xhci-hcd.ko
xhci-pci.ko
x_tables.ko
xt_tcpudp.ko
xz_dec.ko
zbud.ko
zlib_deflate.ko
zlib_inflate.ko
zpool.ko
zsmalloc.ko
