8250_base.ko
8250_exar.ko
8250.ko
8250_pci.ko
842_decompress.ko
aead.ko
aes_generic.ko
af_alg.ko
af_packet.ko
akcipher.ko
algif_aead.ko
algif_hash.ko
algif_rng.ko
algif_skcipher.ko
asn1_decoder.ko
atkbd.ko
atomic64_test.ko
autofs4.ko
backlight.ko
bfq.ko
binfmt_script.ko
bitrev.ko
cavium_ptp.ko
cbc.ko
cec.ko
cfbcopyarea.ko
cfbfillrect.ko
cfbimgblt.ko
cfb.ko
cls_cgroup.ko
cmm.ko
cn.ko
configfs.ko
cpufreq_conservative.ko
cpufreq_ondemand.ko
cpufreq_performance.ko
cpufreq_powersave.ko
cpufreq_userspace.ko
crc16.ko
crc32c_generic.ko
crc32.ko
crc-ccitt.ko
crct10dif_common.ko
crct10dif_generic.ko
crc-t10dif.ko
cryptd.ko
crypto_acompress.ko
crypto_algapi.ko
crypto_blkcipher.ko
crypto_hash.ko
crypto.ko
cryptomgr.ko
crypto_null.ko
crypto_wq.ko
ctr.ko
dax.ko
deflate.ko
digsig.ko
drbg.ko
drop_monitor.ko
ecb.ko
edac_core.ko
ehci-hcd.ko
ehci-pci.ko
encrypted-keys.ko
evdev.ko
exportfs.ko
fb.ko
firmware_class.ko
fixed_phy.ko
font.ko
g450_pll.ko
gcm.ko
gf128mul.ko
ghash-generic.ko
gxt4500.ko
hid-generic.ko
hid.ko
hid-magicmouse.ko
hid-ntrig.ko
hmac.ko
hwmon.ko
i2c-core.ko
i2c-opal.ko
i8042.ko
inet6_hashtables.ko
input-core.ko
input-leds.ko
ipv6.ko
irqbypass.ko
jitterentropy_rng.ko
kgdboc.ko
kpp.ko
kyber-iosched.ko
led-class.ko
libphy.ko
libps2.ko
lz4_decompress.ko
lzo_compress.ko
lzo_decompress.ko
lzo.ko
mac_hid.ko
macmodes.ko
matroxfb_accel.ko
matroxfb_base.ko
matroxfb_crtc2.ko
matroxfb_DAC1064.ko
matroxfb_g450.ko
matroxfb_misc.ko
matroxfb_Ti3026.ko
md5.ko
md-mod.ko
mousedev.ko
mpi.ko
mpls_gso.ko
mq-deadline.ko
netlabel_calipso.ko
nls_ascii.ko
nls_base.ko
nls_cp437.ko
nsh.ko
nx-compress.ko
nx-compress-powernv.ko
nx-compress-pseries.ko
of_mdio.ko
of_touchscreen.ko
ohci-hcd.ko
ohci-pci.ko
oid_registry.ko
pci-stub.ko
pcmcia_core.ko
pcmcia_rsrc.ko
pkcs7_message.ko
pnv-php.ko
powernv-cpufreq.ko
pps_core.ko
psmouse.ko
pstore.ko
ptp.ko
public_key.ko
quota_tree.ko
quota_v2.ko
raw.ko
regmap-i2c.ko
rng-core.ko
rng.ko
roles.ko
rsa_generic.ko
rtas_flash.ko
rtc-cmos.ko
rtc_cmos_setup.ko
rtc-generic.ko
rtc-opal.ko
scanlog.ko
sch_fq_codel.ko
scsi_dh_alua.ko
scsi_dh_emc.ko
scsi_dh_hp_sw.ko
scsi_dh_rdac.ko
scsi_mod.ko
seqiv.ko
serial_core.ko
serio.ko
serport.ko
sha1_generic.ko
sha256_generic.ko
tcpci.ko
tcpci_rt1711h.ko
tcp_cubic.ko
tcpm.ko
test-kstrtox.ko
thermal_sys.ko
tpm_i2c_atmel.ko
tpm_i2c_infineon.ko
tpm_i2c_nuvoton.ko
tpm_ibmvtpm.ko
tpm.ko
tpm_tis_core.ko
tpm_tis.ko
trusted.ko
typec_displayport.ko
typec.ko
typec_ucsi.ko
uhci-hcd.ko
unix.ko
usb-common.ko
usbcore.ko
usbhid.ko
usbmon.ko
usbserial.ko
virtio.ko
virtio_pci.ko
virtio_ring.ko
virtio-rng.ko
x509_key_parser.ko
xfrm_algo.ko
xfrm_user.ko
xhci-hcd.ko
xhci-pci.ko
x_tables.ko
xt_tcpudp.ko
xz_dec.ko
zbud.ko
zlib_deflate.ko
zlib_inflate.ko
zpool.ko
zsmalloc.ko
