8250_base.ko
8250_dw.ko
8250_exar.ko
8250.ko
8250_mid.ko
8250_pci1xxxx.ko
8250_pci.ko
8250_pericom.ko
ac.ko
acpi_mdio.ko
aead.ko
aes_generic.ko
aesni-intel.ko
af_alg.ko
af_packet_diag.ko
af_packet.ko
akcipher.ko
algif_aead.ko
algif_hash.ko
algif_rng.ko
algif_skcipher.ko
amd-uncore.ko
asn1_decoder.ko
asn1_encoder.ko
asymmetric_keys.ko
atkbd.ko
atomic64_test.ko
authencesn.ko
authenc.ko
autofs4.ko
backlight.ko
battery.ko
bfq.ko
binfmt_elf.ko
binfmt_script.ko
bitrev.ko
bsg.ko
btree.ko
button.ko
cbc.ko
ccm.ko
cfbcopyarea.ko
cfbfillrect.ko
cfbimgblt.ko
cfb.ko
chacha-x86_64.ko
cls_cgroup.ko
cmac.ko
cn.ko
compat_binfmt_elf.ko
configfs.ko
cpufreq_conservative.ko
cpufreq_ondemand.ko
cpufreq_performance.ko
cpufreq_powersave.ko
cpufreq_userspace.ko
cpuid.ko
cpuidle-haltpoll.ko
crc16.ko
crc32c_generic.ko
crc32.ko
crc64.ko
crc64_rocksoft_generic.ko
crc64-rocksoft.ko
crc-ccitt.ko
crct10dif_common.ko
crct10dif_generic.ko
crc-t10dif.ko
cryptd.ko
crypto_acompress.ko
crypto_algapi.ko
crypto_hash.ko
crypto.ko
cryptomgr.ko
crypto_null.ko
crypto_simd.ko
crypto_user.ko
ctr.ko
cts.ko
dax.ko
deflate.ko
dh_generic.ko
digsig.ko
dmi-sysfs.ko
drbg.ko
drm_mipi_dsi.ko
drm_panel_orientation_quirks.ko
drop_monitor.ko
dw_dmac_core.ko
dw_dmac_pci.ko
ecb.ko
ecc.ko
ecdh_generic.ko
ecdsa_generic.ko
edac_core.ko
efi-pstore.ko
efivarfs.ko
efivars.ko
ehci-hcd.ko
ehci-pci.ko
encrypted-keys.ko
evdev.ko
exportfs.ko
fan.ko
fbdev.ko
fb_io_fops.ko
fb.ko
fb_sys_fops.ko
firmware_class.ko
fixed_phy.ko
font.ko
fwnode_mdio.ko
gcm.ko
geniv.ko
gf128mul.ko
ghash-generic.ko
ghes_edac.ko
glob.ko
hed.ko
hid_bpf.ko
hid-generic.ko
hid.ko
hid-magicmouse.ko
hid-ntrig.ko
hid-sensor-hub.ko
hmac.ko
hsu_dma.ko
hwmon.ko
hwspinlock_core.ko
i2c-core.ko
i8042.ko
inet_diag.ko
input-core.ko
input-leds.ko
iosf_mbi.ko
iova.ko
ipv6.ko
irqbypass.ko
jitterentropy_rng.ko
kgdboc.ko
kpp.ko
kyber-iosched.ko
led-class.ko
libaes.ko
libblake2s.ko
libchacha20poly1305.ko
libchacha.ko
libphy.ko
libpoly1305.ko
libps2.ko
libsha256.ko
lz4_decompress.ko
lzo_compress.ko
lzo_decompress.ko
lzo.ko
lzo-rle.ko
md5.ko
mdio_devres.ko
md-mod.ko
mfd-core.ko
mousedev.ko
mpi.ko
mpls_gso.ko
mptcp_diag.ko
mq-deadline.ko
msr.ko
netlink_diag.ko
nfs_ssc.ko
nls_ascii.ko
nls_base.ko
nls_cp437.ko
n_null.ko
nsh.ko
nvmem_core.ko
nvram.ko
ofb.ko
ohci-hcd.ko
ohci-pci.ko
oid_registry.ko
pci-stub.ko
pcmcia_core.ko
pcmcia_rsrc.ko
pinctrl-intel.ko
pkcs7_message.ko
pldmfw.ko
poly1305-x86_64.ko
powercap_sys.ko
power_supply.ko
pps_core.ko
processor.ko
psmouse.ko
pstore.ko
ptp.ko
public_key.ko
qemu_fw_cfg.ko
quota_tree.ko
quota_v2.ko
rational.ko
raw_diag.ko
rng-core.ko
rng.ko
roles.ko
rsa_generic.ko
rtc-cmos.ko
sch_fq_codel.ko
scsi_common.ko
scsi_dh_alua.ko
scsi_dh_emc.ko
scsi_dh_hp_sw.ko
scsi_dh_rdac.ko
scsi_mod.ko
selftests.ko
seqiv.ko
serial_base.ko
serial_mctrl_gpio.ko
serio.ko
sha1_generic.ko
sha1-ssse3.ko
sha256_generic.ko
sha256-ssse3.ko
sha3_generic.ko
sha512_generic.ko
sha512-ssse3.ko
skcipher.ko
spi-amd.ko
syscopyarea.ko
sysfillrect.ko
sysimgblt.ko
t10-pi.ko
tcp_cubic.ko
tcp_diag.ko
test-kstrtox.ko
thermal.ko
thunderbolt.ko
tpm_crb.ko
tpm.ko
tpm_tis_core.ko
tpm_tis.ko
tpm_tis_spi.ko
trusted.ko
typec.ko
typec_ucsi.ko
ucs2_string.ko
ucsi_acpi.ko
udp_diag.ko
uhci-hcd.ko
unix_diag.ko
unix.ko
usb-common.ko
usbcore.ko
usbhid.ko
usbmon.ko
usbserial.ko
vesafb.ko
vgacon.ko
virt-dma.ko
virtio-iommu.ko
virtio.ko
virtio_pci.ko
virtio_pci_legacy_dev.ko
virtio_pci_modern_dev.ko
virtio_ring.ko
virtio-rng.ko
vivaldi-fmap.ko
vmd.ko
watchdog.ko
watch_queue.ko
wwan.ko
wwnr.ko
x509_key_parser.ko
xenbus.ko
xenbus_probe_frontend.ko
xfrm_algo.ko
xfrm_user.ko
xhci-hcd.ko
xhci-pci.ko
xor.ko
x_tables.ko
xts.ko
xt_tcpudp.ko
xxhash.ko
xz_dec.ko
zbud.ko
zlib_deflate.ko
zlib_inflate.ko
zsmalloc.ko
zstd_decompress.ko
