8250_base.ko
8250_exar.ko
8250_fsl.ko
8250.ko
8250_pci1xxxx.ko
8250_pci.ko
8250_pericom.ko
842_decompress.ko
aead.ko
aes-gcm-p10-crypto.ko
aes_generic.ko
af_alg.ko
af_packet_diag.ko
af_packet.ko
akcipher.ko
algif_aead.ko
algif_hash.ko
algif_rng.ko
algif_skcipher.ko
asn1_decoder.ko
asn1_encoder.ko
asymmetric_keys.ko
atomic64_test.ko
authencesn.ko
authenc.ko
autofs4.ko
backlight.ko
bfq.ko
binfmt_elf.ko
binfmt_script.ko
bitrev.ko
bsg.ko
btree.ko
cbc.ko
ccm.ko
cfbcopyarea.ko
cfbfillrect.ko
cfbimgblt.ko
cfb.ko
cls_cgroup.ko
cmac.ko
cmm.ko
cn.ko
configfs.ko
cpufreq_conservative.ko
cpufreq_ondemand.ko
cpufreq_performance.ko
cpufreq_powersave.ko
cpufreq_userspace.ko
crc16.ko
crc32c_generic.ko
crc32.ko
crc64.ko
crc64_rocksoft_generic.ko
crc64-rocksoft.ko
crc-ccitt.ko
crct10dif_common.ko
crct10dif_generic.ko
crc-t10dif.ko
cryptd.ko
crypto_acompress.ko
crypto_algapi.ko
crypto_hash.ko
crypto.ko
cryptomgr.ko
crypto_null.ko
crypto_user.ko
ctr.ko
cts.ko
dax.ko
deflate.ko
dh_generic.ko
digsig.ko
drbg.ko
drop_monitor.ko
ecb.ko
ecc.ko
ecdh_generic.ko
ecdsa_generic.ko
edac_core.ko
ehci-hcd.ko
ehci-pci.ko
encrypted-keys.ko
evdev.ko
exportfs.ko
fb_io_fops.ko
fb.ko
fb_sys_fops.ko
firmware_class.ko
fixed_phy.ko
font.ko
fwnode_mdio.ko
g450_pll.ko
gcm.ko
geniv.ko
gf128mul.ko
ghash-generic.ko
glob.ko
gpio-poweroff.ko
gxt4500.ko
hid-generic.ko
hid.ko
hid-magicmouse.ko
hid-ntrig.ko
hmac.ko
hwmon.ko
hwspinlock_core.ko
i2c-core.ko
i2c-opal.ko
inet_diag.ko
input-core.ko
input-leds.ko
ipv6.ko
jitterentropy_rng.ko
kgdboc.ko
kpp.ko
kyber-iosched.ko
led-class.ko
libaes.ko
libblake2s.ko
libchacha20poly1305.ko
libchacha.ko
libphy.ko
libpoly1305.ko
libsha256.ko
lz4_decompress.ko
lzo_compress.ko
lzo_decompress.ko
lzo.ko
lzo-rle.ko
macmodes.ko
matroxfb_accel.ko
matroxfb_crtc2.ko
matroxfb_DAC1064.ko
matroxfb_g450.ko
matroxfb_misc.ko
matroxfb_Ti3026.ko
md5.ko
mdio_devres.ko
md-mod.ko
mousedev.ko
mpi.ko
mpls_gso.ko
mptcp_diag.ko
mq-deadline.ko
netlink_diag.ko
nfs_ssc.ko
nls_ascii.ko
nls_base.ko
nls_cp437.ko
n_null.ko
nsh.ko
nvmem_core.ko
nx-compress.ko
nx-compress-powernv.ko
nx-compress-pseries.ko
ofb.ko
offb.ko
of_mdio.ko
ohci-hcd.ko
ohci-pci.ko
oid_registry.ko
pci-stub.ko
pcmcia_core.ko
pcmcia_rsrc.ko
pkcs7_message.ko
pldmfw.ko
pnv-php.ko
powernv-cpufreq.ko
power_supply.ko
pps_core.ko
pstore.ko
ptp.ko
public_key.ko
quota_tree.ko
quota_v2.ko
rational.ko
raw_diag.ko
rng-core.ko
rng.ko
roles.ko
rsa_generic.ko
rtas_flash.ko
rtc-cmos.ko
rtc_cmos_setup.ko
rtc-generic.ko
rtc-opal.ko
scanlog.ko
sch_fq_codel.ko
scsi_common.ko
scsi_dh_alua.ko
scsi_dh_emc.ko
scsi_dh_hp_sw.ko
scsi_dh_rdac.ko
scsi_mod.ko
selftests.ko
seqiv.ko
serial_base.ko
serial_mctrl_gpio.ko
serio.ko
sha1_generic.ko
sha256_generic.ko
sha3_generic.ko
sha512_generic.ko
skcipher.ko
syscopyarea.ko
sysfillrect.ko
sysimgblt.ko
t10-pi.ko
tcp_cubic.ko
tcp_diag.ko
test-kstrtox.ko
thunderbolt.ko
tpm_i2c_nuvoton.ko
tpm_ibmvtpm.ko
tpm.ko
tpm_tis_core.ko
tpm_tis.ko
trusted.ko
typec.ko
typec_ucsi.ko
udp_diag.ko
uhci-hcd.ko
unix_diag.ko
unix.ko
usb-common.ko
usbcore.ko
usbhid.ko
usbmon.ko
usbserial.ko
vgacon.ko
virtio.ko
virtio_pci.ko
virtio_pci_legacy_dev.ko
virtio_pci_modern_dev.ko
virtio_ring.ko
virtio-rng.ko
watchdog.ko
watch_queue.ko
wwan.ko
wwnr.ko
x509_key_parser.ko
xfrm_algo.ko
xfrm_user.ko
xhci-hcd.ko
xhci-pci.ko
xor.ko
x_tables.ko
xts.ko
xt_tcpudp.ko
xxhash.ko
xz_dec.ko
zbud.ko
zlib_deflate.ko
zlib_inflate.ko
zsmalloc.ko
zstd_decompress.ko
