3c509.ko
3c574_cs.ko
3c589_cs.ko
3c59x.ko
3w-9xxx.ko
3w-sas.ko
3w-xxxx.ko
8021q.ko
8139cp.ko
8139too.ko
8390.ko
8390p.ko
9pnet.ko
9pnet_rdma.ko
9pnet_virtio.ko
aacraid.ko
ab3100-core.ko
ab3100.ko
ab3100-otp.ko
abituguru3.ko
abituguru.ko
ac97_bus.ko
acecad.ko
acenic.ko
acer-wmi.ko
acpi-cpufreq.ko
acpi_pad.ko
acpiphp_ibm.ko
act_gact.ko
act_ipt.ko
act_mirred.ko
act_nat.ko
act_pedit.ko
act_police.ko
act_simple.ko
act_skbedit.ko
ad7414.ko
ad7418.ko
ad7879.ko
adm1021.ko
adm1025.ko
adm1026.ko
adm1029.ko
adm1031.ko
adm8211.ko
adm9240.ko
adp5588-keys.ko
ads7828.ko
adt7462.ko
adt7470.ko
adt7473.ko
adt7475.ko
adutux.ko
aer_inject.ko
aes_generic.ko
aes-i586.ko
af_802154.ko
af9013.ko
af_key.ko
ah4.ko
ah6.ko
aha152x.ko
aha1542.ko
ahci.ko
aic79xx.ko
aic7xxx.ko
aic94xx.ko
aiptek.ko
aircable.ko
airo_cs.ko
airo.ko
alauda.ko
alim1535_wdt.ko
alim7101_wdt.ko
amd76x_edac.ko
amd8111e.ko
amd-rng.ko
ansi_cprng.ko
anubis.ko
aoe.ko
apanel.ko
appledisplay.ko
applesmc.ko
appletouch.ko
ar7part.ko
ar9170usb.ko
arc4.ko
arcmsr.ko
ark3116.ko
arptable_filter.ko
arp_tables.ko
arpt_mangle.ko
asb100.ko
asix.ko
asus_atk0110.ko
asus-laptop.ko
async_memcpy.ko
async_pq.ko
async_raid6_recov.ko
async_tx.ko
async_xor.ko
at24.ko
at76c50x-usb.ko
ata_generic.ko
ata_piix.ko
ath5k.ko
ath9k.ko
ath.ko
ati_remote2.ko
ati_remote.ko
atl1c.ko
atl1e.ko
atl1.ko
atl2.ko
atlas_btns.ko
atmel_cs.ko
atmel.ko
atmel_pci.ko
atm.ko
atmtcp.ko
atxp1.ko
aty128fb.ko
atyfb.ko
au0828.ko
au8522.ko
authenc.ko
auth_rpcgss.ko
autofs4.ko
avma1_cs.ko
avm_cs.ko
avmfritz.ko
axnet_cs.ko
b1dma.ko
b1.ko
b1pci.ko
b1pcmcia.ko
b2c2-flexcop.ko
b2c2-flexcop-pci.ko
b2c2-flexcop-usb.ko
b43.ko
b43legacy.ko
b44.ko
bas_gigaset.ko
bcm203x.ko
bcm3510.ko
bcm5974.ko
be2iscsi.ko
be2net.ko
belkin_sa.ko
berry_charge.ko
bfa.ko
bfusb.ko
block2mtd.ko
blowfish.ko
bluecard_cs.ko
bluetooth.ko
bnep.ko
bnx2i.ko
bnx2.ko
bnx2x.ko
bonding.ko
bpa10x.ko
bq24022.ko
bq27x00_battery.ko
br2684.ko
bridge.ko
broadcom.ko
bt3c_cs.ko
bt878.ko
btcx-risc.ko
btmrvl.ko
btmrvl_sdio.ko
btrfs.ko
btsdio.ko
bttv.ko
btuart_cs.ko
btusb.ko
budget-av.ko
budget-ci.ko
budget-core.ko
budget.ko
budget-patch.ko
c4.ko
cachefiles.ko
cafe_ccic.ko
cafe_nand.ko
camellia.ko
can-bcm.ko
can-dev.ko
can.ko
can-raw.ko
capidrv.ko
capifs.ko
capi.ko
cassini.ko
cast5.ko
cast6.ko
catc.ko
cb710.ko
cb710-mmc.ko
cbc.ko
cciss.ko
ccm.ko
cdc-acm.ko
cdc_eem.ko
cdc_ether.ko
cdc-phonet.ko
cdc_subset.ko
cdc-wdm.ko
cdrom.ko
cfag12864bfb.ko
cfag12864b.ko
cfg80211.ko
cfi_cmdset_0001.ko
cfi_cmdset_0002.ko
cfi_cmdset_0020.ko
cfi_probe.ko
cfi_util.ko
ch341.ko
ch7006.ko
ch.ko
cicada.ko
cifs.ko
cirrusfb.ko
ck804xrom.ko
clip.ko
cls_basic.ko
cls_flow.ko
cls_fw.ko
cls_route.ko
cls_rsvp6.ko
cls_rsvp.ko
cls_tcindex.ko
cls_u32.ko
cm109.ko
cm4000_cs.ko
cm4040_cs.ko
cmtp.ko
cnic.ko
compal-laptop.ko
configfs.ko
coretemp.ko
cp210x.ko
cpqphp.ko
cpufreq_conservative.ko
cpufreq_ondemand.ko
cpufreq_powersave.ko
cpufreq_stats.ko
cramfs.ko
crc32c-intel.ko
crc7.ko
crc-ccitt.ko
crc-itu-t.ko
crc-t10dif.ko
cryptoloop.ko
crypto_null.ko
cs5345.ko
cs53l32a.ko
cs5535_gpio.ko
cs553x_nand.ko
ctr.ko
cts.ko
cuse.ko
cx18.ko
cx22700.ko
cx22702.ko
cx231xx-alsa.ko
cx231xx-dvb.ko
cx231xx.ko
cx2341x.ko
cx23885.ko
cx24110.ko
cx24113.ko
cx24116.ko
cx24123.ko
cx25840.ko
cx8800.ko
cx8802.ko
cx88-alsa.ko
cx88-blackbird.ko
cx88-dvb.ko
cx88-vp3054-i2c.ko
cx88xx.ko
cxacru.ko
cxgb3i.ko
cxgb3.ko
cxgb4.ko
cxgb.ko
cyberjack.ko
cyclades.ko
cypress_m8.ko
davicom.ko
dca.ko
dccp_diag.ko
dccp_ipv4.ko
dccp_ipv6.ko
dccp.ko
dccp_probe.ko
dcdbas.ko
de2104x.ko
de4x5.ko
deflate.ko
dell-laptop.ko
dell_rbu.ko
dell-wmi.ko
des_generic.ko
dib0070.ko
dib3000mb.ko
dib3000mc.ko
dib7000m.ko
dib7000p.ko
dib8000.ko
dibx000_common.ko
digi_acceleport.ko
diskonchip.ko
display.ko
dl2k.ko
dlci.ko
dlm.ko
dm1105.ko
dm9601.ko
dm-crypt.ko
dm-delay.ko
dme1737.ko
dmfe.ko
dm-log.ko
dm-log-userspace.ko
dm-mirror.ko
dm-mod.ko
dm-multipath.ko
dm-queue-length.ko
dm-region-hash.ko
dm-registry.ko
dm-replicator.ko
dm-repl-log-ringbuffer.ko
dm-repl-slink-blockdev.ko
dm-round-robin.ko
dm-service-time.ko
dm-snapshot.ko
dm-zero.ko
dnet.ko
drm_kms_helper.ko
drm.ko
ds1621.ko
dss1_divert.ko
dst_ca.ko
dst.ko
dtl1_cs.ko
dummy.ko
dvb-bt8xx.ko
dvb-core.ko
dvb-pll.ko
dvb-ttpci.ko
dvb-ttusb-budget.ko
dvb-usb-a800.ko
dvb-usb-af9005.ko
dvb-usb-af9005-remote.ko
dvb-usb-af9015.ko
dvb-usb-anysee.ko
dvb-usb-au6610.ko
dvb-usb-ce6230.ko
dvb-usb-cinergyT2.ko
dvb-usb-cxusb.ko
dvb-usb-dib0700.ko
dvb-usb-dibusb-common.ko
dvb-usb-dibusb-mb.ko
dvb-usb-dibusb-mc.ko
dvb-usb-digitv.ko
dvb-usb-dtt200u.ko
dvb-usb-dtv5100.ko
dvb-usb-dw2102.ko
dvb-usb-friio.ko
dvb-usb-gl861.ko
dvb-usb-gp8psk.ko
dvb-usb.ko
dvb-usb-m920x.ko
dvb-usb-nova-t-usb2.ko
dvb-usb-opera.ko
dvb-usb-ttusb2.ko
dvb-usb-umt-010.ko
dvb-usb-vp702x.ko
dvb-usb-vp7045.ko
e1000e.ko
e1000.ko
e100.ko
e752x_edac.ko
e7xxx_edac.ko
earth-pt1.ko
ebt_802_3.ko
ebtable_broute.ko
ebtable_filter.ko
ebtable_nat.ko
ebtables.ko
ebt_among.ko
ebt_arp.ko
ebt_arpreply.ko
ebt_dnat.ko
ebt_ip6.ko
ebt_ip.ko
ebt_limit.ko
ebt_log.ko
ebt_mark.ko
ebt_mark_m.ko
ebt_nflog.ko
ebt_pkttype.ko
ebt_redirect.ko
ebt_snat.ko
ebt_stp.ko
ebt_ulog.ko
ebt_vlan.ko
ecb.ko
ecryptfs.ko
edac_core.ko
edac_mce_amd.ko
edd.ko
eeepc-laptop.ko
eeprom_93cx6.ko
eeprom.ko
eeti_ts.ko
elo.ko
elsa_cs.ko
em28xx-alsa.ko
em28xx-dvb.ko
em28xx.ko
em_cmp.ko
emi26.ko
emi62.ko
em_meta.ko
em_nbyte.ko
empeg.ko
ems_pci.ko
ems_usb.ko
em_text.ko
em_u32.ko
enclosure.ko
enic.ko
epic100.ko
esb2rom.ko
esp4.ko
esp6.ko
et1011c.ko
ethoc.ko
evtchn.ko
ewrk3.ko
exportfs.ko
ext2.ko
ext3.ko
ext4.ko
f71805f.ko
f71882fg.ko
f75375s.ko
fakehard.ko
fakephp.ko
fat.ko
faulty.ko
fb_ddc.ko
fcoe.ko
fcrypt.ko
fdomain_cs.ko
fealnx.ko
firewire-core.ko
firewire-net.ko
firewire-ohci.ko
firewire-sbp2.ko
fixed.ko
floppy.ko
fmvj18x_cs.ko
fnic.ko
forcedeth.ko
fscache.ko
fschmd.ko
ftdi-elan.ko
ftdi_sio.ko
ftl.ko
fujitsu-laptop.ko
fujitsu_ts.ko
funsoft.ko
fuse.ko
g760a.ko
garmin_gps.ko
garp.ko
gcm.ko
gen_probe.ko
geode-aes.ko
geode-rng.ko
gf128mul.ko
gfs2.ko
ghash-generic.ko
gigaset.ko
gl518sm.ko
gl520sm.ko
gl620a.ko
gspca_conex.ko
gspca_etoms.ko
gspca_finepix.ko
gspca_gl860.ko
gspca_jeilinj.ko
gspca_m5602.ko
gspca_main.ko
gspca_mars.ko
gspca_mr97310a.ko
gspca_ov519.ko
gspca_ov534.ko
gspca_pac207.ko
gspca_pac7311.ko
gspca_sn9c20x.ko
gspca_sonixb.ko
gspca_sonixj.ko
gspca_spca500.ko
gspca_spca501.ko
gspca_spca505.ko
gspca_spca506.ko
gspca_spca508.ko
gspca_spca561.ko
gspca_sq905c.ko
gspca_sq905.ko
gspca_stk014.ko
gspca_stv06xx.ko
gspca_sunplus.ko
gspca_t613.ko
gspca_tv8532.ko
gspca_vc032x.ko
gspca_zc3xx.ko
gtco.ko
gunze.ko
hangcheck-timer.ko
hci_uart.ko
hci_vhci.ko
hdaps.ko
hdlc_cisco.ko
hdlc_fr.ko
hdlc.ko
hdlc_ppp.ko
hdlc_raw.ko
hdpvr.ko
hfc4s8s_l1.ko
hfcmulti.ko
hfcpci.ko
hfcsusb.ko
hidp.ko
hid-wacom.ko
hifn_795x.ko
hisax_fcpcipnp.ko
hisax_isac.ko
hisax.ko
hisax_st5481.ko
hostap_cs.ko
hostap.ko
hostap_pci.ko
hostap_plx.ko
hp4x.ko
hp_accel.ko
hpilo.ko
hpsa.ko
hptiop.ko
hp-wmi.ko
hso.ko
htcpen.ko
hwa-hc.ko
hwa-rc.ko
hwmon.ko
hwmon-vid.ko
hysdn.ko
i1480-dfu-usb.ko
i1480-est.ko
i1480u-wlp.ko
i2400m.ko
i2400m-sdio.ko
i2400m-usb.ko
i2c-algo-bit.ko
i2c-algo-pca.ko
i2c-ali1535.ko
i2c-ali1563.ko
i2c-ali15x3.ko
i2c-amd756.ko
i2c-amd756-s4882.ko
i2c-amd8111.ko
i2c-core.ko
i2c-dev.ko
i2c-i801.ko
i2c-isch.ko
i2c-nforce2.ko
i2c-nforce2-s4985.ko
i2c-parport.ko
i2c-parport-light.ko
i2c-pca-platform.ko
i2c-piix4.ko
i2c-scmi.ko
i2c-simtec.ko
i2c-sis5595.ko
i2c-sis630.ko
i2c-sis96x.ko
i2c-stub.ko
i2c-tiny-usb.ko
i2c-via.ko
i2c-viapro.ko
i2c-voodoo3.ko
i3000_edac.ko
i3200_edac.ko
i5000_edac.ko
i5100_edac.ko
i5400_edac.ko
i5k_amb.ko
i6300esb.ko
i7core_edac.ko
i82365.ko
i82860_edac.ko
i82875p_edac.ko
i82975x_edac.ko
i8k.ko
i915.ko
ib_addr.ko
ib_cm.ko
ib_core.ko
ib_ipoib.ko
ib_iser.ko
ib_mad.ko
ibmaem.ko
ibmasm.ko
ibmasr.ko
ibmpex.ko
ibmphp.ko
ib_mthca.ko
ib_sa.ko
ib_srp.ko
ib_ucm.ko
ib_umad.ko
ib_uverbs.ko
icplus.ko
ics932s401.ko
idmouse.ko
ifb.ko
igb.ko
igbvf.ko
imm.ko
inet_diag.ko
inexio.ko
inftl.ko
initio.ko
input-polldev.ko
int51x1.ko
intel-rng.ko
ioatdma.ko
io_edgeport.ko
io_ti.ko
iowarrior.ko
ip6_queue.ko
ip6table_filter.ko
ip6table_mangle.ko
ip6table_raw.ko
ip6table_security.ko
ip6_tables.ko
ip6t_ah.ko
ip6t_eui64.ko
ip6t_frag.ko
ip6t_hbh.ko
ip6t_ipv6header.ko
ip6t_LOG.ko
ip6t_mh.ko
ip6t_REJECT.ko
ip6t_rt.ko
ip6_tunnel.ko
ipaq.ko
ipcomp6.ko
ipcomp.ko
ipg.ko
ip_gre.ko
ipip.ko
ipmi_devintf.ko
ipmi_msghandler.ko
ipmi_poweroff.ko
ipmi_si.ko
ipmi_watchdog.ko
ip_queue.ko
ips.ko
iptable_filter.ko
iptable_mangle.ko
iptable_nat.ko
iptable_raw.ko
iptable_security.ko
ip_tables.ko
ipt_addrtype.ko
ipt_ah.ko
ipt_CLUSTERIP.ko
ipt_ecn.ko
ipt_ECN.ko
ipt_LOG.ko
ipt_MASQUERADE.ko
ipt_NETMAP.ko
ipt_REDIRECT.ko
ipt_REJECT.ko
ipt_ULOG.ko
ipv6.ko
ip_vs_dh.ko
ip_vs_ftp.ko
ip_vs.ko
ip_vs_lblc.ko
ip_vs_lblcr.ko
ip_vs_lc.ko
ip_vs_nq.ko
ip_vs_rr.ko
ip_vs_sed.ko
ip_vs_sh.ko
ip_vs_wlc.ko
ip_vs_wrr.ko
ipw2100.ko
ipw2200.ko
ipwireless.ko
ipw.ko
ir-common.ko
ir-kbd-i2c.ko
ir-usb.ko
iscsi_ibft.ko
iscsi_tcp.ko
isdnhdlc.ko
isdn.ko
isight_firmware.ko
isl29003.ko
isl6405.ko
isl6421.ko
isp1362-hcd.ko
it8712f_wdt.ko
it87.ko
it87_wdt.ko
iTCO_vendor_support.ko
iTCO_wdt.ko
itd1000.ko
iuu_phoenix.ko
ivtvfb.ko
ivtv.ko
iw_cm.ko
iw_cxgb3.ko
iwl3945.ko
iwlagn.ko
iwlcore.ko
iwmc3200wifi.ko
iw_nes.ko
ixgbe.ko
ixgbevf.ko
ixgb.ko
jbd2.ko
jbd.ko
jedec_probe.ko
jffs2.ko
jmb38x_ms.ko
jme.ko
jsm.ko
k8temp.ko
kaweth.ko
kbtab.ko
kernelcapi.ko
keyspan.ko
keyspan_pda.ko
keyspan_remote.ko
khazad.ko
kl5kusb105.ko
kobil_sct.ko
ks0108.ko
kvaser_pci.ko
l1oip.ko
l2cap.ko
l64781.ko
lcd.ko
ldusb.ko
lec.ko
leds-alix2.ko
leds-clevo-mail.ko
leds-lp3944.ko
leds-wm831x-status.ko
leds-wm8350.ko
ledtrig-backlight.ko
ledtrig-default-on.ko
ledtrig-heartbeat.ko
ledtrig-timer.ko
legousbtower.ko
lgdt3305.ko
lgdt330x.ko
lgs8gxx.ko
lib80211_crypt_ccmp.ko
lib80211_crypt_tkip.ko
lib80211_crypt_wep.ko
lib80211.ko
libcrc32c.ko
libertas_cs.ko
libertas.ko
libertas_sdio.ko
libertas_tf.ko
libertas_tf_usb.ko
libfc.ko
libfcoe.ko
libipw.ko
libiscsi.ko
libiscsi_tcp.ko
libosd.ko
libsas.ko
libsrp.ko
linear.ko
lis3lv02d.ko
llc.ko
lm63.ko
lm75.ko
lm77.ko
lm78.ko
lm80.ko
lm83.ko
lm85.ko
lm87.ko
lm90.ko
lm92.ko
lm93.ko
lm95241.ko
lnbp21.ko
lockd.ko
lp3971.ko
lpddr_cmds.ko
lpfc.ko
lrw.ko
ltc4215.ko
ltc4245.ko
lxt.ko
lzo_compress.ko
lzo_decompress.ko
lzo.ko
m52790.ko
mac80211_hwsim.ko
mac80211.ko
machzwd.ko
macmodes.ko
macvlan.ko
macvtap.ko
map_absent.ko
map_ram.ko
map_rom.ko
marvell.ko
max1586.ko
max1619.ko
max17040_battery.ko
max6650.ko
max6875.ko
max7359_keypad.ko
mbcache.ko
mbp_nvidia_bl.ko
mc44s803.ko
mce-inject.ko
mcs5000_ts.ko
mcs7830.ko
mct_u232.ko
md4.ko
mdc800.ko
mdio-bitbang.ko
mdio.ko
megaraid_mbox.ko
megaraid_mm.ko
megaraid_sas.ko
memstick.ko
mfd-core.ko
mga.ko
michael_mic.ko
microcode.ko
microtek.ko
mii.ko
mip6.ko
mISDN_core.ko
mISDN_dsp.ko
mISDNinfineon.ko
mISDNipac.ko
mISDNisar.ko
mlx4_core.ko
mlx4_en.ko
mlx4_ib.ko
mmc_block.ko
mmc_core.ko
mos7720.ko
mos7840.ko
moto_modem.ko
mpt2sas.ko
mptbase.ko
mptctl.ko
mptfc.ko
mptlan.ko
mptsas.ko
mptscsih.ko
mptspi.ko
msdos.ko
msi-laptop.ko
msp3400.ko
mspro_block.ko
mt2060.ko
mt20xx.ko
mt2131.ko
mt2266.ko
mt312.ko
mt352.ko
mt9m001.ko
mt9m111.ko
mt9t031.ko
mt9v011.ko
mt9v022.ko
mtd_blkdevs.ko
mtdblock.ko
mtdblock_ro.ko
mtdchar.ko
mtdconcat.ko
mtdoops.ko
mtdram.ko
mtouch.ko
mvsas.ko
mwl8k.ko
mxl5005s.ko
mxl5007t.ko
myri10ge.ko
nand_ecc.ko
nand_ids.ko
nand.ko
nandsim.ko
national.ko
natsemi.ko
navman.ko
ne2k-pci.ko
ne.ko
net1080.ko
netconsole.ko
netjet.ko
netsc520.ko
netxen_nic.ko
nf_conntrack_amanda.ko
nf_conntrack_ftp.ko
nf_conntrack_h323.ko
nf_conntrack_ipv4.ko
nf_conntrack_ipv6.ko
nf_conntrack_irc.ko
nf_conntrack.ko
nf_conntrack_netbios_ns.ko
nf_conntrack_netlink.ko
nf_conntrack_pptp.ko
nf_conntrack_proto_dccp.ko
nf_conntrack_proto_gre.ko
nf_conntrack_proto_sctp.ko
nf_conntrack_proto_udplite.ko
nf_conntrack_sane.ko
nf_conntrack_sip.ko
nf_conntrack_tftp.ko
nf_defrag_ipv4.ko
nf_nat_amanda.ko
nf_nat_ftp.ko
nf_nat_h323.ko
nf_nat_irc.ko
nf_nat.ko
nf_nat_pptp.ko
nf_nat_proto_dccp.ko
nf_nat_proto_gre.ko
nf_nat_proto_sctp.ko
nf_nat_proto_udplite.ko
nf_nat_sip.ko
nf_nat_snmp_basic.ko
nf_nat_tftp.ko
nfnetlink.ko
nfnetlink_log.ko
nfnetlink_queue.ko
nfs_acl.ko
nfsd.ko
nfs.ko
nftl.ko
nf_tproxy_core.ko
n_hdlc.ko
niu.ko
nl802154.ko
nls_cp1250.ko
nls_cp1251.ko
nls_cp1255.ko
nls_cp737.ko
nls_cp775.ko
nls_cp850.ko
nls_cp852.ko
nls_cp855.ko
nls_cp857.ko
nls_cp860.ko
nls_cp861.ko
nls_cp862.ko
nls_cp863.ko
nls_cp864.ko
nls_cp865.ko
nls_cp866.ko
nls_cp869.ko
nls_cp874.ko
nls_cp932.ko
nls_cp936.ko
nls_cp949.ko
nls_cp950.ko
nls_euc-jp.ko
nls_iso8859-13.ko
nls_iso8859-14.ko
nls_iso8859-15.ko
nls_iso8859-1.ko
nls_iso8859-2.ko
nls_iso8859-3.ko
nls_iso8859-4.ko
nls_iso8859-5.ko
nls_iso8859-6.ko
nls_iso8859-7.ko
nls_iso8859-9.ko
nls_koi8-r.ko
nls_koi8-ru.ko
nls_koi8-u.ko
nls_utf8.ko
nmclan_cs.ko
nop-usb-xceiv.ko
nouveau.ko
nozomi.ko
ns83820.ko
nsc_gpio.ko
nvidiafb.ko
nxt200x.ko
nxt6000.ko
omninet.ko
opencores-kbd.ko
oprofile.ko
opticon.ko
option.ko
or51132.ko
or51211.ko
orinoco_cs.ko
orinoco.ko
orinoco_nortel.ko
orinoco_pci.ko
orinoco_plx.ko
orinoco_tmd.ko
osdblk.ko
osd.ko
osst.ko
oti6858.ko
output.ko
ov7670.ko
ov772x.ko
p4-clockmod.ko
p54common.ko
p54pci.ko
p54usb.ko
p8022.ko
padlock-aes.ko
padlock-sha.ko
panasonic-laptop.ko
parport_cs.ko
parport.ko
parport_pc.ko
parport_serial.ko
pata_acpi.ko
pata_ali.ko
pata_amd.ko
pata_artop.ko
pata_atiixp.ko
pata_atp867x.ko
pata_cmd64x.ko
pata_cs5535.ko
pata_cs5536.ko
pata_hpt366.ko
pata_hpt37x.ko
pata_hpt3x2n.ko
pata_hpt3x3.ko
pata_it8213.ko
pata_it821x.ko
pata_jmicron.ko
pata_marvell.ko
pata_netcell.ko
pata_ninja32.ko
pata_oldpiix.ko
pata_pcmcia.ko
pata_pdc2027x.ko
pata_pdc202xx_old.ko
pata_rdc.ko
pata_sch.ko
pata_serverworks.ko
pata_sil680.ko
pata_sis.ko
pata_via.ko
pc87360.ko
pc8736x_gpio.ko
pc87427.ko
pcbc.ko
pcc-cpufreq.ko
pcf8591.ko
pci.ko
pcnet32.ko
pcnet_cs.ko
pcspkr.ko
pcwd_pci.ko
pcwd_usb.ko
pd6729.ko
pdc_adma.ko
pegasus.ko
penmount.ko
phonet.ko
pktcdvd.ko
pktgen.ko
pl2303.ko
platform_lcd.ko
plusb.ko
pluto2.ko
pmc551.ko
pmcraid.ko
pn_pep.ko
powermate.ko
power_meter.ko
powernow-k8.ko
ppa.ko
ppdev.ko
ppp_async.ko
ppp_deflate.ko
ppp_generic.ko
ppp_mppe.ko
pppoatm.ko
pppoe.ko
pppol2tp.ko
pppox.ko
ppp_synctty.ko
pps_core.ko
progear_bl.ko
psnap.ko
pvrusb2.ko
qcserial.ko
qinfo_probe.ko
qla2xxx.ko
qla3xxx.ko
qla4xxx.ko
qlge.ko
qsemi.ko
qt1010.ko
r128.ko
r6040.ko
r8169.ko
r82600_edac.ko
radeonfb.ko
radeon.ko
raid0.ko
raid10.ko
raid1.ko
raid456.ko
raid6_pq.ko
raid6test.ko
raid_class.ko
rdma_cm.ko
rdma_ucm.ko
rds.ko
rds_rdma.ko
rds_tcp.ko
realtek.ko
redboot.ko
reed_solomon.ko
rfcomm.ko
rfd_ftl.ko
rfkill.ko
ricoh_mmc.ko
ring_buffer_benchmark.ko
rivafb.ko
rmd128.ko
rmd160.ko
rmd256.ko
rmd320.ko
rndis_host.ko
rndis_wlan.ko
rpcsec_gss_krb5.ko
rpcsec_gss_spkm3.ko
rsrc_nonstatic.ko
rt2400pci.ko
rt2500pci.ko
rt2500usb.ko
rt2x00lib.ko
rt2x00pci.ko
rt2x00usb.ko
rt61pci.ko
rt73usb.ko
rtc-ab3100.ko
rtc-bq4802.ko
rtc-ds1286.ko
rtc-ds1307.ko
rtc-ds1374.ko
rtc-ds1511.ko
rtc-ds1553.ko
rtc-ds1672.ko
rtc-ds1742.ko
rtc-fm3130.ko
rtc-isl1208.ko
rtc-m41t80.ko
rtc-m48t35.ko
rtc-m48t59.ko
rtc-max6900.ko
rtc-pcf8563.ko
rtc-pcf8583.ko
rtc-rs5c372.ko
rtc-rx8025.ko
rtc-rx8581.ko
rtc-stk17ta8.ko
rtc-v3020.ko
rtc-wm831x.ko
rtc-wm8350.ko
rtc-x1205.ko
rtl8150.ko
rtl8180.ko
rtl8187.ko
s2255drv.ko
s2io.ko
s5h1409.ko
s5h1411.ko
s5h1420.ko
saa6588.ko
saa6752hs.ko
saa7115.ko
saa7127.ko
saa7134-alsa.ko
saa7134-dvb.ko
saa7134-empress.ko
saa7134.ko
saa7146.ko
saa7146_vv.ko
saa7164.ko
saa717x.ko
safe_serial.ko
salsa20_generic.ko
salsa20-i586.ko
sata_inic162x.ko
sata_mv.ko
sata_nv.ko
sata_promise.ko
sata_qstor.ko
sata_sil24.ko
sata_sil.ko
sata_sis.ko
sata_svw.ko
sata_sx4.ko
sata_uli.ko
sata_via.ko
sata_vsc.ko
savagefb.ko
savage.ko
sbc_fitpc2_wdt.ko
sbshc.ko
sbs.ko
sc520cdp.ko
sc92031.ko
scb2_flash.ko
sch311x_wdt.ko
sch_atm.ko
sch_cbq.ko
sch_drr.ko
sch_dsmark.ko
sch_gred.ko
sch_hfsc.ko
sch_htb.ko
sch_ingress.ko
sch_multiq.ko
sch_netem.ko
sch_prio.ko
sch_red.ko
sch_sfq.ko
sch_tbf.ko
sch_teql.ko
sco.ko
scsi_debug.ko
scsi_dh_alua.ko
scsi_dh_emc.ko
scsi_dh_hp_sw.ko
scsi_dh_rdac.ko
scsi_tgt.ko
scsi_transport_fc.ko
scsi_transport_iscsi.ko
scsi_transport_sas.ko
scsi_transport_spi.ko
scsi_transport_srp.ko
scsi_wait_scan.ko
sctp.ko
sdhci.ko
sdhci-pci.ko
sdhci-pltfm.ko
sdio_uart.ko
sd_mod.ko
sdricoh_cs.ko
sedlbauer_cs.ko
seed.ko
seqiv.ko
ser_gigaset.ko
serial_cs.ko
serio_raw.ko
sermouse.ko
serpent.ko
ses.ko
sfc.ko
sg.ko
sha256_generic.ko
sha512_generic.ko
si21xx.ko
siemens_mpi.ko
sierra.ko
sis190.ko
sis5595.ko
sis900.ko
sis.ko
sisusbvga.ko
sit.ko
sja1000_isa.ko
sja1000.ko
sja1000_platform.ko
skge.ko
sky2.ko
sl811-hcd.ko
slhc.ko
slip.ko
sm501fb.ko
sm501.ko
smc91c92_cs.ko
smc-ultra.ko
smsc47b397.ko
smsc47m192.ko
smsc47m1.ko
smsc9420.ko
smsc95xx.ko
smsc.ko
snd-ac97-codec.ko
snd-ad1889.ko
snd-ak4114.ko
snd-ak4xxx-adda.ko
snd-ali5451.ko
snd-atiixp.ko
snd-atiixp-modem.ko
snd-au8810.ko
snd-au8820.ko
snd-au8830.ko
snd-bt87x.ko
snd-ca0106.ko
snd-cs46xx.ko
snd-cs5530.ko
snd-cs5535audio.ko
snd-cs8427.ko
snd-ctxfi.ko
snd-darla20.ko
snd-darla24.ko
snd-dummy.ko
snd-echo3g.ko
snd-emu10k1.ko
snd-emu10k1-synth.ko
snd-emu10k1x.ko
snd-emux-synth.ko
snd-ens1370.ko
snd-ens1371.ko
snd-es1968.ko
snd-gina20.ko
snd-gina24.ko
snd-hda-codec-analog.ko
snd-hda-codec-atihdmi.ko
snd-hda-codec-ca0110.ko
snd-hda-codec-cirrus.ko
snd-hda-codec-cmedia.ko
snd-hda-codec-conexant.ko
snd-hda-codec-idt.ko
snd-hda-codec-intelhdmi.ko
snd-hda-codec.ko
snd-hda-codec-nvhdmi.ko
snd-hda-codec-realtek.ko
snd-hda-codec-si3054.ko
snd-hda-codec-via.ko
snd-hda-intel.ko
snd-hdsp.ko
snd-hdspm.ko
snd-hifier.ko
snd-hrtimer.ko
snd-hwdep.ko
snd-i2c.ko
snd-ice1712.ko
snd-ice1724.ko
snd-ice17xx-ak4xxx.ko
snd-indigodj.ko
snd-indigodjx.ko
snd-indigoio.ko
snd-indigoiox.ko
snd-indigo.ko
snd-intel8x0.ko
snd-intel8x0m.ko
snd.ko
snd-korg1212.ko
snd-layla20.ko
snd-layla24.ko
snd-lx6464es.ko
snd-maestro3.ko
snd-mia.ko
snd-miro.ko
snd-mixart.ko
snd-mona.ko
snd-mpu401.ko
snd-mpu401-uart.ko
snd-mtpav.ko
snd-opl3-lib.ko
snd-opl4-lib.ko
snd-opl4-synth.ko
snd-oxygen.ko
snd-oxygen-lib.ko
snd-page-alloc.ko
snd-pcm.ko
snd-pcsp.ko
snd-pcxhr.ko
snd-pt2258.ko
snd-rawmidi.ko
snd-rme32.ko
snd-rme9652.ko
snd-rme96.ko
snd-sb16-dsp.ko
snd-sb-common.ko
snd-seq-device.ko
snd-seq-dummy.ko
snd-seq.ko
snd-seq-midi-emul.ko
snd-seq-midi-event.ko
snd-seq-midi.ko
snd-seq-oss.ko
snd-seq-virmidi.ko
snd-sis7019.ko
snd-timer.ko
snd-trident.ko
snd-usb-audio.ko
snd-usb-caiaq.ko
snd-usb-lib.ko
snd-usb-us122l.ko
snd-usb-usx2y.ko
snd-util-mem.ko
snd-via82xx.ko
snd-via82xx-modem.ko
snd-virmidi.ko
snd-virtuoso.ko
snd-vx222.ko
snd-vx-lib.ko
snd-wss-lib.ko
soc_camera.ko
soc_camera_platform.ko
softdog.ko
sony-laptop.ko
sonypi.ko
soundcore.ko
sp8870.ko
sp887x.ko
spcp8x5.ko
spectrum_cs.ko
speedfax.ko
speedtch.ko
squashfs.ko
sr_mod.ko
ssb.ko
ssfdc.ko
starfire.ko
stb0899.ko
stb6000.ko
stb6100.ko
ste10Xp.ko
stex.ko
st.ko
stkwebcam.ko
stp.ko
stv0288.ko
stv0297.ko
stv0299.ko
stv0900.ko
stv6110.ko
sundance.ko
sungem.ko
sungem_phy.ko
sunhme.ko
sunrpc.ko
svcrdma.ko
sx8.ko
sym53c8xx.ko
symbolserial.ko
synaptics_i2c.ko
synclink_gt.ko
synclink.ko
synclinkmp.ko
t1pci.ko
tc1100-wmi.ko
tcp_bic.ko
tcp_diag.ko
tcp_highspeed.ko
tcp_htcp.ko
tcp_hybla.ko
tcp_illinois.ko
tcp_lp.ko
tcp_scalable.ko
tcp_vegas.ko
tcp_veno.ko
tcp_westwood.ko
tcp_yeah.ko
tcrypt.ko
tda10021.ko
tda10023.ko
tda10048.ko
tda1004x.ko
tda10086.ko
tda18271.ko
tda7432.ko
tda8083.ko
tda8261.ko
tda826x.ko
tda827x.ko
tda8290.ko
tda9887.ko
tea5761.ko
tea5767.ko
tea.ko
tehuti.ko
teles_cs.ko
test_nx.ko
tg3.ko
tgr192.ko
thinkpad_acpi.ko
thmc50.ko
tifm_7xx1.ko
tifm_core.ko
tifm_ms.ko
tifm_sd.ko
timeriomem-rng.ko
ti_usb_3410_5052.ko
tlan.ko
tlclk.ko
tmp401.ko
tmp421.ko
topstar-laptop.ko
toshiba_acpi.ko
toshiba.ko
touchit213.ko
touchright.ko
touchwin.ko
tpm_atmel.ko
tpm_infineon.ko
tpm_nsc.ko
tps65023-regulator.ko
tps6507x-regulator.ko
ts5500_flash.ko
ts_bm.ko
tsc2007.ko
ts_fsm.ko
ts_kmp.ko
tsl2550.ko
ttm.ko
ttpci-eeprom.ko
ttusbdecfe.ko
ttusb_dec.ko
tua6100.ko
tulip.ko
tuner.ko
tuner-simple.ko
tuner-types.ko
tuner-xc2028.ko
tun.ko
tunnel4.ko
tunnel6.ko
tvaudio.ko
tveeprom.ko
tvp5150.ko
tw9910.ko
twofish_common.ko
twofish-i586.ko
twofish.ko
typhoon.ko
u132-hcd.ko
ubifs.ko
ubi.ko
udf.ko
ueagle-atm.ko
uinput.ko
uio_aec.ko
uio_cif.ko
uio.ko
uio_pci_generic.ko
uio_pdrv_genirq.ko
uio_pdrv.ko
uio_sercos3.ko
uio_smx.ko
uli526x.ko
umc.ko
ums-alauda.ko
ums-cypress.ko
ums-datafab.ko
ums-freecom.ko
ums-isd200.ko
ums-jumpshot.ko
ums-karma.ko
ums-onetouch.ko
ums-sddr09.ko
ums-sddr55.ko
ums-usbat.ko
upd64031a.ko
upd64083.ko
usb8xxx.ko
usbatm.ko
usb_debug.ko
usb_gigaset.ko
usblcd.ko
usbled.ko
usblp.ko
usbnet.ko
usbserial.ko
usbsevseg.ko
usb-storage.ko
usbtmc.ko
usbtouchscreen.ko
usbvision.ko
usb_wwan.ko
userspace-consumer.ko
uss720.ko
uvcvideo.ko
uwb.ko
v4l2-common.ko
v4l2-int-device.ko
vcan.ko
ves1820.ko
ves1x93.ko
veth.ko
vfat.ko
vfb.ko
vga16fb.ko
vgastate.ko
vhost_net.ko
via686a.ko
via-cputemp.ko
viafb.ko
via.ko
via-rhine.ko
via-rng.ko
via-sdmmc.ko
via-velocity.ko
videobuf-core.ko
videobuf-dma-sg.ko
videobuf-dvb.ko
videobuf-vmalloc.ko
videodev.ko
video.ko
virtio_balloon.ko
virtio_blk.ko
virtio_console.ko
virtio.ko
virtio_net.ko
virtio_pci.ko
virtio_ring.ko
virtio-rng.ko
visor.ko
vitesse.ko
vmac.ko
vmware_balloon.ko
vmw_pvscsi.ko
vmxnet3.ko
vp27smpx.ko
vstusb.ko
vsxxxaa.ko
vt1211.ko
vt8231.ko
vxge.ko
w6692.ko
w83627ehf.ko
w83627hf.ko
w83627hf_wdt.ko
w83697hf_wdt.ko
w83697ug_wdt.ko
w83781d.ko
w83791d.ko
w83792d.ko
w83793.ko
w83877f_wdt.ko
w83977f_wdt.ko
w83l785ts.ko
w83l786ng.ko
wacom.ko
wacom_w8001.ko
wdt_pci.ko
whci-hcd.ko
whci.ko
whc-rc.ko
whiteheat.ko
wimax.ko
winbond-840.ko
winbond-cir.ko
wistron_btns.ko
wl1251.ko
wl1251_sdio.ko
wl3501_cs.ko
wlp.ko
wm831x_bl.ko
wm831x-dcdc.ko
wm831x-hwmon.ko
wm831x-isink.ko
wm831x.ko
wm831x-ldo.ko
wm831x-on.ko
wm831x_power.ko
wm831x_wdt.ko
wm8350-hwmon.ko
wm8350-i2c.ko
wm8350.ko
wm8350_power.ko
wm8350-regulator.ko
wm8350_wdt.ko
wm8400-core.ko
wm8400-regulator.ko
wm8739.ko
wm8775.ko
wmi.ko
wp512.ko
wpan-class.ko
wusb-cbaf.ko
wusbcore.ko
wusb-wa.ko
x38_edac.ko
xc5000.ko
xcbc.ko
xen-blkfront.ko
xenfs.ko
xen-netfront.ko
xfrm4_mode_beet.ko
xfrm4_mode_transport.ko
xfrm4_mode_tunnel.ko
xfrm4_tunnel.ko
xfrm6_mode_beet.ko
xfrm6_mode_ro.ko
xfrm6_mode_transport.ko
xfrm6_mode_tunnel.ko
xfrm6_tunnel.ko
xfrm_ipcomp.ko
xhci-hcd.ko
xirc2ps_cs.ko
xircom_cb.ko
xor.ko
xprtrdma.ko
xt_CHECKSUM.ko
xt_CLASSIFY.ko
xt_cluster.ko
xt_comment.ko
xt_connbytes.ko
xt_connlimit.ko
xt_connmark.ko
xt_CONNMARK.ko
xt_CONNSECMARK.ko
xt_conntrack.ko
xt_dccp.ko
xt_dscp.ko
xt_DSCP.ko
xt_esp.ko
xt_hashlimit.ko
xt_helper.ko
xt_hl.ko
xt_HL.ko
xt_iprange.ko
xt_LED.ko
xt_length.ko
xt_limit.ko
xt_mac.ko
xt_mark.ko
xt_MARK.ko
xt_multiport.ko
xt_NFLOG.ko
xt_NFQUEUE.ko
xt_NOTRACK.ko
xt_osf.ko
xt_owner.ko
xt_physdev.ko
xt_pkttype.ko
xt_policy.ko
xt_quota.ko
xt_rateest.ko
xt_RATEEST.ko
xt_realm.ko
xt_recent.ko
xt_sctp.ko
xt_SECMARK.ko
xts.ko
xt_socket.ko
xt_state.ko
xt_statistic.ko
xt_string.ko
xt_tcpmss.ko
xt_TCPMSS.ko
xt_TCPOPTSTRIP.ko
xt_time.ko
xt_TPROXY.ko
xt_TRACE.ko
xt_u32.ko
xusbatm.ko
yealink.ko
yenta_socket.ko
zaurus.ko
zd1201.ko
zd1211rw.ko
zl10036.ko
zl10039.ko
zl10353.ko
zlib_deflate.ko
zlib.ko
zr364xx.ko
zram.ko
