8021q.ko
842_compress.ko
842_decompress.ko
act_bpf.ko
act_csum.ko
act_ctinfo.ko
act_ct.ko
act_gact.ko
act_mirred.ko
act_mpls.ko
act_pedit.ko
act_police.ko
act_sample.ko
act_skbedit.ko
act_tunnel_key.ko
act_vlan.ko
adiantum.ko
aes_s390.ko
af_iucv.ko
ah4.ko
ah6.ko
air_en8811h.ko
ansi_cprng.ko
appldata_mem.ko
appldata_net_sum.ko
appldata_os.ko
aquantia.ko
arc_uart.ko
arptable_filter.ko
arp_tables.ko
arpt_mangle.ko
async_memcpy.ko
async_pq.ko
async_raid6_recov.ko
async_tx.ko
async_xor.ko
auth_rpcgss.ko
ax88796b.ko
bareudp.ko
bcm7xxx.ko
bcm-phy-lib.ko
binfmt_misc.ko
blake2b_generic.ko
blocklayoutdriver.ko
blowfish_common.ko
blowfish_generic.ko
bonding.ko
brd.ko
bridge.ko
br_netfilter.ko
cachefiles.ko
camellia_generic.ko
cast5_generic.ko
cast6_generic.ko
cast_common.ko
cb710.ko
ccwgroup.ko
cdrom.ko
ceph.ko
chacha20poly1305.ko
chacha_generic.ko
ch.ko
chsc_sch.ko
cifs_arc4.ko
cifs.ko
cifs_md4.ko
cls_bpf.ko
cls_flower.ko
cls_flow.ko
cls_fw.ko
cls_matchall.ko
cls_u32.ko
cmm.ko
cordic.ko
cortina.ko
crc32_generic.ko
crc7.ko
crc8.ko
crc-itu-t.ko
csiostor.ko
ctcm.ko
curve25519-generic.ko
cuse.ko
cxl_core.ko
cxl_mem.ko
cxl_pci.ko
cxl_pmem.ko
cxl_pmu.ko
cxl_port.ko
dasd_diag_mod.ko
dasd_eckd_mod.ko
dasd_fba_mod.ko
dasd_mod.ko
dax_cxl.ko
dcssblk.ko
des_generic.ko
des_s390.ko
device_dax.ko
diag288_wdt.ko
dm-bio-prison.ko
dm-bufio.ko
dm-cache.ko
dm-cache-smq.ko
dm-crypt.ko
dm-delay.ko
dm-era.ko
dm-flakey.ko
dm-historical-service-time.ko
dm-integrity.ko
dm-io-affinity.ko
dm-log.ko
dm-log-userspace.ko
dm-log-writes.ko
dm-mirror.ko
dm-mod.ko
dm-multipath.ko
dm-persistent-data.ko
dm-queue-length.ko
dm-raid.ko
dm-region-hash.ko
dm-round-robin.ko
dm-service-time.ko
dm-snapshot.ko
dm-switch.ko
dm-thin-pool.ko
dm-vdo.ko
dm-verity.ko
dm-writecache.ko
dm-zero.ko
dns_resolver.ko
dp83822.ko
dp83848.ko
dp83867.ko
dp83tc811.ko
dp83tg720.ko
drm_buddy.ko
drm_display_helper.ko
drm_exec.ko
drm_kms_helper.ko
drm.ko
drm_panel_orientation_quirks.ko
drm_shmem_helper.ko
dummy.ko
eadm_sch.ko
ebt_802_3.ko
ebtable_broute.ko
ebtable_filter.ko
ebtable_nat.ko
ebtables.ko
ebt_among.ko
ebt_arp.ko
ebt_arpreply.ko
ebt_dnat.ko
ebt_ip6.ko
ebt_ip.ko
ebt_limit.ko
ebt_log.ko
ebt_mark.ko
ebt_mark_m.ko
ebt_nflog.ko
ebt_pkttype.ko
ebt_redirect.ko
ebt_snat.ko
ebt_stp.ko
ebt_vlan.ko
echainiv.ko
enclosure.ko
erofs.ko
esp4.ko
esp4_offload.ko
esp6.ko
esp6_offload.ko
essiv.ko
exfat.ko
ext4.ko
failover.ko
fakelb.ko
fat.ko
fb.ko
fb_sys_fops.ko
fcrypt.ko
font.ko
fs3270.ko
fsm.ko
fuse.ko
garp.ko
geneve.ko
genwqe_card.ko
ghash_s390.ko
gnss.ko
gpio-sim.ko
grace.ko
gre.ko
hangcheck-timer.ko
hdlc_cisco.ko
hdlc_fr.ko
hdlc.ko
hdlc_ppp.ko
hdlc_raw.ko
hmcdrv.ko
hsr.ko
i2c-algo-bit.ko
i2c-core.ko
ib_cm.ko
ib_core.ko
ib_iser.ko
ib_isert.ko
ib_uverbs.ko
ieee802154.ko
ieee802154_socket.ko
ifb.ko
ifcvf.ko
intel-xway.ko
iommufd.ko
ionic.ko
iosm.ko
ip6_gre.ko
ip6table_filter.ko
ip6table_mangle.ko
ip6table_nat.ko
ip6table_raw.ko
ip6table_security.ko
ip6_tables.ko
ip6t_ah.ko
ip6t_eui64.ko
ip6t_frag.ko
ip6t_hbh.ko
ip6t_ipv6header.ko
ip6t_mh.ko
ip6t_NPT.ko
ip6t_REJECT.ko
ip6t_rpfilter.ko
ip6t_rt.ko
ip6_tunnel.ko
ip6_udp_tunnel.ko
ip6_vti.ko
ipcomp6.ko
ipcomp.ko
ip_gre.ko
ipip.ko
ipr.ko
ip_set_bitmap_ip.ko
ip_set_bitmap_ipmac.ko
ip_set_bitmap_port.ko
ip_set_hash_ip.ko
ip_set_hash_ipmac.ko
ip_set_hash_ipmark.ko
ip_set_hash_ipportip.ko
ip_set_hash_ipport.ko
ip_set_hash_ipportnet.ko
ip_set_hash_mac.ko
ip_set_hash_netiface.ko
ip_set_hash_net.ko
ip_set_hash_netnet.ko
ip_set_hash_netport.ko
ip_set_hash_netportnet.ko
ip_set.ko
ip_set_list_set.ko
iptable_filter.ko
iptable_mangle.ko
iptable_nat.ko
iptable_raw.ko
iptable_security.ko
ip_tables.ko
ipt_ah.ko
ipt_ECN.ko
ipt_REJECT.ko
ipt_rpfilter.ko
ip_tunnel.ko
ipvlan.ko
ip_vs_dh.ko
ip_vs_fo.ko
ip_vs_ftp.ko
ip_vs.ko
ip_vs_lblc.ko
ip_vs_lblcr.ko
ip_vs_lc.ko
ip_vs_mh.ko
ip_vs_nq.ko
ip_vs_ovf.ko
ip_vs_pe_sip.ko
ip_vs_rr.ko
ip_vs_sed.ko
ip_vs_sh.ko
ip_vs_wlc.ko
ip_vs_wrr.ko
ipvtap.ko
ip_vti.ko
irqbypass.ko
iscsi_boot_sysfs.ko
iscsi_target_mod.ko
iscsi_tcp.ko
ism.ko
isofs.ko
iw_cm.ko
jbd2.ko
jsm.ko
kheaders.ko
kmem.ko
kvm.ko
l2tp_core.ko
l2tp_debugfs.ko
l2tp_eth.ko
l2tp_ip6.ko
l2tp_ip.ko
l2tp_netlink.ko
libceph.ko
libcurve25519-generic.ko
libcurve25519.ko
libdes.ko
libfc.ko
libfcoe.ko
libiscsi.ko
libiscsi_tcp.ko
libnvdimm.ko
libsas.ko
linear.ko
linear_ranges.ko
llc.ko
lockd.ko
loop.ko
lrw.ko
lz4_compress.ko
lz4hc_compress.ko
mac802154.ko
mac-celtic.ko
mac-centeuro.ko
mac-croatian.ko
mac-cyrillic.ko
mac-gaelic.ko
mac-greek.ko
mac-iceland.ko
mac-inuit.ko
mac-romanian.ko
mac-roman.ko
macsec.ko
mac-turkish.ko
macvlan.ko
macvtap.ko
marvell10g.ko
marvell-88q2xxx.ko
mbcache.ko
md4.ko
mdev.ko
mdio-bcm-unimac.ko
mdio-cavium.ko
mdio-thunder.ko
mfd-core.ko
michael_mic.ko
microchip.ko
microchip_t1.ko
mip6.ko
mlx5_core.ko
mlx5_dpll.ko
mlx5_ib.ko
mlx5_vdpa.ko
mlx5-vfio-pci.ko
mlxfw.ko
mlxsw_core.ko
mlxsw_pci.ko
mlxsw_spectrum.ko
monreader.ko
monwriter.ko
mpi3mr.ko
mpls_iptunnel.ko
mpls_router.ko
mrp.ko
mscc.ko
msdos.ko
mxl-gpy.ko
n5pf.ko
nbd.ko
nd_pmem.ko
netconsole.ko
net_failover.ko
netfs.ko
nf_conncount.ko
nf_conntrack_amanda.ko
nf_conntrack_bridge.ko
nf_conntrack_broadcast.ko
nf_conntrack_ftp.ko
nf_conntrack_h323.ko
nf_conntrack_irc.ko
nf_conntrack.ko
nf_conntrack_netbios_ns.ko
nf_conntrack_netlink.ko
nf_conntrack_pptp.ko
nf_conntrack_sane.ko
nf_conntrack_sip.ko
nf_conntrack_snmp.ko
nf_conntrack_tftp.ko
nf_defrag_ipv4.ko
nf_defrag_ipv6.ko
nf_dup_ipv4.ko
nf_dup_ipv6.ko
nf_dup_netdev.ko
nf_flow_table_inet.ko
nf_flow_table.ko
nf_log_syslog.ko
nf_nat_amanda.ko
nf_nat_ftp.ko
nf_nat_h323.ko
nf_nat_irc.ko
nf_nat.ko
nf_nat_pptp.ko
nf_nat_sip.ko
nf_nat_snmp_basic.ko
nf_nat_tftp.ko
nfnetlink_cthelper.ko
nfnetlink_cttimeout.ko
nfnetlink_hook.ko
nfnetlink.ko
nfnetlink_log.ko
nfnetlink_osf.ko
nfnetlink_queue.ko
nf_reject_ipv4.ko
nf_reject_ipv6.ko
nfs_acl.ko
nfsd.ko
nfs.ko
nfs_layout_flexfiles.ko
nfs_layout_nfsv41_files.ko
nfs_localio.ko
nf_socket_ipv4.ko
nf_socket_ipv6.ko
nfsv3.ko
nfsv4.ko
nf_synproxy_core.ko
nf_tables.ko
nft_chain_nat.ko
nft_compat.ko
nft_connlimit.ko
nft_ct.ko
nft_dup_ipv4.ko
nft_dup_ipv6.ko
nft_dup_netdev.ko
nft_fib_inet.ko
nft_fib_ipv4.ko
nft_fib_ipv6.ko
nft_fib.ko
nft_fib_netdev.ko
nft_flow_offload.ko
nft_fwd_netdev.ko
nft_hash.ko
nft_limit.ko
nft_log.ko
nft_masq.ko
nft_meta_bridge.ko
nft_nat.ko
nft_numgen.ko
nft_osf.ko
nf_tproxy_ipv4.ko
nf_tproxy_ipv6.ko
nft_queue.ko
nft_quota.ko
nft_redir.ko
nft_reject_bridge.ko
nft_reject_inet.ko
nft_reject_ipv4.ko
nft_reject_ipv6.ko
nft_reject.ko
nft_reject_netdev.ko
nft_socket.ko
nft_synproxy.ko
nft_tproxy.ko
nft_tunnel.ko
nft_xfrm.ko
nhpoly1305.ko
nlmon.ko
nls_cp1250.ko
nls_cp1251.ko
nls_cp1255.ko
nls_cp737.ko
nls_cp775.ko
nls_cp850.ko
nls_cp852.ko
nls_cp855.ko
nls_cp857.ko
nls_cp860.ko
nls_cp861.ko
nls_cp862.ko
nls_cp863.ko
nls_cp864.ko
nls_cp865.ko
nls_cp866.ko
nls_cp869.ko
nls_cp874.ko
nls_cp932.ko
nls_cp936.ko
nls_cp949.ko
nls_cp950.ko
nls_euc-jp.ko
nls_iso8859-13.ko
nls_iso8859-14.ko
nls_iso8859-15.ko
nls_iso8859-1.ko
nls_iso8859-2.ko
nls_iso8859-3.ko
nls_iso8859-4.ko
nls_iso8859-5.ko
nls_iso8859-6.ko
nls_iso8859-7.ko
nls_iso8859-9.ko
nls_koi8-r.ko
nls_koi8-ru.ko
nls_koi8-u.ko
nls_ucs2_utils.ko
nls_utf8.ko
null_blk.ko
nvme-auth.ko
nvme-core.ko
nvme-fabrics.ko
nvme-fc.ko
nvme-fcloop.ko
nvme-keyring.ko
nvme.ko
nvme-loop.ko
nvme-rdma.ko
nvme-tcp.ko
nvmet-fc.ko
nvmet.ko
nvmet-rdma.ko
nvmet-tcp.ko
objagg.ko
openvswitch.ko
overlay.ko
p8022.ko
paes_s390.ko
parman.ko
pcbc.ko
pci-pf-stub.ko
pcrypt.ko
pcs_xpcs.ko
phylink.ko
pkcs8_key_parser.ko
pkey-cca.ko
pkey-ep11.ko
pkey.ko
pkey-pckmo.ko
pkey-uv.ko
pnet.ko
poly1305_generic.ko
pps-gpio.ko
pps-ldisc.ko
prime_numbers.ko
prng.ko
psample.ko
psnap.ko
qca808x.ko
qca83xx.ko
qcom-phy-lib.ko
qdio.ko
qeth.ko
qeth_l2.ko
qeth_l3.ko
raid0.ko
raid10.ko
raid1.ko
raid456.ko
raid6_pq.ko
raid6test.ko
raid_class.ko
rbd.ko
rdma_cm.ko
rdma_ucm.ko
reed_solomon.ko
rfkill.ko
ring_buffer_benchmark.ko
rmd160.ko
rockchip.ko
rpcrdma.ko
rpcsec_gss_krb5.ko
sch_cake.ko
sch_cbs.ko
sch_etf.ko
sch_ets.ko
sch_fq.ko
sch_gred.ko
sch_hfsc.ko
sch_htb.ko
sch_ingress.ko
sch_mqprio.ko
sch_mqprio_lib.ko
sch_multiq.ko
sch_netem.ko
sch_prio.ko
sch_red.ko
sch_sfq.ko
sch_taprio.ko
sch_tbf.ko
scm_block.ko
scsi_debug.ko
scsi_proto_test.ko
scsi_transport_fc.ko
scsi_transport_iscsi.ko
scsi_transport_sas.ko
scsi_transport_spi.ko
scsi_transport_srp.ko
sctp_diag.ko
sctp.ko
sd_mod.ko
serial_base.ko
serpent_generic.ko
ses.ko
sg.ko
sha3_256_s390.ko
sha3_512_s390.ko
sit.ko
smc_diag.ko
smc.ko
smsgiucv_app.ko
smsgiucv.ko
softdog.ko
sparse-keymap.ko
squashfs.ko
sr_mod.ko
st.ko
stp.ko
sunrpc.ko
syscopyarea.ko
sysfillrect.ko
sysimgblt.ko
tape_34xx.ko
tape_3590.ko
tape_class.ko
tape.ko
tap.ko
target_core_file.ko
target_core_iblock.ko
target_core_mod.ko
target_core_pscsi.ko
tcm_fc.ko
tcm_loop.ko
tcp_bbr.ko
tcp_bic.ko
tcp_dctcp.ko
tcp_htcp.ko
tcp_illinois.ko
tcp_nv.ko
tcp_westwood.ko
tcrypt.ko
teranetics.ko
thunderbolt_net.ko
tipc_diag.ko
tipc.ko
tls.ko
tpm_tis_core.ko
tpm_tis_i2c_cr50.ko
tpm_tis_i2c.ko
tpm_vtpm_proxy.ko
ts_bm.ko
ts_fsm.ko
ts_kmp.ko
tun.ko
tunnel4.ko
tunnel6.ko
twofish_common.ko
twofish_generic.ko
ublk_drv.ko
udf.ko
udp_tunnel.ko
uPD60620.ko
vdpa.ko
vdpa_sim_blk.ko
vdpa_sim.ko
vdpa_sim_net.ko
veth.ko
vfat.ko
vfio_ap.ko
vfio_ccw.ko
vfio_iommu_type1.ko
vfio.ko
vfio-pci-core.ko
vfio-pci.ko
vhost_iotlb.ko
vhost.ko
vhost_net.ko
vhost_vdpa.ko
vhost_vsock.ko
virtio_balloon.ko
virtio_blk.ko
virtio_console.ko
virtio_dma_buf.ko
virtiofs.ko
virtio-gpu.ko
virtio_input.ko
virtio_net.ko
virtio_pci_modern_dev.ko
virtio_scsi.ko
virtio_vdpa.ko
vkms.ko
vmac.ko
vmlogrdr.ko
vmur.ko
vmw_vsock_virtio_transport_common.ko
vmw_vsock_virtio_transport.ko
vport-geneve.ko
vport-gre.ko
vport-vxlan.ko
vp_vdpa.ko
vrf.ko
vringh.ko
vsock_diag.ko
vsock.ko
vsock_loopback.ko
vsockmon.ko
vx855.ko
vxlan.ko
wireguard.ko
wp512.ko
xcbc.ko
xfrm4_tunnel.ko
xfrm6_tunnel.ko
xfrm_interface.ko
xfrm_ipcomp.ko
xfs.ko
xilinx_gmii2rgmii.ko
xor.ko
xsk_diag.ko
xt_addrtype.ko
xt_AUDIT.ko
xt_bpf.ko
xt_cgroup.ko
xt_CHECKSUM.ko
xt_CLASSIFY.ko
xt_cluster.ko
xt_comment.ko
xt_connbytes.ko
xt_connlabel.ko
xt_connlimit.ko
xt_connmark.ko
xt_CONNSECMARK.ko
xt_conntrack.ko
xt_cpu.ko
xt_CT.ko
xt_dccp.ko
xt_devgroup.ko
xt_dscp.ko
xt_DSCP.ko
xt_ecn.ko
xt_esp.ko
xt_hashlimit.ko
xt_helper.ko
xt_hl.ko
xt_HL.ko
xt_HMARK.ko
xt_IDLETIMER.ko
xt_iprange.ko
xt_ipvs.ko
xt_length.ko
xt_limit.ko
xt_LOG.ko
xt_mac.ko
xt_mark.ko
xt_MASQUERADE.ko
xt_multiport.ko
xt_nat.ko
xt_NETMAP.ko
xt_NFLOG.ko
xt_NFQUEUE.ko
xt_osf.ko
xt_owner.ko
xt_physdev.ko
xt_pkttype.ko
xt_policy.ko
xt_quota.ko
xt_rateest.ko
xt_RATEEST.ko
xt_realm.ko
xt_recent.ko
xt_REDIRECT.ko
xt_sctp.ko
xt_SECMARK.ko
xt_set.ko
xt_socket.ko
xt_state.ko
xt_statistic.ko
xt_string.ko
xt_tcpmss.ko
xt_TCPMSS.ko
xt_TCPOPTSTRIP.ko
xt_TEE.ko
xt_TPROXY.ko
xt_TRACE.ko
xxhash_generic.ko
zcrypt_cex4.ko
zcrypt.ko
zfcp.ko
zram.ko
zsmalloc.ko
zstd_compress.ko
zstd.ko
