8021q.ko
8139cp.ko
8139too.ko
ac97_bus.ko
acpi_ipmi.ko
acpiphp_ibm.ko
acpi_power_meter.ko
act_bpf.ko
act_csum.ko
act_ctinfo.ko
act_ct.ko
act_gact.ko
act_mirred.ko
act_mpls.ko
act_pedit.ko
act_police.ko
act_sample.ko
act_skbedit.ko
act_tunnel_key.ko
act_vlan.ko
ad7314.ko
adc128d818.ko
adcxx.ko
adiantum.ko
ads7871.ko
adutux.ko
aer_inject.ko
aes-neon-bs.ko
af_key.ko
ah4.ko
ah6.ko
ahci_platform.ko
ahci_seattle.ko
ahci_xgene.ko
aircable.ko
air_en8811h.ko
altera_ps2.ko
alx.ko
amdgpu.ko
amd.ko
amdxcp.ko
amd-xgbe.ko
ampere_cspmu.ko
ansi_cprng.ko
appledisplay.ko
aquantia.ko
arc_ps2.ko
ark3116.ko
arm-cmn.ko
arm_cspmu_module.ko
arm_dmc620_pmu.ko
arm_dsu_pmu.ko
arm_mhu_db.ko
arm_mhu.ko
armmmci.ko
arm-ni.ko
arm_scpi.ko
arm_smmuv3_pmu.ko
arm_spe_pmu.ko
arptable_filter.ko
arp_tables.ko
arpt_mangle.ko
asix.ko
asn1_encoder.ko
ast.ko
asym_tpm.ko
async_memcpy.ko
async_pq.ko
async_raid6_recov.ko
async_tx.ko
async_xor.ko
at24.ko
at803x.ko
ata_generic.ko
ath10k_core.ko
ath10k_pci.ko
ath11k.ko
ath11k_pci.ko
ath12k.ko
ath3k.ko
ath9k_common.ko
ath9k_htc.ko
ath9k_hw.ko
ath9k.ko
ath.ko
atl1c.ko
atl1e.ko
atl1.ko
atm.ko
auth_rpcgss.ko
ax88179_178a.ko
ax88796b.ko
bareudp.ko
bcm203x.ko
bcm7xxx.ko
bcm87xx.ko
bcma.ko
bcm_crypto_spu.ko
bcm-phy-lib.ko
bcm-phy-ptp.ko
bd718x7-regulator.ko
be2iscsi.ko
belkin_sa.ko
bfusb.ko
binfmt_misc.ko
blake2b_generic.ko
blocklayoutdriver.ko
blowfish_common.ko
blowfish_generic.ko
bluefield_edac.ko
bluetooth.ko
bnep.ko
bnx2.ko
bnx2x.ko
bnxt_en.ko
bnxt_re.ko
bochs.ko
bonding.ko
bpa10x.ko
br2684.ko
brcmfmac-bca.ko
brcmfmac-cyw.ko
brcmfmac.ko
brcmfmac-wcc.ko
brcmsmac.ko
brcmutil.ko
brd.ko
bridge.ko
br_netfilter.ko
broadcom.ko
bsd_comp.ko
btbcm.ko
btcoexist.ko
btintel.ko
btintel_pcie.ko
btmrvl.ko
btmrvl_sdio.ko
btmtk.ko
btrtl.ko
btsdio.ko
btusb.ko
caamalg_desc.ko
caamhash_desc.ko
caam_jr.ko
caam.ko
cachefiles.ko
camellia_generic.ko
can-bcm.ko
can-dev.ko
can-gw.ko
can-isotp.ko
can-j1939.ko
can.ko
can-raw.ko
cast5_generic.ko
cast6_generic.ko
cast_common.ko
catc.ko
cavium_ptp.ko
cavium-rng.ko
cavium-rng-vf.ko
cb710.ko
cb710-mmc.ko
ccp-crypto.ko
ccp.ko
cdc-acm.ko
cdc_eem.ko
cdc_ether.ko
cdc_mbim.ko
cdc_ncm.ko
cdc_subset.ko
cdc-wdm.ko
cdrom.ko
cec.ko
ceph.ko
cfg80211.ko
cfi_cmdset_0001.ko
cfi_cmdset_0002.ko
cfi_cmdset_0020.ko
cfi_probe.ko
cfi_util.ko
ch341.ko
ch7006.ko
ch9200.ko
chacha20poly1305.ko
chacha_generic.ko
chaoskey.ko
chcr.ko
chipreg.ko
ch_ipsec.ko
ch.ko
ch_ktls.ko
cicada.ko
cifs_arc4.ko
cifs.ko
cifs_md4.ko
ci_hdrc_imx.ko
ci_hdrc.ko
ci_hdrc_msm.ko
ci_hdrc_npcm.ko
ci_hdrc_pci.ko
ci_hdrc_tegra.ko
ci_hdrc_usb2.ko
cirrus.ko
clip.ko
clk-bd718x7.ko
clk-max77686.ko
clk-scmi.ko
clk-scpi.ko
cls_bpf.ko
cls_flower.ko
cls_flow.ko
cls_fw.ko
cls_matchall.ko
cls_u32.ko
cn10k-rng.ko
cordic.ko
coresight-catu.ko
coresight-cpu-debug.ko
coresight-cti.ko
coresight-etb10.ko
coresight-etm4x.ko
coresight-funnel.ko
coresight.ko
coresight-replicator.ko
coresight-stm.ko
coresight-tmc.ko
coresight-tpda.ko
coresight-tpdm.ko
coresight-tpiu.ko
coresight-trbe.ko
cortina.ko
cp210x.ko
cppc_cpufreq.ko
cptpf.ko
cptvf.ko
cpufreq-dt.ko
cpufreq-dt-platdev.ko
cqhci.ko
crc32_generic.ko
crc7.ko
crc8.ko
crc-itu-t.ko
crct10dif-ce.ko
cros_hps_i2c.ko
crypto_engine.ko
csiostor.ko
curve25519-generic.ko
cuse.ko
cx82310_eth.ko
cxacru.ko
cxgb4i.ko
cxgb4.ko
cxgb4vf.ko
cxgbit.ko
cxl_acpi.ko
cxl_core.ko
cxl_mem.ko
cxl_pci.ko
cxl_pmem.ko
cxl_pmu.ko
cxl_port.ko
cyberjack.ko
cypress_m8.ko
davicom.ko
dax_hmem.ko
dax_pmem_compat.ko
dax_pmem_core.ko
dax_pmem.ko
des_generic.ko
device_dax.ko
diag.ko
digi_acceleport.ko
dm9601.ko
dm-bio-prison.ko
dm-bufio.ko
dmc520_edac.ko
dm-cache.ko
dm-cache-smq.ko
dm-crypt.ko
dm-delay.ko
dm-era.ko
dm-flakey.ko
dm-historical-service-time.ko
dm-integrity.ko
dm-io-affinity.ko
dm-log.ko
dm-log-userspace.ko
dm-log-writes.ko
dm-mirror.ko
dm-mod.ko
dm-multipath.ko
dm-persistent-data.ko
dm-queue-length.ko
dm-raid.ko
dm-region-hash.ko
dm-round-robin.ko
dm-service-time.ko
dm-snapshot.ko
dm-switch.ko
dm-thin-pool.ko
dm-verity.ko
dm-writecache.ko
dm-zero.ko
dns_resolver.ko
dp83640.ko
dp83822.ko
dp83848.ko
dp83867.ko
dp83tc811.ko
dp83tg720.ko
drm_buddy.ko
drm_display_helper.ko
drm_dp_aux_bus.ko
drm_exec.ko
drm_gpuvm.ko
drm_kms_helper.ko
drm.ko
drm_shmem_helper.ko
drm_suballoc_helper.ko
drm_ttm_helper.ko
drm_vram_helper.ko
dummy.ko
dwc3-imx8mp.ko
dw_dmac_core.ko
dw_dmac.ko
dw_dmac_pci.ko
dwmac-dwc-qos-eth.ko
dwmac-imx.ko
dwmac-tegra.ko
dw_mmc-bluefield.ko
dw_mmc.ko
dw_mmc-pltfm.ko
e1000e.ko
e1000.ko
ebt_802_3.ko
ebtable_broute.ko
ebtable_filter.ko
ebtable_nat.ko
ebtables.ko
ebt_among.ko
ebt_arp.ko
ebt_arpreply.ko
ebt_dnat.ko
ebt_ip6.ko
ebt_ip.ko
ebt_limit.ko
ebt_log.ko
ebt_mark.ko
ebt_mark_m.ko
ebt_nflog.ko
ebt_pkttype.ko
ebt_redirect.ko
ebt_snat.ko
ebt_stp.ko
ebt_vlan.ko
echainiv.ko
ee1004.ko
eeprom_93cx6.ko
eeprom.ko
efa.ko
ehci-platform.ko
einj.ko
elan_i2c.ko
emi26.ko
emi62.ko
empeg.ko
ems_usb.ko
ena.ko
enclosure.ko
erofs.ko
error.ko
esp4.ko
esp4_offload.ko
esp6.ko
esp6_offload.ko
essiv.ko
et1011c.ko
exfat.ko
ext4.ko
extcon-gpio.ko
ezusb.ko
f71882fg.ko
f81534.ko
failover.ko
fat.ko
faulty.ko
fcrypt.ko
fec.ko
ffa-module.ko
ff-memless.ko
fm10k.ko
fsa4480.ko
fscache.ko
ftdi_sio.ko
fusb302.ko
fuse.ko
g762.ko
garmin_gps.ko
garp.ko
genet.ko
geneve.ko
gen_probe.ko
ghash-ce.ko
gl620a.ko
gm12u320.ko
gnss.ko
governor_passive.ko
governor_performance.ko
governor_powersave.ko
governor_simpleondemand.ko
governor_userspace.ko
gpio_backlight.ko
gpio-dwapb.ko
gpio-generic.ko
gpio_keys.ko
gpio_keys_polled.ko
gpio-mlxbf2.ko
gpio-mlxbf3.ko
gpio-mxc.ko
gpio-pca953x.ko
gpio-pca9570.ko
gpio-sim.ko
gpio-virtio.ko
gpio-xgene-sb.ko
gpio-xlp.ko
gpmi-nand.ko
gpu-sched.ko
grace.ko
gre.ko
gud.ko
gve.ko
hci_uart.ko
hci_vhci.ko
hclge.ko
hclgevf.ko
hdlc_cisco.ko
hdlc_fr.ko
hdlc.ko
hdlc_ppp.ko
hdlc_raw.ko
hdma.ko
hdma_mgmt.ko
hi6220_reset.ko
hibmc-drm.ko
hid-a4tech.ko
hid-appleir.ko
hid-apple.ko
hid-aureal.ko
hid-axff.ko
hid-belkin.ko
hid-betopff.ko
hid-cherry.ko
hid-chicony.ko
hid-corsair.ko
hid-cougar.ko
hid-cypress.ko
hid-dr.ko
hid-elan.ko
hid-elecom.ko
hid-elo.ko
hid-evision.ko
hid-ezkey.ko
hid-gaff.ko
hid-gembird.ko
hid-gfrm.ko
hid-gt683r.ko
hid-gyration.ko
hid-holtekff.ko
hid-holtek-kbd.ko
hid-holtek-mouse.ko
hid-hyperv.ko
hid-icade.ko
hid-ite.ko
hid-jabra.ko
hid-kensington.ko
hid-keytouch.ko
hid-kye.ko
hid-lcpower.ko
hid-led.ko
hid-lenovo.ko
hid-letsketch.ko
hid-lg-g15.ko
hid-logitech-dj.ko
hid-logitech-hidpp.ko
hid-logitech.ko
hid-microsoft.ko
hid-monterey.ko
hid-multitouch.ko
hid-nti.ko
hid-ortek.ko
hid-penmount.ko
hid-petalynx.ko
hid-picolcd.ko
hidp.ko
hid-plantronics.ko
hid-pl.ko
hid-primax.ko
hid-prodikeys.ko
hid-rmi.ko
hid-roccat-arvo.ko
hid-roccat-common.ko
hid-roccat-isku.ko
hid-roccat.ko
hid-roccat-kone.ko
hid-roccat-koneplus.ko
hid-roccat-konepure.ko
hid-roccat-kovaplus.ko
hid-roccat-lua.ko
hid-roccat-pyra.ko
hid-roccat-ryos.ko
hid-roccat-savu.ko
hid-saitek.ko
hid-samsung.ko
hid-semitek.ko
hid-sensor-hub.ko
hid-sigmamicro.ko
hid-sjoy.ko
hid-sony.ko
hid-speedlink.ko
hid-steelseries.ko
hid-sunplus.ko
hid-thrustmaster.ko
hid-tivo.ko
hid-tmff.ko
hid-topseed.ko
hid-twinhan.ko
hid-uclogic.ko
hid-waltop.ko
hid-wiimote.ko
hid-xiaomi.ko
hid-xinmo.ko
hid-zpff.ko
hid-zydacron.ko
hinic.ko
hisi_sas_main.ko
hisi_sas_v1_hw.ko
hisi_sas_v2_hw.ko
hisi_sas_v3_hw.ko
hisi_sec.ko
hisi_thermal.ko
hnae3.ko
hnae.ko
hns3.ko
hns_dsaf.ko
hns_enet_drv.ko
hns_mdio.ko
host1x.ko
hpilo.ko
hpsa.ko
hpwdt.ko
hso.ko
hsr.ko
hte-tegra194.ko
huawei_cdc_ncm.ko
hv_balloon.ko
hv_netvsc.ko
hv_sock.ko
hv_storvsc.ko
hv_utils.ko
hv_vmbus.ko
hwmon-vid.ko
hwpoison-inject.ko
hyperv_drm.ko
hyperv-keyboard.ko
i2c-algo-bit.ko
i2c-algo-pca.ko
i2c-arb-gpio-challenge.ko
i2c-designware-core.ko
i2c-designware-platform.ko
i2c-dev.ko
i2c-diolan-u2c.ko
i2c-gpio.ko
i2c-hid-acpi.ko
i2c-hid.ko
i2c-hid-of-goodix.ko
i2c-hid-of.ko
i2c-imx.ko
i2c-imx-lpi2c.ko
i2c-mlxbf.ko
i2c-mux-gpio.ko
i2c-mux.ko
i2c-mux-mlxcpld.ko
i2c-mux-pca9541.ko
i2c-mux-pca954x.ko
i2c-mux-pinctrl.ko
i2c-nforce2.ko
i2c-pca-platform.ko
i2c-scmi.ko
i2c-simtec.ko
i2c-slave-eeprom.ko
i2c-smbus.ko
i2c-stub.ko
i2c-thunderx.ko
i2c-tiny-usb.ko
i2c-versatile.ko
i2c-virtio.ko
i2c-xgene-slimpro.ko
i2c-xlp9xx.ko
i3c.ko
i40e.ko
i6300esb.ko
iavf.ko
ib_cm.ko
ib_core.ko
ib_ipoib.ko
ib_iser.ko
ib_isert.ko
ib_srp.ko
ib_srpt.ko
ib_umad.ko
ib_uverbs.ko
ice.ko
icplus.ko
idmouse.ko
idpf.ko
ifb.ko
igb.ko
igbvf.ko
igc.ko
imx2_wdt.ko
imx7ulp_wdt.ko
imx8m-ddrc.ko
imx8mm-interconnect.ko
imx8mm_thermal.ko
imx8mn-interconnect.ko
imx8mp-interconnect.ko
imx8mq-interconnect.ko
imx93-pd.ko
imx93-src.ko
imx-bus.ko
imx-cpufreq-dt.ko
imx-dsp.ko
imx-interconnect.ko
imx-mailbox.ko
imx-sdma.ko
ina2xx.ko
ina3221.ko
int51x1.ko
intel-xway.ko
io_edgeport.ko
iommufd.ko
ionic.ko
iosm.ko
io_ti.ko
iowarrior.ko
ip6_gre.ko
ip6table_filter.ko
ip6table_mangle.ko
ip6table_nat.ko
ip6table_raw.ko
ip6table_security.ko
ip6_tables.ko
ip6t_ah.ko
ip6t_eui64.ko
ip6t_frag.ko
ip6t_hbh.ko
ip6t_ipv6header.ko
ip6t_mh.ko
ip6t_NPT.ko
ip6t_REJECT.ko
ip6t_rpfilter.ko
ip6t_rt.ko
ip6t_SYNPROXY.ko
ip6_tunnel.ko
ip6_udp_tunnel.ko
ip6_vti.ko
ipaq.ko
ipcomp6.ko
ipcomp.ko
ip_gre.ko
ipheth.ko
ipip.ko
ipmb_dev_int.ko
ipmi_devintf.ko
ipmi_ipmb.ko
ipmi_msghandler.ko
ipmi_poweroff.ko
ipmi_si.ko
ipmi_ssif.ko
ipmi_watchdog.ko
ipr.ko
ip_set_bitmap_ip.ko
ip_set_bitmap_ipmac.ko
ip_set_bitmap_port.ko
ip_set_hash_ip.ko
ip_set_hash_ipmac.ko
ip_set_hash_ipmark.ko
ip_set_hash_ipportip.ko
ip_set_hash_ipport.ko
ip_set_hash_ipportnet.ko
ip_set_hash_mac.ko
ip_set_hash_netiface.ko
ip_set_hash_net.ko
ip_set_hash_netnet.ko
ip_set_hash_netport.ko
ip_set_hash_netportnet.ko
ip_set.ko
ip_set_list_set.ko
iptable_filter.ko
iptable_mangle.ko
iptable_nat.ko
iptable_raw.ko
iptable_security.ko
ip_tables.ko
ipt_ah.ko
ipt_ECN.ko
ipt_REJECT.ko
ipt_rpfilter.ko
ipt_SYNPROXY.ko
ip_tunnel.ko
ipvlan.ko
ip_vs_dh.ko
ip_vs_fo.ko
ip_vs_ftp.ko
ip_vs.ko
ip_vs_lblc.ko
ip_vs_lblcr.ko
ip_vs_lc.ko
ip_vs_mh.ko
ip_vs_nq.ko
ip_vs_ovf.ko
ip_vs_pe_sip.ko
ip_vs_rr.ko
ip_vs_sed.ko
ip_vs_sh.ko
ip_vs_wlc.ko
ip_vs_wrr.ko
ipvtap.ko
ip_vti.ko
ipw.ko
irdma.ko
ir-usb.ko
iscsi_boot_sysfs.ko
iscsi_ibft.ko
iscsi_target_mod.ko
iscsi_tcp.ko
isight_firmware.ko
isofs.ko
iuu_phoenix.ko
iw_cm.ko
iw_cxgb4.ko
iwldvm.ko
iwlmvm.ko
iwlwifi.ko
ixgbe.ko
ixgbevf.ko
jbd2.ko
jc42.ko
jmb38x_ms.ko
kalmia.ko
kaweth.ko
keyspan.ko
keyspan_pda.ko
kheaders.ko
kl5kusb105.ko
kmem.ko
kobil_sct.ko
kvaser_usb.ko
l2tp_core.ko
l2tp_debugfs.ko
l2tp_eth.ko
l2tp_ip6.ko
l2tp_ip.ko
l2tp_netlink.ko
l2tp_ppp.ko
lan78xx.ko
lcd.ko
ldusb.ko
lec.ko
led_bl.ko
led-class-flash.ko
leds-blinkm.ko
leds-gpio.ko
leds-lm3530.ko
leds-lp3944.ko
leds-lt3593.ko
leds-mlxreg.ko
leds-pca9532.ko
leds-tlc591xx.ko
ledtrig-audio.ko
ledtrig-backlight.ko
ledtrig-camera.ko
ledtrig-default-on.ko
ledtrig-gpio.ko
ledtrig-heartbeat.ko
ledtrig-netdev.ko
ledtrig-oneshot.ko
ledtrig-timer.ko
ledtrig-transient.ko
ledtrig-usbport.ko
legousbtower.ko
lg-vl600.ko
libahci_platform.ko
libarc4.ko
libceph.ko
libcrc32c.ko
libcurve25519-generic.ko
libcurve25519.ko
libcxgbi.ko
libcxgb.ko
libdes.ko
libeth.ko
libfc.ko
libfcoe.ko
libie.ko
libiscsi.ko
libiscsi_tcp.ko
libnvdimm.ko
libpoly1305.ko
libsas.ko
linear.ko
llc.ko
lm70.ko
lm73.ko
lm75.ko
lm77.ko
lm78.ko
lm90.ko
lm92.ko
lm93.ko
lockd.ko
loop.ko
lp855x_bl.ko
lpfc.ko
lrw.ko
ltc2945.ko
ltc3815.ko
ltc4222.ko
ltc4260.ko
lxt.ko
lz4_compress.ko
mac80211.ko
mac-celtic.ko
mac-centeuro.ko
mac-croatian.ko
mac-cyrillic.ko
mac-gaelic.ko
mac-greek.ko
mac-iceland.ko
mac-inuit.ko
mac-romanian.ko
mac-roman.ko
macsec.ko
mac-turkish.ko
macvlan.ko
macvtap.ko
mailbox-xgene-slimpro.ko
mana_ib.ko
mana.ko
marvell10g.ko
marvell-88q2xxx.ko
marvell_cn10k_ddr_pmu.ko
marvell_cn10k_tad_pmu.ko
marvell.ko
max1111.ko
max20751.ko
max31790.ko
max6875.ko
max77620_thermal.ko
max77686.ko
max77686-regulator.ko
mbcache.ko
m_can.ko
m_can_pci.ko
mc.ko
mcp251xfd.ko
mcp251x.ko
mcs7830.ko
mct_u232.ko
md4.ko
mdc800.ko
mdio-bcm-unimac.ko
mdio-bitbang.ko
mdio-cavium.ko
mdio-gpio.ko
mdio-hisi-femac.ko
mdio.ko
mdio-mscc-miim.ko
mdio-octeon.ko
mdio-thunder.ko
mdio-xgene.ko
megaraid_sas.ko
memstick.ko
mgag200.ko
mhi.ko
mhi_net.ko
mhi_pci_generic.ko
mhi_wwan_ctrl.ko
mhi_wwan_mbim.ko
michael_mic.ko
micrel.ko
microchip.ko
microchip_t1.ko
microtek.ko
mii.ko
mip6.ko
mlx4_core.ko
mlx4_en.ko
mlx4_ib.ko
mlx5_core.ko
mlx5_dpll.ko
mlx5_ib.ko
mlx5-vfio-pci.ko
mlxbf-bootctl.ko
mlxbf_gige.ko
mlxbf-pmc.ko
mlxbf-tmfifo.ko
mlxfw.ko
mlxreg-fan.ko
mlxreg-hotplug.ko
mlxreg-io.ko
mlxreg-lc.ko
mlxsw_core.ko
mlxsw_i2c.ko
mlxsw_minimal.ko
mlxsw_pci.ko
mlxsw_spectrum.ko
mlx_wdt.ko
mmc_block.ko
mmc_core.ko
mos7720.ko
mos7840.ko
mpi3mr.ko
mpls_iptunnel.ko
mpls_router.ko
mpt3sas.ko
mptbase.ko
mptsas.ko
mptscsih.ko
mptspi.ko
mrp.ko
mscc.ko
msdos.ko
mspro_block.ko
mt7601u.ko
mt76-connac-lib.ko
mt76.ko
mt76-usb.ko
mt76x02-lib.ko
mt76x02-usb.ko
mt76x0-common.ko
mt76x0e.ko
mt76x0u.ko
mt76x2-common.ko
mt76x2e.ko
mt76x2u.ko
mt7921-common.ko
mt7921e.ko
mt7925-common.ko
mt7925e.ko
mt792x-lib.ko
mtd_blkdevs.ko
mtdblock.ko
mtd.ko
mtk_t7xx.ko
mwifiex.ko
mwifiex_pcie.ko
mwifiex_sdio.ko
mwifiex_usb.ko
mxl-gpy.ko
mxuport.ko
n5pf.ko
nandcore.ko
nand.ko
national.ko
navman.ko
nbd.ko
nct7802.ko
nct7904.ko
nd_btt.ko
nd_pmem.ko
net1080.ko
netconsole.ko
net_failover.ko
netfs.ko
netxen_nic.ko
nf_conncount.ko
nf_conntrack_amanda.ko
nf_conntrack_bridge.ko
nf_conntrack_broadcast.ko
nf_conntrack_ftp.ko
nf_conntrack_h323.ko
nf_conntrack_irc.ko
nf_conntrack.ko
nf_conntrack_netbios_ns.ko
nf_conntrack_netlink.ko
nf_conntrack_pptp.ko
nf_conntrack_sane.ko
nf_conntrack_sip.ko
nf_conntrack_snmp.ko
nf_conntrack_tftp.ko
nf_defrag_ipv4.ko
nf_defrag_ipv6.ko
nf_dup_ipv4.ko
nf_dup_ipv6.ko
nf_dup_netdev.ko
nf_flow_table_inet.ko
nf_flow_table_ipv4.ko
nf_flow_table_ipv6.ko
nf_flow_table.ko
nfit.ko
nf_log_syslog.ko
nf_nat_amanda.ko
nf_nat_ftp.ko
nf_nat_h323.ko
nf_nat_irc.ko
nf_nat.ko
nf_nat_pptp.ko
nf_nat_sip.ko
nf_nat_snmp_basic.ko
nf_nat_tftp.ko
nfnetlink_cthelper.ko
nfnetlink_cttimeout.ko
nfnetlink_hook.ko
nfnetlink.ko
nfnetlink_log.ko
nfnetlink_osf.ko
nfnetlink_queue.ko
nfp.ko
nf_reject_ipv4.ko
nf_reject_ipv6.ko
nfs_acl.ko
nfsd.ko
nfs.ko
nfs_layout_flexfiles.ko
nfs_layout_nfsv41_files.ko
nf_socket_ipv4.ko
nf_socket_ipv6.ko
nfsv3.ko
nfsv4.ko
nf_synproxy_core.ko
nf_tables.ko
nft_chain_nat.ko
nft_compat.ko
nft_connlimit.ko
nft_counter.ko
nft_ct.ko
nft_dup_ipv4.ko
nft_dup_ipv6.ko
nft_dup_netdev.ko
nft_fib_inet.ko
nft_fib_ipv4.ko
nft_fib_ipv6.ko
nft_fib.ko
nft_fib_netdev.ko
nft_flow_offload.ko
nft_fwd_netdev.ko
nft_hash.ko
nft_limit.ko
nft_log.ko
nft_masq.ko
nft_meta_bridge.ko
nft_nat.ko
nft_numgen.ko
nft_objref.ko
nft_osf.ko
nf_tproxy_ipv4.ko
nf_tproxy_ipv6.ko
nft_queue.ko
nft_quota.ko
nft_redir.ko
nft_reject_bridge.ko
nft_reject_inet.ko
nft_reject_ipv4.ko
nft_reject_ipv6.ko
nft_reject.ko
nft_reject_netdev.ko
nft_socket.ko
nft_synproxy.ko
nft_tproxy.ko
nft_tunnel.ko
nft_xfrm.ko
n_gsm.ko
n_hdlc.ko
nhpoly1305.ko
nhpoly1305-neon.ko
nicpf.ko
nicvf.ko
nitro_enclaves.ko
nlmon.ko
nls_cp1250.ko
nls_cp1251.ko
nls_cp1255.ko
nls_cp737.ko
nls_cp775.ko
nls_cp850.ko
nls_cp852.ko
nls_cp855.ko
nls_cp857.ko
nls_cp860.ko
nls_cp861.ko
nls_cp862.ko
nls_cp863.ko
nls_cp864.ko
nls_cp865.ko
nls_cp866.ko
nls_cp869.ko
nls_cp874.ko
nls_cp932.ko
nls_cp936.ko
nls_cp949.ko
nls_cp950.ko
nls_euc-jp.ko
nls_iso8859-13.ko
nls_iso8859-14.ko
nls_iso8859-15.ko
nls_iso8859-1.ko
nls_iso8859-2.ko
nls_iso8859-3.ko
nls_iso8859-4.ko
nls_iso8859-5.ko
nls_iso8859-6.ko
nls_iso8859-7.ko
nls_iso8859-9.ko
nls_koi8-r.ko
nls_koi8-ru.ko
nls_koi8-u.ko
nls_utf8.ko
nouveau.ko
ntc_thermistor.ko
null_blk.ko
nvidia_cspmu.ko
nvme-auth.ko
nvme-core.ko
nvme-fabrics.ko
nvme-fc.ko
nvme-fcloop.ko
nvme-keyring.ko
nvme.ko
nvme-loop.ko
nvmem-imx-ocotp.ko
nvme-rdma.ko
nvme-tcp.ko
nvmet-fc.ko
nvmet.ko
nvmet-rdma.ko
nvmet-tcp.ko
objagg.ko
octeon_ep.ko
octeon_ep_vf.ko
ofpart.ko
of_pmem.ko
omninet.ko
onboard_usb_dev.ko
openvswitch.ko
opticon.ko
option.ko
oti6858.ko
otx2_ptp.ko
overlay.ko
p8022.ko
parman.ko
pca9450-regulator.ko
pcbc.ko
pci-hyperv-intf.ko
pci-hyperv.ko
pci-pf-stub.ko
pcrypt.ko
pcs_xpcs.ko
peak_pciefd.ko
peak_usb.ko
pegasus.ko
pf8x00-regulator.ko
pfr_telemetry.ko
pfr_update.ko
pfuze100-regulator.ko
phy-bcm-sr-usb.ko
phy-fsl-imx8mq-usb.ko
phy-generic.ko
phy-hi6220-usb.ko
phylink.ko
phy-mxs-usb.ko
physmap.ko
phy-tegra-usb.ko
phy-tegra-xusb.ko
pi3usb30532.ko
pinctrl-mlxbf3.ko
pkcs8_key_parser.ko
pktcdvd.ko
pl2303.ko
platform_lcd.ko
plusb.ko
pmbus_core.ko
poly1305_generic.ko
polynomial.ko
powr1220.ko
ppp_async.ko
ppp_deflate.ko
ppp_generic.ko
ppp_mppe.ko
pppoatm.ko
pppoe.ko
pppox.ko
ppp_synctty.ko
pps-gpio.ko
pps-ldisc.ko
pptp.ko
prime_numbers.ko
psample.ko
psnap.ko
ptp_kvm.ko
pulse8-cec.ko
pvpanic.ko
pvpanic-pci.ko
pwm_bl.ko
pwm-fan.ko
pwm-imx27.ko
pwr-mlxbf.ko
pwrseq_emmc.ko
pwrseq_simple.ko
qca807x.ko
qca808x.ko
qca83xx.ko
qcaux.ko
qcom-emac.ko
qcom-phy-lib.ko
qcserial.ko
qede.ko
qedf.ko
qedi.ko
qed.ko
qedr.ko
qla2xxx.ko
qla3xxx.ko
qla4xxx.ko
qmi_helpers.ko
qmi_wwan.ko
qoriq_thermal.ko
qrtr.ko
qrtr-mhi.ko
qsemi.ko
quatech2.ko
qxl.ko
r592.ko
r8152.ko
r8153_ecm.ko
r8169.ko
radeon.ko
raid0.ko
raid10.ko
raid1.ko
raid456.ko
raid6_pq.ko
raid6test.ko
raid_class.ko
rainshadow-cec.ko
ramoops.ko
rbd.ko
rdma_cm.ko
rdma_rxe.ko
rdma_ucm.ko
realtek.ko
reed_solomon.ko
regmap-ram.ko
regmap-raw-ram.ko
regmap-spi.ko
rfcomm.ko
rfkill-gpio.ko
rfkill.ko
ring_buffer_benchmark.ko
rmd160.ko
rmi_core.ko
rmi_i2c.ko
rmi_smbus.ko
rmi_spi.ko
rndis_host.ko
rockchip.ko
rohm-bd718x7.ko
rohm-regulator.ko
rpcrdma.ko
rpcsec_gss_krb5.ko
rt1719.ko
rt2800lib.ko
rt2800mmio.ko
rt2800pci.ko
rt2800usb.ko
rt2x00lib.ko
rt2x00mmio.ko
rt2x00pci.ko
rt2x00usb.ko
rtc-ab-b5ze-s3.ko
rtc-abx80x.ko
rtc-bq32k.ko
rtc-bq4802.ko
rtc-ds1286.ko
rtc-ds1305.ko
rtc-ds1307.ko
rtc-ds1343.ko
rtc-ds1347.ko
rtc-ds1374.ko
rtc-ds1390.ko
rtc-ds1511.ko
rtc-ds1553.ko
rtc-ds1672.ko
rtc-ds1685.ko
rtc-ds1742.ko
rtc-ds2404.ko
rtc-ds3232.ko
rtc-em3027.ko
rtc-fm3130.ko
rtc-hym8563.ko
rtc-isl12022.ko
rtc-isl1208.ko
rtc-m41t80.ko
rtc-m41t93.ko
rtc-m41t94.ko
rtc-m48t35.ko
rtc-m48t59.ko
rtc-max6900.ko
rtc-max6902.ko
rtc-max77686.ko
rtc-mcp795.ko
rtc-msm6242.ko
rtc-nxp-bbnsm.ko
rtc-pcf2123.ko
rtc-pcf2127.ko
rtc-pcf85063.ko
rtc-pcf8523.ko
rtc-pcf8563.ko
rtc-pcf8583.ko
rtc-r9701.ko
rtc-rp5c01.ko
rtc-rs5c348.ko
rtc-rs5c372.ko
rtc-rv3028.ko
rtc-rv3029c2.ko
rtc-rv3032.ko
rtc-rv8803.ko
rtc-rx4581.ko
rtc-rx8010.ko
rtc-rx8025.ko
rtc-rx8581.ko
rtc-snvs.ko
rtc-stk17ta8.ko
rtc-tegra.ko
rtc-x1205.ko
rtl8150.ko
rtl8188ee.ko
rtl8192c-common.ko
rtl8192ce.ko
rtl8192cu.ko
rtl8192d-common.ko
rtl8192de.ko
rtl8192ee.ko
rtl8192se.ko
rtl8723ae.ko
rtl8723be.ko
rtl8723-common.ko
rtl8821ae.ko
rtl8xxxu.ko
rtl_pci.ko
rtl_usb.ko
rtlwifi.ko
rtw88_8723de.ko
rtw88_8723d.ko
rtw88_8723x.ko
rtw88_8821ce.ko
rtw88_8821c.ko
rtw88_8822be.ko
rtw88_8822b.ko
rtw88_8822bu.ko
rtw88_8822ce.ko
rtw88_8822c.ko
rtw88_core.ko
rtw88_pci.ko
rtw88_usb.ko
rtw89_8852ae.ko
rtw89_8852a.ko
rtw89_8852b_common.ko
rtw89_8852be.ko
rtw89_8852b.ko
rtw89_8852ce.ko
rtw89_8852c.ko
rtw89_core.ko
rtw89_pci.ko
rvu_af.ko
rvu_cptcommon.ko
rvu_cptpf.ko
rvu_cptvf.ko
rvu_mbox.ko
rvu_nicpf.ko
rvu_nicvf.ko
rvu_rep.ko
safe_serial.ko
sbsa_gwdt.ko
sch_cake.ko
sch_cbs.ko
sch_etf.ko
sch_ets.ko
sch_fq.ko
sch_gred.ko
sch_hfsc.ko
sch_htb.ko
sch_ingress.ko
sch_mqprio.ko
sch_mqprio_lib.ko
sch_multiq.ko
sch_netem.ko
sch_prio.ko
sch_red.ko
sch_sfq.ko
sch_taprio.ko
sch_tbf.ko
scmi-cpufreq.ko
scmi-hwmon.ko
scmi_pm_domain.ko
scmi_power_control.ko
scmi-regulator.ko
scpi-cpufreq.ko
scpi-hwmon.ko
scpi_pm_domain.ko
scsi_debug.ko
scsi_transport_fc.ko
scsi_transport_iscsi.ko
scsi_transport_sas.ko
scsi_transport_spi.ko
scsi_transport_srp.ko
sctp_diag.ko
sctp.ko
sdhci-acpi.ko
sdhci-esdhc-imx.ko
sdhci-iproc.ko
sdhci.ko
sdhci-of-dwcmshc.ko
sdhci-pci.ko
sdhci-pltfm.ko
sdhci-tegra.ko
sdio_uart.ko
serio_raw.ko
serpent_generic.ko
serport.ko
ses.ko
sg.ko
sha1-ce.ko
sha256-arm64.ko
sha2-ce.ko
shtc1.ko
sierra.ko
sierra_net.ko
sisusbvga.ko
sit.ko
siw.ko
slcan.ko
slhc.ko
slip.ko
smartpqi.ko
smb347-charger.ko
smc91x.ko
smsc75xx.ko
smsc95xx.ko
smsc.ko
snd-ac97-codec.ko
snd-ak4113.ko
snd-ak4114.ko
snd-ak4xxx-adda.ko
snd-aloop.ko
snd-au8810.ko
snd-au8820.ko
snd-au8830.ko
snd-bcd2000.ko
snd-bt87x.ko
snd-ca0106.ko
snd-cmipci.ko
snd-cs46xx.ko
snd-cs8427.ko
snd-ctl-led.ko
snd-ctxfi.ko
snd-darla20.ko
snd-darla24.ko
snd-dummy.ko
snd-echo3g.ko
snd-emu10k1.ko
snd-emu10k1-synth.ko
snd-emu10k1x.ko
snd-emux-synth.ko
snd-ens1370.ko
snd-ens1371.ko
snd-es1968.ko
snd-gina20.ko
snd-gina24.ko
snd-hda-codec-analog.ko
snd-hda-codec-ca0110.ko
snd-hda-codec-ca0132.ko
snd-hda-codec-cirrus.ko
snd-hda-codec-cmedia.ko
snd-hda-codec-conexant.ko
snd-hda-codec-generic.ko
snd-hda-codec-hdmi.ko
snd-hda-codec-idt.ko
snd-hda-codec.ko
snd-hda-codec-realtek.ko
snd-hda-codec-si3054.ko
snd-hda-codec-via.ko
snd-hda-core.ko
snd-hda-intel.ko
snd-hda-scodec-component.ko
snd-hdsp.ko
snd-hdspm.ko
snd-hrtimer.ko
snd-hwdep.ko
snd-i2c.ko
snd-ice1712.ko
snd-ice1724.ko
snd-ice17xx-ak4xxx.ko
snd-indigodj.ko
snd-indigodjx.ko
snd-indigoio.ko
snd-indigoiox.ko
snd-indigo.ko
snd-intel-dspcfg.ko
snd-intel-sdw-acpi.ko
snd.ko
snd-korg1212.ko
snd-layla20.ko
snd-layla24.ko
snd-lola.ko
snd-lx6464es.ko
snd-maestro3.ko
snd-mia.ko
snd-mixart.ko
snd-mona.ko
snd-mpu401.ko
snd-mpu401-uart.ko
snd-mtpav.ko
snd-opl3-lib.ko
snd-opl3-synth.ko
snd-oxygen.ko
snd-oxygen-lib.ko
snd-pcm.ko
snd-pcxhr.ko
snd-pt2258.ko
snd-rawmidi.ko
snd-rme32.ko
snd-rme9652.ko
snd-rme96.ko
snd-seq-device.ko
snd-seq-dummy.ko
snd-seq.ko
snd-seq-midi-emul.ko
snd-seq-midi-event.ko
snd-seq-midi.ko
snd-seq-ump-client.ko
snd-seq-virmidi.ko
snd-timer.ko
snd-trident.ko
snd-ua101.ko
snd-ump.ko
snd-usb-6fire.ko
snd-usb-audio.ko
snd-usb-caiaq.ko
snd-usb-hiface.ko
snd-usb-line6.ko
snd-usbmidi-lib.ko
snd-usb-podhd.ko
snd-usb-pod.ko
snd-usb-toneport.ko
snd-usb-variax.ko
snd-util-mem.ko
snd-virmidi.ko
snd-virtuoso.ko
snd-vx222.ko
snd-vx-lib.ko
snvs_pwrkey.ko
softdog.ko
soundcore.ko
sparse-keymap.ko
spcp8x5.ko
spi-bitbang.ko
spi-fsl-lpspi.ko
spi-fsl-qspi.ko
spi-imx.ko
spi_ks8995.ko
spi-nor.ko
spi-nxp-fspi.ko
spi-pl022.ko
spi-tegra114.ko
spi-xlp.ko
squashfs.ko
sr9700.ko
sr_mod.ko
ssd1307fb.ko
ssif_bmc.ko
ssu100.ko
ste10Xp.ko
st.ko
stm_core.ko
stmmac.ko
stmmac-platform.ko
stp.ko
stusb160x.ko
sunrpc.ko
svc-i3c-master.ko
symbolserial.ko
synaptics_i2c.ko
synaptics_usb.ko
synclink_gt.ko
tap.ko
target_core_file.ko
target_core_iblock.ko
target_core_mod.ko
target_core_pscsi.ko
target_core_user.ko
tc74.ko
tcm_fc.ko
tcm_loop.ko
tcp_bbr.ko
tcp_bic.ko
tcpci.ko
tcp_dctcp.ko
tcp_htcp.ko
tcp_illinois.ko
tcpm.ko
tcp_nv.ko
tcp_westwood.ko
tcrypt.ko
tda998x.ko
team.ko
team_mode_activebackup.ko
team_mode_broadcast.ko
team_mode_loadbalance.ko
team_mode_random.ko
team_mode_roundrobin.ko
tee.ko
tegra186-gpc-dma.ko
tegra-bpmp-thermal.ko
tegra-drm.ko
tegra-se.ko
tegra-xudc.ko
teranetics.ko
test_lockup.ko
tg3.ko
thunder_bgx.ko
thunderbolt_net.ko
thunderx2_pmu.ko
thunder_xcv.ko
thunderx_edac.ko
thunderx_zip.ko
tifm_core.ko
tifm_ms.ko
tifm_sd.ko
timeriomem-rng.ko
tipc.ko
ti_usb_3410_5052.ko
tls.ko
tmp102.ko
tmp103.ko
tmp401.ko
tmp421.ko
toshsd.ko
tpm_i2c_nuvoton.ko
tpm_vtpm_proxy.ko
tps40422.ko
tps6598x.ko
trusted.ko
ts_bm.ko
ts_fsm.ko
ts_kmp.ko
ttm.ko
tun.ko
tunnel4.ko
tunnel6.ko
twofish_common.ko
twofish_generic.ko
typec_displayport.ko
uas.ko
ubi.ko
ucsi_ccg.ko
udf.ko
udl.ko
udp_tunnel.ko
ueagle-atm.ko
uhid.ko
uinput.ko
uio_hv_generic.ko
uio.ko
uio_pci_generic.ko
ulpi.ko
ums-alauda.ko
ums-cypress.ko
ums-datafab.ko
ums-eneub6250.ko
ums-freecom.ko
ums-isd200.ko
ums-jumpshot.ko
ums-karma.ko
ums-onetouch.ko
ums-realtek.ko
ums-sddr09.ko
ums-sddr55.ko
ums-usbat.ko
uPD60620.ko
upd78f0730.ko
usb3503.ko
usb_8dev.ko
usbatm.ko
usb-conn-gpio.ko
usb_debug.ko
usblcd.ko
usblp.ko
usbmisc_imx.ko
usbnet.ko
usb-serial-simple.ko
usbsevseg.ko
usb-storage.ko
usbtmc.ko
usb_wwan.ko
userspace-consumer.ko
ushc.ko
uvc.ko
uvcvideo.ko
v4l2-dv-timings.ko
vcan.ko
veth.ko
vexpress-hwmon.ko
vfat.ko
vfio_iommu_type1.ko
vfio.ko
vfio-pci-core.ko
vfio-pci.ko
vhost_iotlb.ko
vhost.ko
vhost_net.ko
vhost_vsock.ko
via-sdmmc.ko
videobuf2-common.ko
videobuf2-memops.ko
videobuf2-v4l2.ko
videobuf2-vmalloc.ko
videodev.ko
video.ko
virt-dma.ko
virtio_balloon.ko
virtio_blk.ko
virtio_console.ko
virtio_dma_buf.ko
virtiofs.ko
virtio-gpu.ko
virtio_input.ko
virtio_mem.ko
virtio_mmio.ko
virtio_net.ko
virtio_scsi.ko
virtio_snd.ko
visor.ko
vitesse.ko
vkms.ko
vmac.ko
vmwgfx.ko
vmw_vmci.ko
vmw_vsock_virtio_transport_common.ko
vmw_vsock_virtio_transport.ko
vmw_vsock_vmci_transport.ko
vmxnet3.ko
vport-geneve.ko
vport-gre.ko
vport-vxlan.ko
vrf.ko
vsock_diag.ko
vsock.ko
vsock_loopback.ko
vsockmon.ko
vsxxxaa.ko
vub300.ko
vxcan.ko
vxlan.ko
wacom.ko
whiteheat.ko
wireguard.ko
wp512.ko
wusb3801.ko
xcbc.ko
xfrm4_tunnel.ko
xfrm6_tunnel.ko
xfrm_interface.ko
xfrm_ipcomp.ko
xfs.ko
xgene_edac.ko
xgene-enet.ko
xgene-enet-v2.ko
xgene-hwmon.ko
xgene-rng.ko
xhci-tegra.ko
xilinx_gmii2rgmii.ko
xr_serial.ko
xsens_mt.ko
xsk_diag.ko
xt_addrtype.ko
xt_AUDIT.ko
xt_bpf.ko
xt_cgroup.ko
xt_CHECKSUM.ko
xt_CLASSIFY.ko
xt_cluster.ko
xt_comment.ko
xt_connbytes.ko
xt_connlabel.ko
xt_connlimit.ko
xt_connmark.ko
xt_CONNSECMARK.ko
xt_conntrack.ko
xt_cpu.ko
xt_CT.ko
xt_dccp.ko
xt_devgroup.ko
xt_dscp.ko
xt_DSCP.ko
xt_ecn.ko
xt_esp.ko
xt_hashlimit.ko
xt_helper.ko
xt_hl.ko
xt_HL.ko
xt_HMARK.ko
xt_IDLETIMER.ko
xt_iprange.ko
xt_ipvs.ko
xt_length.ko
xt_limit.ko
xt_LOG.ko
xt_mac.ko
xt_mark.ko
xt_MASQUERADE.ko
xt_multiport.ko
xt_nat.ko
xt_NETMAP.ko
xt_NFLOG.ko
xt_NFQUEUE.ko
xt_osf.ko
xt_owner.ko
xt_physdev.ko
xt_pkttype.ko
xt_policy.ko
xt_quota.ko
xt_rateest.ko
xt_RATEEST.ko
xt_realm.ko
xt_recent.ko
xt_REDIRECT.ko
xt_sctp.ko
xt_SECMARK.ko
xt_set.ko
xt_socket.ko
xt_state.ko
xt_statistic.ko
xt_string.ko
xt_tcpmss.ko
xt_TCPMSS.ko
xt_TCPOPTSTRIP.ko
xt_TEE.ko
xt_TPROXY.ko
xt_TRACE.ko
xusbatm.ko
xxhash_generic.ko
zaurus.ko
zram.ko
zstd_compress.ko
zstd.ko
