8250.ko
8250_pci.ko
842_decompress.ko
acompress.ko
aead.ko
aes_generic.ko
af_alg.ko
af_packet.ko
agpgart.ko
akcipher.ko
algif_hash.ko
algif_skcipher.ko
asn1_decoder.ko
asymmetric_keys.ko
atkbd.ko
autofs4.ko
backlight.ko
binfmt_script.ko
bitblit.ko
bitrev.ko
cbc.ko
cfbcopyarea.ko
cfbfillrect.ko
cfbimgblt.ko
cfq-iosched.ko
chainiv.ko
cls_cgroup.ko
cmm.ko
cn.ko
configfs.ko
cpufreq_conservative.ko
cpufreq_ondemand.ko
cpufreq_performance.ko
cpufreq_powersave.ko
cpufreq_userspace.ko
crash.ko
crc16.ko
crc32c.ko
crc32.ko
crypto_algapi.ko
crypto_blkcipher.ko
crypto_hash.ko
crypto.ko
cryptomgr.ko
crypto_wq.ko
ctr.ko
dax.ko
deadline-iosched.ko
digsig.ko
drop_monitor.ko
ecb.ko
ehci-hcd.ko
ehci-pci.ko
encrypted-keys.ko
eseqiv.ko
evdev.ko
exportfs.ko
fbcon_ccw.ko
fbcon_cw.ko
fbcon.ko
fbcon_rotate.ko
fbcon_ud.ko
fb.ko
firmware_class.ko
fixed_phy.ko
font.ko
g450_pll.ko
gxt4500.ko
hid-a4tech.ko
hid-apple.ko
hid-belkin.ko
hid-cherry.ko
hid-chicony.ko
hid-cypress.ko
hid-ezkey.ko
hid-generic.ko
hid-kensington.ko
hid.ko
hid-logitech.ko
hid-magicmouse.ko
hid-microsoft.ko
hid-monterey.ko
hid-ntrig.ko
hid-plantronics.ko
hmac.ko
hwmon.ko
i8042.ko
industrialio-buffer-cb.ko
industrialio.ko
inet6_hashtables.ko
inet_lro.ko
input-core.ko
input-leds.ko
ipv6.ko
irqbypass.ko
kfifo_buf.ko
kgdboc.ko
kpp.ko
kyber-iosched.ko
led-class.ko
libphy.ko
libps2.ko
lzo_compress.ko
lzo_decompress.ko
lzo.ko
mac_hid.ko
macmodes.ko
matroxfb_accel.ko
matroxfb_base.ko
matroxfb_crtc2.ko
matroxfb_DAC1064.ko
matroxfb_g450.ko
matroxfb_misc.ko
matroxfb_Ti3026.ko
md5.ko
md-mod.ko
mousedev.ko
mpi.ko
mpls_gso.ko
mq-deadline.ko
netprio_cgroup.ko
nls_ascii.ko
nls_base.ko
nls_cp437.ko
nvmem_core.ko
nx-compress.ko
nx-compress-powernv.ko
nx-compress-pseries.ko
of_mdio.ko
of_pci_irq.ko
of_pci.ko
ohci-hcd.ko
ohci-pci.ko
oid_registry.ko
pci-stub.ko
pcmcia_core.ko
pcmcia_rsrc.ko
pcompress.ko
powernv-cpufreq.ko
psmouse.ko
public_key.ko
quota_tree.ko
quota_v2.ko
raw.ko
realtek.ko
rng-core.ko
rng.ko
rsa.ko
rtas_flash.ko
rtc-cmos.ko
rtc_cmos_setup.ko
rtc-generic.ko
rtc-opal.ko
scanlog.ko
scompress.ko
scsi_dh_alua.ko
scsi_dh_emc.ko
scsi_dh_hp_sw.ko
scsi_dh.ko
scsi_dh_rdac.ko
scsi_mod.ko
seqiv.ko
serial_core.ko
serio.ko
serport.ko
sha1_generic.ko
sha256_generic.ko
softcursor.ko
tcp_cubic.ko
test-kstrtox.ko
thermal_sys.ko
tileblit.ko
tpm_ibmvtpm.ko
tpm.ko
trusted.ko
typec_displayport.ko
typec.ko
typec_ucsi.ko
uhci-hcd.ko
unix.ko
usb-common.ko
usbcore.ko
usbhid.ko
usbmon.ko
usbserial.ko
x509_key_parser.ko
xfrm_algo.ko
xfrm_user.ko
xhci-hcd.ko
xhci-pci.ko
x_tables.ko
xt_tcpudp.ko
xz_dec.ko
zbud.ko
zlib_deflate.ko
zlib_inflate.ko
zpool.ko
zsmalloc.ko
