8021q.ko
9pnet.ko
9pnet_virtio.ko
act_gact.ko
act_ipt.ko
act_mirred.ko
act_nat.ko
act_pedit.ko
act_police.ko
act_simple.ko
act_skbedit.ko
aes_generic.ko
aes_s390.ko
af_802154.ko
af_iucv.ko
af_key.ko
ah4.ko
ah6.ko
ansi_cprng.ko
anubis.ko
appldata_mem.ko
appldata_net_sum.ko
appldata_os.ko
arc4.ko
arptable_filter.ko
arp_tables.ko
arpt_mangle.ko
async_memcpy.ko
async_pq.ko
async_raid6_recov.ko
async_tx.ko
async_xor.ko
atm.ko
atmtcp.ko
authenc.ko
auth_rpcgss.ko
autofs4.ko
blowfish.ko
bonding.ko
bq24022.ko
br2684.ko
bridge.ko
btrfs.ko
cachefiles.ko
camellia.ko
can-bcm.ko
can-dev.ko
can.ko
can-raw.ko
cast5.ko
cast6.ko
cbc.ko
ccm.ko
ccwgroup.ko
cdrom.ko
ch.ko
chsc_sch.ko
cifs.ko
clip.ko
cls_basic.ko
cls_flow.ko
cls_fw.ko
cls_route.ko
cls_rsvp6.ko
cls_rsvp.ko
cls_tcindex.ko
cls_u32.ko
cmm.ko
configfs.ko
cramfs.ko
crash.ko
crc-ccitt.ko
crc-itu-t.ko
crc-t10dif.ko
cryptoloop.ko
crypto_null.ko
ctcm.ko
ctr.ko
cts.ko
cuse.ko
dasd_diag_mod.ko
dasd_eckd_mod.ko
dasd_fba_mod.ko
dasd_mod.ko
dccp_diag.ko
dccp_ipv4.ko
dccp_ipv6.ko
dccp.ko
dccp_probe.ko
dcssblk.ko
deflate.ko
des_check_key.ko
des_generic.ko
des_s390.ko
dlci.ko
dlm.ko
dm-bufio.ko
dm-crypt.ko
dm-delay.ko
dm-flakey.ko
dm-log.ko
dm-log-userspace.ko
dm-memcache.ko
dm-mirror.ko
dm-mod.ko
dm-multipath.ko
dm-persistent-data.ko
dm-queue-length.ko
dm-raid45.ko
dm-raid.ko
dm-region-hash.ko
dm-registry.ko
dm-replicator.ko
dm-repl-log-ringbuffer.ko
dm-repl-slink-blockdev.ko
dm-round-robin.ko
dm-service-time.ko
dm-snapshot.ko
dm-thin-pool.ko
dm-zero.ko
dummy.ko
ebt_802_3.ko
ebtable_broute.ko
ebtable_filter.ko
ebtable_nat.ko
ebtables.ko
ebt_among.ko
ebt_arp.ko
ebt_arpreply.ko
ebt_dnat.ko
ebt_ip6.ko
ebt_ip.ko
ebt_limit.ko
ebt_log.ko
ebt_mark.ko
ebt_mark_m.ko
ebt_nflog.ko
ebt_pkttype.ko
ebt_redirect.ko
ebt_snat.ko
ebt_stp.ko
ebt_ulog.ko
ebt_vlan.ko
ecb.ko
ecryptfs.ko
eeprom_93cx6.ko
em_cmp.ko
em_meta.ko
em_nbyte.ko
em_text.ko
em_u32.ko
enclosure.ko
esp4.ko
esp6.ko
exportfs.ko
ext2.ko
ext3.ko
ext4.ko
fakehard.ko
fat.ko
faulty.ko
fcrypt.ko
fixed.ko
fs3270.ko
fscache.ko
fsm.ko
fuse.ko
garp.ko
gcm.ko
gf128mul.ko
ghash-generic.ko
ghash_s390.ko
hangcheck-timer.ko
hdlc_cisco.ko
hdlc_fr.ko
hdlc.ko
hdlc_ppp.ko
hdlc_raw.ko
ifb.ko
inet_diag.ko
ip6_queue.ko
ip6table_filter.ko
ip6table_mangle.ko
ip6table_raw.ko
ip6table_security.ko
ip6_tables.ko
ip6t_ah.ko
ip6t_eui64.ko
ip6t_frag.ko
ip6t_hbh.ko
ip6t_ipv6header.ko
ip6t_LOG.ko
ip6t_mh.ko
ip6t_REJECT.ko
ip6t_rt.ko
ip6_tunnel.ko
ipcomp6.ko
ipcomp.ko
ip_gre.ko
ipip.ko
ip_queue.ko
ip_set_bitmap_ip.ko
ip_set_bitmap_ipmac.ko
ip_set_bitmap_port.ko
ip_set_hash_ip.ko
ip_set_hash_ipportip.ko
ip_set_hash_ipport.ko
ip_set_hash_ipportnet.ko
ip_set_hash_net.ko
ip_set_hash_netport.ko
ip_set.ko
ip_set_list_set.ko
iptable_filter.ko
iptable_mangle.ko
iptable_nat.ko
iptable_raw.ko
iptable_security.ko
ip_tables.ko
ipt_addrtype.ko
ipt_ah.ko
ipt_CLUSTERIP.ko
ipt_ecn.ko
ipt_ECN.ko
ipt_LOG.ko
ipt_MASQUERADE.ko
ipt_NETMAP.ko
ipt_REDIRECT.ko
ipt_REJECT.ko
ipt_ULOG.ko
ipv6.ko
ip_vs_dh.ko
ip_vs_ftp.ko
ip_vs.ko
ip_vs_lblc.ko
ip_vs_lblcr.ko
ip_vs_lc.ko
ip_vs_nq.ko
ip_vs_rr.ko
ip_vs_sed.ko
ip_vs_sh.ko
ip_vs_wlc.ko
ip_vs_wrr.ko
iscsi_boot_sysfs.ko
iscsi_tcp.ko
jbd2.ko
jbd.ko
khazad.ko
lcs.ko
lec.ko
ledtrig-backlight.ko
ledtrig-default-on.ko
ledtrig-heartbeat.ko
ledtrig-timer.ko
libcrc32c.ko
libfc.ko
libfcoe.ko
libiscsi.ko
libiscsi_tcp.ko
libosd.ko
libsas.ko
linear.ko
llc.ko
lockd.ko
lrw.ko
lzo_compress.ko
lzo_decompress.ko
lzo.ko
macvlan.ko
macvtap.ko
mbcache.ko
md4.ko
memstick.ko
michael_mic.ko
mip6.ko
monreader.ko
monwriter.ko
msdos.ko
mspro_block.ko
netconsole.ko
nf_conntrack_amanda.ko
nf_conntrack_broadcast.ko
nf_conntrack_ftp.ko
nf_conntrack_h323.ko
nf_conntrack_ipv4.ko
nf_conntrack_ipv6.ko
nf_conntrack_irc.ko
nf_conntrack.ko
nf_conntrack_netbios_ns.ko
nf_conntrack_netlink.ko
nf_conntrack_pptp.ko
nf_conntrack_proto_dccp.ko
nf_conntrack_proto_gre.ko
nf_conntrack_proto_sctp.ko
nf_conntrack_proto_udplite.ko
nf_conntrack_sane.ko
nf_conntrack_sip.ko
nf_conntrack_snmp.ko
nf_conntrack_tftp.ko
nf_defrag_ipv4.ko
nf_defrag_ipv6.ko
nf_nat_amanda.ko
nf_nat_ftp.ko
nf_nat_h323.ko
nf_nat_irc.ko
nf_nat.ko
nf_nat_pptp.ko
nf_nat_proto_dccp.ko
nf_nat_proto_gre.ko
nf_nat_proto_sctp.ko
nf_nat_proto_udplite.ko
nf_nat_sip.ko
nf_nat_snmp_basic.ko
nf_nat_tftp.ko
nfnetlink.ko
nfnetlink_log.ko
nfnetlink_queue.ko
nfs_acl.ko
nfsd.ko
nfs.ko
nfs_layout_nfsv41_files.ko
nf_tproxy_core.ko
nl802154.ko
nls_cp1250.ko
nls_cp1251.ko
nls_cp1255.ko
nls_cp737.ko
nls_cp775.ko
nls_cp850.ko
nls_cp852.ko
nls_cp855.ko
nls_cp857.ko
nls_cp860.ko
nls_cp861.ko
nls_cp862.ko
nls_cp863.ko
nls_cp864.ko
nls_cp865.ko
nls_cp866.ko
nls_cp869.ko
nls_cp874.ko
nls_cp932.ko
nls_cp936.ko
nls_cp949.ko
nls_cp950.ko
nls_euc-jp.ko
nls_iso8859-13.ko
nls_iso8859-14.ko
nls_iso8859-15.ko
nls_iso8859-1.ko
nls_iso8859-2.ko
nls_iso8859-3.ko
nls_iso8859-4.ko
nls_iso8859-5.ko
nls_iso8859-6.ko
nls_iso8859-7.ko
nls_iso8859-9.ko
nls_koi8-r.ko
nls_koi8-ru.ko
nls_koi8-u.ko
nls_utf8.ko
oprofile.ko
osdblk.ko
osd.ko
osst.ko
p8022.ko
pcbc.ko
phonet.ko
pktgen.ko
pn_pep.ko
power_supply.ko
pps_core.ko
prng.ko
psnap.ko
qdio.ko
qeth.ko
qeth_l2.ko
qeth_l3.ko
raid0.ko
raid10.ko
raid1.ko
raid456.ko
raid6_pq.ko
raid6test.ko
raid_class.ko
rds.ko
rds_tcp.ko
rfkill.ko
ring_buffer_benchmark.ko
rmd128.ko
rmd160.ko
rmd256.ko
rmd320.ko
rpcsec_gss_krb5.ko
rpcsec_gss_spkm3.ko
salsa20_generic.ko
sch_atm.ko
sch_cbq.ko
sch_drr.ko
sch_dsmark.ko
sch_gred.ko
sch_hfsc.ko
sch_htb.ko
sch_ingress.ko
sch_mqprio.ko
sch_multiq.ko
sch_netem.ko
sch_prio.ko
sch_qfq.ko
sch_red.ko
sch_sfq.ko
sch_tbf.ko
sch_teql.ko
sclp_async.ko
sclp_cpi.ko
scsi_debug.ko
scsi_dh_alua.ko
scsi_dh_emc.ko
scsi_dh_hp_sw.ko
scsi_dh.ko
scsi_dh_rdac.ko
scsi_mod.ko
scsi_tgt.ko
scsi_transport_fc.ko
scsi_transport_iscsi.ko
scsi_transport_sas.ko
scsi_transport_spi.ko
scsi_transport_srp.ko
scsi_wait_scan.ko
sctp.ko
sd_mod.ko
seed.ko
seqiv.ko
serpent.ko
ses.ko
sg.ko
sha1_s390.ko
sha256_generic.ko
sha256_s390.ko
sha512_generic.ko
sha512_s390.ko
sha_common.ko
sit.ko
smsgiucv_app.ko
smsgiucv.ko
softdog.ko
squashfs.ko
sr_mod.ko
st.ko
stp.ko
sunrpc.ko
tape_34xx.ko
tape_3590.ko
tape_class.ko
tape.ko
target_core_file.ko
target_core_iblock.ko
target_core_mod.ko
target_core_pscsi.ko
tcm_fc.ko
tcm_loop.ko
tcp_bic.ko
tcp_diag.ko
tcp_highspeed.ko
tcp_htcp.ko
tcp_hybla.ko
tcp_illinois.ko
tcp_lp.ko
tcp_scalable.ko
tcp_vegas.ko
tcp_veno.ko
tcp_westwood.ko
tcp_yeah.ko
tcrypt.ko
tea.ko
tgr192.ko
ts_bm.ko
ts_fsm.ko
ts_kmp.ko
tun.ko
tunnel4.ko
tunnel6.ko
twofish_common.ko
twofish.ko
udf.ko
userspace-consumer.ko
vcan.ko
veth.ko
vfat.ko
vhost_net.ko
virtio_balloon.ko
virtio_blk.ko
virtio_net.ko
virtio-rng.ko
virtio_scsi.ko
vmac.ko
vmcp.ko
vmlogrdr.ko
vmur.ko
vmwatchdog.ko
wimax.ko
wp512.ko
wpan-class.ko
xcbc.ko
xfrm4_mode_beet.ko
xfrm4_mode_transport.ko
xfrm4_mode_tunnel.ko
xfrm4_tunnel.ko
xfrm6_mode_beet.ko
xfrm6_mode_ro.ko
xfrm6_mode_transport.ko
xfrm6_mode_tunnel.ko
xfrm6_tunnel.ko
xfrm_ipcomp.ko
xor.ko
xpram.ko
xt_AUDIT.ko
xt_CHECKSUM.ko
xt_CLASSIFY.ko
xt_cluster.ko
xt_comment.ko
xt_connbytes.ko
xt_connlimit.ko
xt_connmark.ko
xt_CONNMARK.ko
xt_CONNSECMARK.ko
xt_conntrack.ko
xt_dccp.ko
xt_dscp.ko
xt_DSCP.ko
xt_esp.ko
xt_hashlimit.ko
xt_helper.ko
xt_hl.ko
xt_HL.ko
xt_iprange.ko
xt_LED.ko
xt_length.ko
xt_limit.ko
xt_mac.ko
xt_mark.ko
xt_MARK.ko
xt_multiport.ko
xt_NFLOG.ko
xt_NFQUEUE.ko
xt_NOTRACK.ko
xt_osf.ko
xt_owner.ko
xt_physdev.ko
xt_pkttype.ko
xt_policy.ko
xt_quota.ko
xt_rateest.ko
xt_RATEEST.ko
xt_realm.ko
xt_recent.ko
xt_sctp.ko
xt_SECMARK.ko
xt_set.ko
xts.ko
xt_socket.ko
xt_state.ko
xt_statistic.ko
xt_string.ko
xt_tcpmss.ko
xt_TCPMSS.ko
xt_TCPOPTSTRIP.ko
xt_time.ko
xt_TPROXY.ko
xt_TRACE.ko
xt_u32.ko
z90crypt.ko
zfcp.ko
zlib_deflate.ko
zlib.ko
zram.ko
