acompress.ko
aead.ko
aes_generic.ko
af_alg.ko
af_packet.ko
akcipher.ko
algif_hash.ko
algif_skcipher.ko
asn1_decoder.ko
asymmetric_keys.ko
autofs4.ko
binfmt_script.ko
bitblit.ko
bitrev.ko
cbc.ko
cfq-iosched.ko
chainiv.ko
cls_cgroup.ko
cn.ko
configfs.ko
crc16.ko
crc32c.ko
crc32.ko
crypto_algapi.ko
crypto_blkcipher.ko
crypto_hash.ko
crypto.ko
cryptomgr.ko
crypto_wq.ko
ctr.ko
dax.ko
deadline-iosched.ko
drop_monitor.ko
ecb.ko
eseqiv.ko
evdev.ko
exportfs.ko
fbcon_ccw.ko
fbcon_cw.ko
fbcon.ko
fbcon_rotate.ko
fbcon_ud.ko
fb.ko
firmware_class.ko
font.ko
hmac.ko
inet6_hashtables.ko
inet_lro.ko
input-core.ko
ipv6.ko
iucv.ko
kpp.ko
kyber-iosched.ko
lzo_compress.ko
lzo_decompress.ko
md5.ko
md-mod.ko
mpi.ko
mpls_gso.ko
mq-deadline.ko
netprio_cgroup.ko
nls_ascii.ko
nls_base.ko
nls_cp437.ko
nvmem_core.ko
oid_registry.ko
pcompress.ko
public_key.ko
quota_tree.ko
quota_v2.ko
raw3270.ko
raw.ko
rng-core.ko
rng.ko
rsa.ko
s390-trng.ko
scompress.ko
scsi_dh_alua.ko
scsi_dh_emc.ko
scsi_dh_hp_sw.ko
scsi_dh.ko
scsi_dh_rdac.ko
scsi_mod.ko
seqiv.ko
sha1_generic.ko
sha1_s390.ko
sha256_generic.ko
sha256_s390.ko
sha_common.ko
softcursor.ko
tcp_cubic.ko
test-kstrtox.ko
tileblit.ko
tty3270.ko
unix.ko
virtio_console.ko
virtio.ko
virtio_ring.ko
x509_key_parser.ko
xfrm_algo.ko
xfrm_user.ko
x_tables.ko
xt_tcpudp.ko
xz_dec.ko
zlib_inflate.ko
zsmalloc.ko
