3w-9xxx.ko
3w-sas.ko
6lowpan.ko
8021q.ko
8139cp.ko
8139too.ko
a8293.ko
aacraid.ko
abituguru3.ko
abituguru.ko
ablk_helper.ko
ac97_bus.ko
acard-ahci.ko
acecad.ko
acerhdf.ko
acer-wmi.ko
acpi-cpufreq.ko
acpi_extlog.ko
acpi_ipmi.ko
acpi_pad.ko
acpiphp_ibm.ko
acpi_power_meter.ko
act_connmark.ko
act_csum.ko
act_gact.ko
act_ipt.ko
act_mirred.ko
act_nat.ko
act_pedit.ko
act_police.ko
act_sample.ko
act_simple.ko
act_skbedit.ko
act_skbmod.ko
act_tunnel_key.ko
act_vlan.ko
ad7414.ko
ad7418.ko
adm1021.ko
adm1025.ko
adm1026.ko
adm1029.ko
adm1031.ko
adm1275.ko
adm9240.ko
ads1015.ko
ads7828.ko
adt7410.ko
adt7411.ko
adt7462.ko
adt7470.ko
adt7475.ko
adt7x10.ko
adutux.ko
aer_inject.ko
aesni-intel.ko
af9013.ko
af9033.ko
af_key.ko
af_packet_diag.ko
ah4.ko
ah6.ko
ahci.ko
ahci_platform.ko
aic79xx.ko
aiptek.ko
aircable.ko
algif_rng.ko
alim1535_wdt.ko
alim7101_wdt.ko
altera-ci.ko
altera_ps2.ko
altera-stapl.ko
alx.ko
amc6821.ko
amd64_edac_mod.ko
amd8111e.ko
amd_freq_sensitivity.ko
amdgpu.ko
amd_iommu_v2.ko
amdkfd.ko
amd.ko
amd-rng.ko
amd-xgbe.ko
amilo-rfkill.ko
ansi_cprng.ko
anubis.ko
aoe.ko
apanel.ko
apds9802als.ko
apds990x.ko
apple_bl.ko
appledisplay.ko
apple-gmux.ko
applesmc.ko
appletouch.ko
arc4.ko
arcmsr.ko
arc_ps2.ko
arc_uart.ko
ark3116.ko
arptable_filter.ko
arp_tables.ko
arpt_mangle.ko
asb100.ko
asc7621.ko
asix.ko
ast.ko
asus_atk0110.ko
asus-laptop.ko
asus-nb-wmi.ko
asus-wmi.ko
async_memcpy.ko
async_pq.ko
async_raid6_recov.ko
async_tx.ko
async_xor.ko
at24.ko
at803x.ko
at91_ether.ko
ata_generic.ko
ata_piix.ko
atbm8830.ko
ath10k_core.ko
ath10k_pci.ko
ath3k.ko
ath9k_common.ko
ath9k_htc.ko
ath9k_hw.ko
ath9k.ko
ath.ko
ati_remote2.ko
ati_remote.ko
atl1c.ko
atl1e.ko
atl1.ko
atl2.ko
atlantic.ko
atlas_btns.ko
atm.ko
atxp1.ko
au0828.ko
au8522_common.ko
au8522_decoder.ko
au8522_dig.ko
authencesn.ko
authenc.ko
auth_rpcgss.ko
avmfritz.ko
ax88179_178a.ko
b1dma.ko
b1.ko
b1pci.ko
b2c2-flexcop.ko
b2c2-flexcop-pci.ko
b2c2-flexcop-usb.ko
b44.ko
bas_gigaset.ko
bcm203x.ko
bcm3510.ko
bcm5974.ko
bcm87xx.ko
bcma.ko
be2iscsi.ko
be2net.ko
belkin_sa.ko
bfa.ko
bfusb.ko
bh1770glc.ko
binfmt_misc.ko
blocklayoutdriver.ko
blowfish_common.ko
blowfish_generic.ko
blowfish-x86_64.ko
bluetooth.ko
bna.ko
bnep.ko
bnx2fc.ko
bnx2i.ko
bnx2.ko
bnx2x.ko
bnxt_en.ko
bnxt_re.ko
bochs-drm.ko
bonding.ko
bpa10x.ko
br2684.ko
brcmfmac.ko
brcmsmac.ko
brcmutil.ko
brd.ko
bridge.ko
br_netfilter.ko
broadcom.ko
bsd_comp.ko
bt878.ko
btbcm.ko
btcoexist.ko
btcx-risc.ko
btintel.ko
btmrvl.ko
btmrvl_sdio.ko
btrfs.ko
btrtl.ko
btsdio.ko
bttv.ko
btusb.ko
budget-av.ko
budget-ci.ko
budget-core.ko
budget.ko
budget-patch.ko
c4.ko
cachefiles.ko
camellia-aesni-avx2.ko
camellia-aesni-avx-x86_64.ko
camellia_generic.ko
camellia-x86_64.ko
can-bcm.ko
can-dev.ko
can-gw.ko
can.ko
can-raw.ko
capidrv.ko
capi.ko
carl9170.ko
cast5-avx-x86_64.ko
cast5_generic.ko
cast6-avx-x86_64.ko
cast6_generic.ko
cast_common.ko
catc.ko
cb710.ko
cb710-mmc.ko
cc770.ko
cc770_platform.ko
c_can.ko
c_can_pci.ko
c_can_platform.ko
ccm.ko
ccp.ko
cdc-acm.ko
cdc_eem.ko
cdc_ether.ko
cdc_mbim.ko
cdc_ncm.ko
cdc_subset.ko
cdc-wdm.ko
cdrom.ko
ceph.ko
cfag12864bfb.ko
cfag12864b.ko
cfg80211.ko
ch341.ko
ch7006.ko
chash.ko
chcr.ko
chipreg.ko
ch.ko
chromeos_laptop.ko
cicada.ko
cifs.ko
cirrus.ko
classmate-laptop.ko
clip.ko
cls_basic.ko
cls_bpf.ko
cls_flower.ko
cls_flow.ko
cls_fw.ko
cls_matchall.ko
cls_route.ko
cls_rsvp6.ko
cls_rsvp.ko
cls_tcindex.ko
cls_u32.ko
cm109.ko
cmac.ko
cmtp.ko
cnic.ko
compal-laptop.ko
cordic.ko
coretemp.ko
cp210x.ko
cpufreq_stats.ko
cpuidle-haltpoll.ko
cqhci.ko
cramfs.ko
crc32c-intel.ko
crc32_generic.ko
crc32-pclmul.ko
crc8.ko
crc-ccitt.ko
crc-itu-t.ko
crct10dif_common.ko
crct10dif_generic.ko
crc-t10dif.ko
crct10dif-pclmul.ko
cryptd.ko
crypto_null.ko
crypto_user.ko
cs5345.ko
cs53l32a.ko
csiostor.ko
cts.ko
cuse.ko
custom_method.ko
cx18-alsa.ko
cx18.ko
cx22700.ko
cx22702.ko
cx231xx-alsa.ko
cx231xx-dvb.ko
cx231xx.ko
cx2341x.ko
cx23885.ko
cx24110.ko
cx24113.ko
cx24116.ko
cx24123.ko
cx25840.ko
cx82310_eth.ko
cx8800.ko
cx8802.ko
cx88-alsa.ko
cx88-blackbird.ko
cx88-dvb.ko
cx88-vp3054-i2c.ko
cx88xx.ko
cxacru.ko
cxd2820r.ko
cxgb3i.ko
cxgb3.ko
cxgb4i.ko
cxgb4.ko
cxgb4vf.ko
cxgbit.ko
cyapa.ko
cyberjack.ko
cyclades.ko
cypress_firmware.ko
cypress_m8.ko
davicom.ko
dax_pmem.ko
dca.ko
dccp_diag.ko
dccp_ipv4.ko
dccp_ipv6.ko
dccp.ko
dcdbas.ko
ddbridge.ko
de2104x.ko
de4x5.ko
deflate.ko
dell-laptop.ko
dell-led.ko
dell-rbtn.ko
dell_rbu.ko
dell-smbios.ko
dell-smo8800.ko
dell-wmi-aio.ko
dell-wmi-descriptor.ko
dell-wmi.ko
des_generic.ko
device_dax.ko
devlink.ko
dh_generic.ko
dib0070.ko
dib0090.ko
dib3000mb.ko
dib3000mc.ko
dib7000m.ko
dib7000p.ko
dib8000.ko
dibx000_common.ko
digi_acceleport.ko
dlci.ko
dlm.ko
dm1105.ko
dm9601.ko
dm-bio-prison.ko
dm-bufio.ko
dm-cache.ko
dm-cache-smq.ko
dm-crypt.ko
dm-delay.ko
dme1737.ko
dm-era.ko
dmfe.ko
dm-flakey.ko
dm-log.ko
dm-log-userspace.ko
dm-log-writes.ko
dm-mirror.ko
dm-mod.ko
dm-multipath.ko
dm-persistent-data.ko
dm-queue-length.ko
dm-raid.ko
dm-region-hash.ko
dm-round-robin.ko
dm-service-time.ko
dm-snapshot.ko
dm-switch.ko
dm-thin-pool.ko
dm-verity.ko
dm-zero.ko
dnet.ko
dns_resolver.ko
dp83640.ko
drbg.ko
drm_kms_helper.ko
drm.ko
drm_panel_orientation_quirks.ko
drxd.ko
drxk.ko
ds1621.ko
ds3000.ko
ds620.ko
dss1_divert.ko
dst_ca.ko
dst.ko
dummy.ko
dvb-bt8xx.ko
dvb-core.ko
dvb-pll.ko
dvb-ttpci.ko
dvb-ttusb-budget.ko
dvb-usb-a800.ko
dvb-usb-af9005.ko
dvb-usb-af9005-remote.ko
dvb-usb-af9015.ko
dvb-usb-af9035.ko
dvb-usb-anysee.ko
dvb-usb-au6610.ko
dvb-usb-az6007.ko
dvb-usb-az6027.ko
dvb-usb-ce6230.ko
dvb-usb-cinergyT2.ko
dvb-usb-cxusb.ko
dvb-usb-dib0700.ko
dvb-usb-dibusb-common.ko
dvb-usb-dibusb-mb.ko
dvb-usb-dibusb-mc.ko
dvb-usb-digitv.ko
dvb-usb-dtt200u.ko
dvb-usb-dtv5100.ko
dvb-usb-dw2102.ko
dvb-usb-ec168.ko
dvb-usb-friio.ko
dvb-usb-gl861.ko
dvb-usb-gp8psk.ko
dvb-usb-it913x.ko
dvb-usb.ko
dvb-usb-lmedm04.ko
dvb-usb-m920x.ko
dvb-usb-mxl111sf.ko
dvb-usb-nova-t-usb2.ko
dvb-usb-opera.ko
dvb-usb-pctv452e.ko
dvb-usb-rtl28xxu.ko
dvb-usb-technisat-usb2.ko
dvb-usb-ttusb2.ko
dvb-usb-umt-010.ko
dvb_usb_v2.ko
dvb-usb-vp702x.ko
dvb-usb-vp7045.ko
dw_dmac_core.ko
dw_dmac.ko
e1000e.ko
e1000.ko
e4000.ko
e752x_edac.ko
earth-pt1.ko
ebt_802_3.ko
ebtable_broute.ko
ebtable_filter.ko
ebtable_nat.ko
ebtables.ko
ebt_among.ko
ebt_arp.ko
ebt_arpreply.ko
ebt_dnat.ko
ebt_ip6.ko
ebt_ip.ko
ebt_limit.ko
ebt_log.ko
ebt_mark.ko
ebt_mark_m.ko
ebt_nflog.ko
ebt_pkttype.ko
ebt_redirect.ko
ebt_snat.ko
ebt_stp.ko
ebt_ulog.ko
ebt_vlan.ko
ec100.ko
ec_sys.ko
edac_mce_amd.ko
edd.ko
eeepc-laptop.ko
eeepc-wmi.ko
eeprom_93cx6.ko
eeprom.ko
einj.ko
elo.ko
em28xx-alsa.ko
em28xx-dvb.ko
em28xx.ko
em28xx-rc.ko
emc1403.ko
emc6w201.ko
em_cmp.ko
emi26.ko
emi62.ko
em_ipset.ko
em_meta.ko
em_nbyte.ko
empeg.ko
ems_pci.ko
ems_usb.ko
em_text.ko
em_u32.ko
ena.ko
enclosure.ko
ene_ir.ko
enic.ko
epic100.ko
esd_usb2.ko
esp4.ko
esp6.ko
et1011c.ko
ethoc.ko
ext4.ko
ezusb.ko
f71805f.ko
f71808e_wdt.ko
f71882fg.ko
f75375s.ko
fakelb.ko
fam15h_power.ko
fat.ko
faulty.ko
fb_sys_fops.ko
fc0011.ko
fc0012.ko
fc0013.ko
fc2580.ko
fcoe.ko
fcrypt.ko
ff-memless.ko
fintek-cir.ko
firedtv.ko
firewire-core.ko
firewire-net.ko
firewire-ohci.ko
firewire-sbp2.ko
firewire-serial.ko
fjes.ko
floppy.ko
fm10k.ko
fnic.ko
fscache.ko
fschmd.ko
ftdi-elan.ko
ftdi_sio.ko
fujitsu-laptop.ko
fujitsu-tablet.ko
fuse.ko
g760a.ko
garmin_gps.ko
garp.ko
gcm.ko
geneve.ko
gf128mul.ko
gfs2.ko
ghash-clmulni-intel.ko
ghash-generic.ko
gigaset.ko
gl518sm.ko
gl520sm.ko
gl620a.ko
glue_helper.ko
gma500_gfx.ko
gp2ap002a00f.ko
gpio-amdpt.ko
gpio-ich.ko
gpio-ir-recv.ko
gpio-viperboard.ko
gpu-sched.ko
grace.ko
gre.ko
gru.ko
gspca_benq.ko
gspca_conex.ko
gspca_cpia1.ko
gspca_etoms.ko
gspca_finepix.ko
gspca_gl860.ko
gspca_jeilinj.ko
gspca_jl2005bcd.ko
gspca_konica.ko
gspca_m5602.ko
gspca_main.ko
gspca_mars.ko
gspca_mr97310a.ko
gspca_nw80x.ko
gspca_ov519.ko
gspca_ov534_9.ko
gspca_ov534.ko
gspca_pac207.ko
gspca_pac7302.ko
gspca_pac7311.ko
gspca_se401.ko
gspca_sn9c2028.ko
gspca_sn9c20x.ko
gspca_sonixb.ko
gspca_sonixj.ko
gspca_spca1528.ko
gspca_spca500.ko
gspca_spca501.ko
gspca_spca505.ko
gspca_spca506.ko
gspca_spca508.ko
gspca_spca561.ko
gspca_sq905c.ko
gspca_sq905.ko
gspca_sq930x.ko
gspca_stk014.ko
gspca_stv0680.ko
gspca_stv06xx.ko
gspca_sunplus.ko
gspca_t613.ko
gspca_topro.ko
gspca_tv8532.ko
gspca_vc032x.ko
gspca_vicam.ko
gspca_xirlink_cit.ko
gspca_zc3xx.ko
gtco.ko
hangcheck-timer.ko
hci_uart.ko
hci_vhci.ko
hdaps.ko
hdlc_cisco.ko
hdlc_fr.ko
hdlc.ko
hdlc_ppp.ko
hdlc_raw.ko
hdpvr.ko
hfc4s8s_l1.ko
hfcmulti.ko
hfcpci.ko
hfcsusb.ko
hfi1.ko
hid-alps.ko
hid-appleir.ko
hid-aureal.ko
hid-axff.ko
hid-dr.ko
hid-elecom.ko
hid-gaff.ko
hid-gyration.ko
hid-holtekff.ko
hid-holtek-kbd.ko
hid-hyperv.ko
hid-icade.ko
hid-keytouch.ko
hid-kye.ko
hid-lcpower.ko
hid-lenovo-tpkbd.ko
hid-logitech-dj.ko
hid-multitouch.ko
hid-ortek.ko
hid-petalynx.ko
hid-picolcd.ko
hidp.ko
hid-pl.ko
hid-primax.ko
hid-prodikeys.ko
hid-ps3remote.ko
hid-rmi.ko
hid-roccat-arvo.ko
hid-roccat-common.ko
hid-roccat-isku.ko
hid-roccat.ko
hid-roccat-kone.ko
hid-roccat-koneplus.ko
hid-roccat-konepure.ko
hid-roccat-kovaplus.ko
hid-roccat-lua.ko
hid-roccat-pyra.ko
hid-roccat-savu.ko
hid-saitek.ko
hid-samsung.ko
hid-sensor-accel-3d.ko
hid-sensor-als.ko
hid-sensor-custom.ko
hid-sensor-gyro-3d.ko
hid-sensor-hub.ko
hid-sensor-iio-common.ko
hid-sensor-incl-3d.ko
hid-sensor-magn-3d.ko
hid-sensor-press.ko
hid-sensor-prox.ko
hid-sensor-rotation.ko
hid-sensor-trigger.ko
hid-sjoy.ko
hid-sony.ko
hid-speedlink.ko
hid-steelseries.ko
hid-sunplus.ko
hid-thingm.ko
hid-tivo.ko
hid-tmff.ko
hid-topseed.ko
hid-twinhan.ko
hid-uclogic.ko
hid-wacom.ko
hid-waltop.ko
hid-wiimote.ko
hid-zpff.ko
hid-zydacron.ko
hisax_fcpcipnp.ko
hisax_isac.ko
hisax.ko
hisax_st5481.ko
hopper.ko
hp_accel.ko
hpilo.ko
hpsa.ko
hptiop.ko
hpwdt.ko
hp-wireless.ko
hp-wmi.ko
hso.ko
huawei_cdc_ncm.ko
hv_balloon.ko
hv_netvsc.ko
hv_sock.ko
hv_storvsc.ko
hv_utils.ko
hv_vmbus.ko
hwa-hc.ko
hwa-rc.ko
hwmon-vid.ko
hwpoison-inject.ko
hyperv_fb.ko
hyperv-keyboard.ko
hysdn.ko
i1480-dfu-usb.ko
i1480-est.ko
i2c-algo-bit.ko
i2c-algo-pca.ko
i2c-amd756.ko
i2c-amd756-s4882.ko
i2c-amd8111.ko
i2c-designware-core.ko
i2c-designware-platform.ko
i2c-dev.ko
i2c-diolan-u2c.ko
i2c-hid.ko
i2c-i801.ko
i2c-isch.ko
i2c-ismt.ko
i2c-nforce2.ko
i2c-nforce2-s4985.ko
i2c-parport.ko
i2c-parport-light.ko
i2c-pca-platform.ko
i2c-piix4.ko
i2c-scmi.ko
i2c-simtec.ko
i2c-sis96x.ko
i2c-smbus.ko
i2c-stub.ko
i2c-tiny-usb.ko
i2c-via.ko
i2c-viapro.ko
i2c-viperboard.ko
i3000_edac.ko
i3200_edac.ko
i40e.ko
i40evf.ko
i40iw.ko
i5000_edac.ko
i5100_edac.ko
i5400_edac.ko
i5k_amb.ko
i6300esb.ko
i7300_edac.ko
i7300_idle.ko
i7core_edac.ko
i82975x_edac.ko
i8k.ko
i915.ko
ib700wdt.ko
ib_cm.ko
ib_core.ko
ib_ipath.ko
ib_ipoib.ko
ib_iser.ko
ib_isert.ko
ibmaem.ko
ibmasr.ko
ibmpex.ko
ib_mthca.ko
ib_qib.ko
ib_srp.ko
ib_srpt.ko
ib_ucm.ko
ib_umad.ko
ib_uverbs.ko
icplus.ko
ideapad-laptop.ko
idma64.ko
idmouse.ko
ie31200_edac.ko
ie6xx_wdt.ko
ieee802154_6lowpan.ko
ieee802154.ko
ieee802154_socket.ko
ifb.ko
igb.ko
igbvf.ko
iguanair.ko
imon.ko
ina209.ko
ina2xx.ko
industrialio-triggered-buffer.ko
inet_diag.ko
initio.ko
input-polldev.ko
int3400_thermal.ko
int51x1.ko
intel-hid.ko
intel_ips.ko
intel_oaktrail.ko
intel_pmc_core.ko
intel_powerclamp.ko
intel_qat.ko
intel_rapl.ko
intel-rng.ko
intel-vbtn.ko
intel-wmi-thunderbolt.ko
ioatdma.ko
ioc4.ko
io_edgeport.ko
iosf_mbi.ko
io_ti.ko
iowarrior.ko
ip6_gre.ko
ip6table_filter.ko
ip6table_mangle.ko
ip6table_nat.ko
ip6table_raw.ko
ip6table_security.ko
ip6_tables.ko
ip6t_ah.ko
ip6t_eui64.ko
ip6t_frag.ko
ip6t_hbh.ko
ip6t_ipv6header.ko
ip6t_MASQUERADE.ko
ip6t_mh.ko
ip6t_NPT.ko
ip6t_REJECT.ko
ip6t_rpfilter.ko
ip6t_rt.ko
ip6t_SYNPROXY.ko
ip6_tunnel.ko
ip6_udp_tunnel.ko
ip6_vti.ko
ipaq.ko
ipcomp6.ko
ipcomp.ko
ipg.ko
ip_gre.ko
ipheth.ko
ipip.ko
ipmi_devintf.ko
ipmi_msghandler.ko
ipmi_poweroff.ko
ipmi_si.ko
ipmi_ssif.ko
ipmi_watchdog.ko
ip_set_bitmap_ip.ko
ip_set_bitmap_ipmac.ko
ip_set_bitmap_port.ko
ip_set_hash_ip.ko
ip_set_hash_ipmac.ko
ip_set_hash_ipmark.ko
ip_set_hash_ipportip.ko
ip_set_hash_ipport.ko
ip_set_hash_ipportnet.ko
ip_set_hash_mac.ko
ip_set_hash_netiface.ko
ip_set_hash_net.ko
ip_set_hash_netnet.ko
ip_set_hash_netport.ko
ip_set_hash_netportnet.ko
ip_set.ko
ip_set_list_set.ko
iptable_filter.ko
iptable_mangle.ko
iptable_nat.ko
iptable_raw.ko
iptable_security.ko
ip_tables.ko
ipt_ah.ko
ipt_CLUSTERIP.ko
ipt_ECN.ko
ipt_MASQUERADE.ko
ipt_REJECT.ko
ipt_rpfilter.ko
ipt_SYNPROXY.ko
ipt_ULOG.ko
ip_tunnel.ko
ip_vs_dh.ko
ip_vs_ftp.ko
ip_vs.ko
ip_vs_lblc.ko
ip_vs_lblcr.ko
ip_vs_lc.ko
ip_vs_nq.ko
ip_vs_pe_sip.ko
ip_vs_rr.ko
ip_vs_sed.ko
ip_vs_sh.ko
ip_vs_wlc.ko
ip_vs_wrr.ko
ip_vti.ko
ipw.ko
ir-jvc-decoder.ko
ir-kbd-i2c.ko
ir-lirc-codec.ko
ir-mce_kbd-decoder.ko
ir-nec-decoder.ko
irqbypass.ko
ir-rc5-decoder.ko
ir-rc5-sz-decoder.ko
ir-rc6-decoder.ko
ir-sanyo-decoder.ko
ir-sony-decoder.ko
ir-usb.ko
isci.ko
iscsi_boot_sysfs.ko
iscsi_ibft.ko
iscsi_target_mod.ko
iscsi_tcp.ko
isdnhdlc.ko
isdn.ko
isight_firmware.ko
isl29003.ko
isl29020.ko
isl6405.ko
isl6421.ko
isl6423.ko
isofs.ko
it8712f_wdt.ko
it87.ko
it87_wdt.ko
it913x-fe.ko
iTCO_vendor_support.ko
iTCO_wdt.ko
itd1000.ko
ite-cir.ko
iuu_phoenix.ko
ivtvfb.ko
ivtv.ko
iw_cm.ko
iw_cxgb3.ko
iw_cxgb4.ko
iwl3945.ko
iwl4965.ko
iwldvm.ko
iwlegacy.ko
iwlmvm.ko
iwlwifi.ko
iw_nes.ko
ix2505v.ko
ixgbe.ko
ixgbevf.ko
jbd2.ko
jc42.ko
jitterentropy_rng.ko
jmb38x_ms.ko
jme.ko
joydev.ko
jsm.ko
k10temp.ko
k8temp.ko
kalmia.ko
kaweth.ko
kbtab.ko
kernelcapi.ko
keyspan.ko
keyspan_pda.ko
keyspan_remote.ko
khazad.ko
kl5kusb105.ko
kobil_sct.ko
ks0108.ko
kvaser_pci.ko
kvaser_usb.ko
kvm-amd.ko
kvmgt.ko
kvm-intel.ko
kvm.ko
l1oip.ko
l2tp_core.ko
l2tp_debugfs.ko
l2tp_eth.ko
l2tp_ip6.ko
l2tp_ip.ko
l2tp_netlink.ko
l2tp_ppp.ko
l64781.ko
lcd.ko
ldusb.ko
lec.ko
leds-blinkm.ko
leds-clevo-mail.ko
leds-lm3530.ko
leds-lp3944.ko
leds-lp5521.ko
leds-lp5523.ko
leds-lp5562.ko
leds-lp55xx-common.ko
leds-lt3593.ko
leds-ss4200.ko
ledtrig-backlight.ko
ledtrig-camera.ko
ledtrig-default-on.ko
ledtrig-gpio.ko
ledtrig-heartbeat.ko
ledtrig-oneshot.ko
ledtrig-timer.ko
ledtrig-transient.ko
ledtrig-usbport.ko
legousbtower.ko
lg2160.ko
lgdt3305.ko
lgdt330x.ko
lgs8gxx.ko
lg-vl600.ko
lib80211.ko
libahci.ko
libata.ko
libceph.ko
libcrc32c.ko
libcxgbi.ko
libcxgb.ko
libfc.ko
libfcoe.ko
libiscsi.ko
libiscsi_tcp.ko
libnvdimm.ko
libore.ko
libosd.ko
libsas.ko
libsrp.ko
lineage-pem.ko
linear.ko
liquidio.ko
liquidio_vf.ko
lirc_dev.ko
lis3lv02d_i2c.ko
lis3lv02d.ko
llc.ko
lm25066.ko
lm63.ko
lm73.ko
lm75.ko
lm77.ko
lm78.ko
lm80.ko
lm83.ko
lm85.ko
lm87.ko
lm90.ko
lm92.ko
lm93.ko
lm95234.ko
lm95241.ko
lm95245.ko
lnbp21.ko
lnbp22.ko
lockd.ko
loop.ko
lp855x_bl.ko
lpc_ich.ko
lpc_sch.ko
lpfc.ko
lp.ko
lrw.ko
ltc2978.ko
ltc4151.ko
ltc4215.ko
ltc4245.ko
ltc4261.ko
lxt.ko
m52790.ko
m88rs2000.ko
mac80211_hwsim.ko
mac80211.ko
mac802154.ko
macb.ko
mac-celtic.ko
mac-centeuro.ko
mac-croatian.ko
mac-cyrillic.ko
mac-gaelic.ko
mac-greek.ko
machzwd.ko
mac-iceland.ko
mac-inuit.ko
mac-romanian.ko
mac-roman.ko
macsec.ko
mac-turkish.ko
macvlan.ko
macvtap.ko
mantis_core.ko
mantis.ko
marvell.ko
max16064.ko
max16065.ko
max1619.ko
max1668.ko
max197.ko
max2165.ko
max34440.ko
max6639.ko
max6642.ko
max6650.ko
max6697.ko
max6875.ko
max8688.ko
mb86a16.ko
mb86a20s.ko
mbcache.ko
mc44s803.ko
mce-inject.ko
mceusb.ko
mcp3021.ko
mcryptd.ko
mcs7830.ko
mct_u232.ko
md4.ko
mdc800.ko
mdev.ko
mdio-bitbang.ko
mdio.ko
megaraid_sas.ko
mei.ko
mei-me.ko
mei_wdt.ko
memstick.ko
mgag200.ko
michael_mic.ko
micrel.ko
microtek.ko
mii.ko
mip6.ko
mISDN_core.ko
mISDN_dsp.ko
mISDNinfineon.ko
mISDNipac.ko
mISDNisar.ko
mlx4_core.ko
mlx4_en.ko
mlx4_ib.ko
mlx5_core.ko
mlx5_ib.ko
mlxfw.ko
mlxsw_core.ko
mlxsw_i2c.ko
mlxsw_minimal.ko
mlxsw_pci.ko
mlxsw_spectrum.ko
mlxsw_switchib.ko
mlxsw_switchx2.ko
mmc_block.ko
mmc_core.ko
mos7720.ko
mos7840.ko
mpt2sas.ko
mpt3sas.ko
mptbase.ko
mptctl.ko
mptsas.ko
mptscsih.ko
mptspi.ko
mrp.ko
msdos.ko
msi-laptop.ko
msi-wmi.ko
msp3400.ko
mspro_block.ko
mt2060.ko
mt2063.ko
mt20xx.ko
mt2131.ko
mt2266.ko
mt312.ko
mt352.ko
mt9v011.ko
mtd_blkdevs.ko
mtdblock.ko
mtd.ko
mtip32xx.ko
mvmdio.ko
mvsas.ko
mvumi.ko
mwifiex.ko
mwifiex_pcie.ko
mwifiex_sdio.ko
mwifiex_usb.ko
mwl8k.ko
mxl111sf-demod.ko
mxl111sf-tuner.ko
mxl5005s.ko
mxl5007t.ko
mxm-wmi.ko
myri10ge.ko
national.ko
navman.ko
nct6775.ko
nd_blk.ko
nd_btt.ko
nd_e820.ko
nd_pmem.ko
net1080.ko
netconsole.ko
netjet.ko
netlink_diag.ko
netxen_nic.ko
nf_conntrack_amanda.ko
nf_conntrack_broadcast.ko
nf_conntrack_ftp.ko
nf_conntrack_h323.ko
nf_conntrack_ipv4.ko
nf_conntrack_ipv6.ko
nf_conntrack_irc.ko
nf_conntrack.ko
nf_conntrack_netbios_ns.ko
nf_conntrack_netlink.ko
nf_conntrack_pptp.ko
nf_conntrack_proto_gre.ko
nf_conntrack_sane.ko
nf_conntrack_sip.ko
nf_conntrack_snmp.ko
nf_conntrack_tftp.ko
nf_defrag_ipv4.ko
nf_defrag_ipv6.ko
nf_dup_ipv4.ko
nf_dup_ipv6.ko
nfit.ko
nf_log_bridge.ko
nf_log_common.ko
nf_log_ipv4.ko
nf_log_ipv6.ko
nf_nat_amanda.ko
nf_nat_ftp.ko
nf_nat_h323.ko
nf_nat_ipv4.ko
nf_nat_ipv6.ko
nf_nat_irc.ko
nf_nat.ko
nf_nat_masquerade_ipv4.ko
nf_nat_masquerade_ipv6.ko
nf_nat_pptp.ko
nf_nat_proto_gre.ko
nf_nat_redirect.ko
nf_nat_sip.ko
nf_nat_snmp_basic.ko
nf_nat_tftp.ko
nfnetlink_acct.ko
nfnetlink_cthelper.ko
nfnetlink_cttimeout.ko
nfnetlink.ko
nfnetlink_log.ko
nfnetlink_queue.ko
nfp.ko
nf_reject_ipv4.ko
nf_reject_ipv6.ko
nfs_acl.ko
nfsd.ko
nfs.ko
nfs_layout_flexfiles.ko
nfs_layout_nfsv41_files.ko
nfsv3.ko
nfsv4.ko
nf_synproxy_core.ko
nf_tables_arp.ko
nf_tables_bridge.ko
nf_tables_inet.ko
nf_tables_ipv4.ko
nf_tables_ipv6.ko
nf_tables.ko
nft_chain_nat_ipv4.ko
nft_chain_nat_ipv6.ko
nft_chain_route_ipv4.ko
nft_chain_route_ipv6.ko
nft_compat.ko
nft_counter.ko
nft_ct.ko
nft_dup_ipv4.ko
nft_dup_ipv6.ko
nft_exthdr.ko
nft_hash.ko
nft_limit.ko
nft_log.ko
nft_masq_ipv4.ko
nft_masq_ipv6.ko
nft_masq.ko
nft_meta_bridge.ko
nft_meta.ko
nft_nat.ko
nft_queue.ko
nft_rbtree.ko
nft_redir_ipv4.ko
nft_redir_ipv6.ko
nft_redir.ko
nft_reject_bridge.ko
nft_reject_inet.ko
nft_reject_ipv4.ko
nft_reject_ipv6.ko
nft_reject.ko
ngene.ko
n_gsm.ko
nhc_dest.ko
nhc_fragment.ko
nhc_hop.ko
nhc_ipv6.ko
nhc_mobility.ko
nhc_routing.ko
nhc_udp.ko
n_hdlc.ko
nlmon.ko
nls_cp1250.ko
nls_cp1251.ko
nls_cp1255.ko
nls_cp737.ko
nls_cp775.ko
nls_cp850.ko
nls_cp852.ko
nls_cp855.ko
nls_cp857.ko
nls_cp860.ko
nls_cp861.ko
nls_cp862.ko
nls_cp863.ko
nls_cp864.ko
nls_cp865.ko
nls_cp866.ko
nls_cp869.ko
nls_cp874.ko
nls_cp932.ko
nls_cp936.ko
nls_cp949.ko
nls_cp950.ko
nls_euc-jp.ko
nls_iso8859-13.ko
nls_iso8859-14.ko
nls_iso8859-15.ko
nls_iso8859-1.ko
nls_iso8859-2.ko
nls_iso8859-3.ko
nls_iso8859-4.ko
nls_iso8859-5.ko
nls_iso8859-6.ko
nls_iso8859-7.ko
nls_iso8859-9.ko
nls_koi8-r.ko
nls_koi8-ru.ko
nls_koi8-u.ko
nls_utf8.ko
nouveau.ko
nozomi.ko
ntb_hw_amd.ko
ntb.ko
ntb_netdev.ko
ntb_perf.ko
ntb_transport.ko
ntc_thermistor.ko
null_blk.ko
nuvoton-cir.ko
nvme-core.ko
nvme-fabrics.ko
nvme-fc.ko
nvme-fcloop.ko
nvme.ko
nvme-loop.ko
nvme-rdma.ko
nvmet-fc.ko
nvmet.ko
nvmet-rdma.ko
nv_tco.ko
nxt200x.ko
nxt6000.ko
objlayoutdriver.ko
ocrdma.ko
omninet.ko
opa_vnic.ko
openvswitch.ko
oprofile.ko
opticon.ko
option.ko
or51132.ko
or51211.ko
osdblk.ko
osd.ko
osst.ko
oti6858.ko
output.ko
overlay.ko
p4-clockmod.ko
p8022.ko
padlock-aes.ko
padlock-sha.ko
panasonic-laptop.ko
parman.ko
parport.ko
parport_pc.ko
parport_serial.ko
pata_acpi.ko
pata_ali.ko
pata_amd.ko
pata_arasan_cf.ko
pata_artop.ko
pata_atiixp.ko
pata_atp867x.ko
pata_cmd64x.ko
pata_cs5536.ko
pata_hpt366.ko
pata_hpt37x.ko
pata_hpt3x2n.ko
pata_hpt3x3.ko
pata_it8213.ko
pata_it821x.ko
pata_jmicron.ko
pata_marvell.ko
pata_netcell.ko
pata_ninja32.ko
pata_oldpiix.ko
pata_pdc2027x.ko
pata_pdc202xx_old.ko
pata_piccolo.ko
pata_rdc.ko
pata_sch.ko
pata_serverworks.ko
pata_sil680.ko
pata_sis.ko
pata_via.ko
pc87360.ko
pc87427.ko
pcbc.ko
pcc-cpufreq.ko
pcf8591.ko
pch_dma.ko
pch_gbe.ko
pch_phub.ko
pci-hyperv.ko
pcnet32.ko
pcrypt.ko
pcspkr.ko
pcwd_pci.ko
pcwd_usb.ko
pdc_adma.ko
peak_pci.ko
peak_usb.ko
pegasus.ko
pinctrl-amd.ko
pinctrl-cannonlake.ko
pinctrl-denverton.ko
pinctrl-geminilake.ko
pinctrl-intel.ko
pinctrl-lewisburg.ko
pinctrl-sunrisepoint.ko
pktcdvd.ko
pktgen.ko
pl2303.ko
platform_lcd.ko
plusb.ko
pluto2.ko
plx_pci.ko
pm80xx.ko
pmbus_core.ko
pmbus.ko
pmcraid.ko
pnd2_edac.ko
poseidon.ko
powermate.ko
powernow-k8.ko
ppdev.ko
ppp_async.ko
ppp_deflate.ko
ppp_generic.ko
ppp_mppe.ko
pppoatm.ko
pppoe.ko
pppox.ko
ppp_synctty.ko
pps_core.ko
pps-gpio.ko
pps-ldisc.ko
pps_parport.ko
pptp.ko
psample.ko
psnap.ko
ptp.ko
ptp_kvm.ko
ptp_pch.ko
pvrusb2.ko
pwc.ko
pwm-lpss.ko
qat_c3xxx.ko
qat_c3xxxvf.ko
qat_c62x.ko
qat_c62xvf.ko
qat_dh895xcc.ko
qat_dh895xccvf.ko
qcaux.ko
qcserial.ko
qede.ko
qedf.ko
qedi.ko
qed.ko
qedr.ko
qla2xxx.ko
qla3xxx.ko
qla4xxx.ko
qlcnic.ko
qlge.ko
qmi_wwan.ko
qsemi.ko
qt1010.ko
quatech2.ko
qxl.ko
r592.ko
r8152.ko
r8169.ko
r8192e_pci.ko
r820t.ko
r8712u.ko
radeon.ko
raid0.ko
raid10.ko
raid1.ko
raid456.ko
raid6_pq.ko
raid6test.ko
raid_class.ko
ramoops.ko
rbd.ko
rc-adstech-dvb-t-pci.ko
rc-alink-dtu-m.ko
rc-anysee.ko
rc-apac-viewcomp.ko
rc-asus-pc39.ko
rc-asus-ps3-100.ko
rc-ati-tv-wonder-hd-600.ko
rc-ati-x10.ko
rc-avermedia-a16d.ko
rc-avermedia-cardbus.ko
rc-avermedia-dvbt.ko
rc-avermedia.ko
rc-avermedia-m135a.ko
rc-avermedia-m733a-rm-k6.ko
rc-avermedia-rm-ks.ko
rc-avertv-303.ko
rc-azurewave-ad-tu700.ko
rc-behold-columbus.ko
rc-behold.ko
rc-budget-ci-old.ko
rc-cinergy-1400.ko
rc-cinergy.ko
rc-core.ko
rc-dib0700-nec.ko
rc-dib0700-rc5.ko
rc-digitalnow-tinytwin.ko
rc-digittrade.ko
rc-dm1105-nec.ko
rc-dntv-live-dvb-t.ko
rc-dntv-live-dvbt-pro.ko
rc-em-terratec.ko
rc-encore-enltv2.ko
rc-encore-enltv-fm53.ko
rc-encore-enltv.ko
rc-evga-indtube.ko
rc-eztv.ko
rc-flydvb.ko
rc-flyvideo.ko
rc-fusionhdtv-mce.ko
rc-gadmei-rm008z.ko
rc-genius-tvgo-a11mce.ko
rc-gotview7135.ko
rc-hauppauge.ko
rc-imon-mce.ko
rc-imon-pad.ko
rc-iodata-bctv7e.ko
rc-it913x-v1.ko
rc-it913x-v2.ko
rc-kaiomy.ko
rc-kworld-315u.ko
rc-kworld-pc150u.ko
rc-kworld-plus-tv-analog.ko
rc-leadtek-y04g0051.ko
rc-lirc.ko
rc-lme2510.ko
rc-manli.ko
rc-medion-x10-digitainer.ko
rc-medion-x10.ko
rc-medion-x10-or2x.ko
rc-msi-digivox-iii.ko
rc-msi-digivox-ii.ko
rc-msi-tvanywhere.ko
rc-msi-tvanywhere-plus.ko
rc-nebula.ko
rc-nec-terratec-cinergy-xs.ko
rc-norwood.ko
rc-npgtech.ko
rc-pctv-sedna.ko
rc-pinnacle-color.ko
rc-pinnacle-grey.ko
rc-pinnacle-pctv-hd.ko
rc-pixelview-002t.ko
rc-pixelview.ko
rc-pixelview-mk12.ko
rc-pixelview-new.ko
rc-powercolor-real-angel.ko
rc-proteus-2309.ko
rc-purpletv.ko
rc-pv951.ko
rc-rc6-mce.ko
rc-real-audio-220-32-keys.ko
rc-reddo.ko
rc-snapstream-firefly.ko
rc-streamzap.ko
rc-tbs-nec.ko
rc-technisat-usb2.ko
rc-terratec-cinergy-xs.ko
rc-terratec-slim-2.ko
rc-terratec-slim.ko
rc-tevii-nec.ko
rc-tivo.ko
rc-total-media-in-hand-02.ko
rc-total-media-in-hand.ko
rc-trekstor.ko
rc-tt-1500.ko
rc-twinhan1027.ko
rc-videomate-m1f.ko
rc-videomate-s350.ko
rc-videomate-tv-pvr.ko
rc-winfast.ko
rc-winfast-usbii-deluxe.ko
rdma_cm.ko
rdma_rxe.ko
rdma_ucm.ko
rdmavt.ko
realtek.ko
redrat3.ko
reed_solomon.ko
regmap-i2c.ko
regmap-spi.ko
rfcomm.ko
rfkill.ko
ring_buffer_benchmark.ko
rmd128.ko
rmd160.ko
rmd256.ko
rmd320.ko
rmi_core.ko
rmi_smbus.ko
rndis_host.ko
rocker.ko
rotary_encoder.ko
rpcrdma.ko
rpcsec_gss_krb5.ko
rsa_generic.ko
rt2800lib.ko
rt2800mmio.ko
rt2800pci.ko
rt2800usb.ko
rt2x00lib.ko
rt2x00mmio.ko
rt2x00pci.ko
rt2x00usb.ko
rt61pci.ko
rt73usb.ko
rtc-bq32k.ko
rtc-bq4802.ko
rtc-ds1286.ko
rtc-ds1307.ko
rtc-ds1374.ko
rtc-ds1511.ko
rtc-ds1553.ko
rtc-ds1672.ko
rtc-ds1742.ko
rtc-ds2404.ko
rtc-ds3232.ko
rtc-em3027.ko
rtc-fm3130.ko
rtc-isl12022.ko
rtc-isl1208.ko
rtc-m41t80.ko
rtc-m48t35.ko
rtc-m48t59.ko
rtc-max6900.ko
rtc-msm6242.ko
rtc-pcf8523.ko
rtc-pcf8563.ko
rtc-pcf8583.ko
rtc-rp5c01.ko
rtc-rs5c372.ko
rtc-rv3029c2.ko
rtc-rx4581.ko
rtc-rx8025.ko
rtc-rx8581.ko
rtc-stk17ta8.ko
rtc-v3020.ko
rtc-x1205.ko
rtl2830.ko
rtl2832.ko
rtl8150.ko
rtl8187.ko
rtl8188ee.ko
rtl8192c-common.ko
rtl8192ce.ko
rtl8192cu.ko
rtl8192de.ko
rtl8192ee.ko
rtl8192se.ko
rtl8723ae.ko
rtl8723be.ko
rtl8723-common.ko
rtl8821ae.ko
rtllib_crypt_ccmp.ko
rtllib_crypt_tkip.ko
rtllib_crypt_wep.ko
rtllib.ko
rtl_pci.ko
rtl_usb.ko
rtlwifi.ko
rtsx_pci.ko
rtsx_pci_ms.ko
rtsx_pci_sdmmc.ko
rtsx_usb.ko
rtsx_usb_sdmmc.ko
s2255drv.ko
s5h1409.ko
s5h1411.ko
s5h1420.ko
s921.ko
saa6588.ko
saa6752hs.ko
saa7115.ko
saa7127.ko
saa7134-alsa.ko
saa7134-dvb.ko
saa7134-empress.ko
saa7134.ko
saa7146.ko
saa7146_vv.ko
saa7164.ko
saa717x.ko
safe_serial.ko
salsa20_generic.ko
salsa20-x86_64.ko
samsung-laptop.ko
samsung-q10.ko
sata_mv.ko
sata_nv.ko
sata_promise.ko
sata_qstor.ko
sata_sil24.ko
sata_sil.ko
sata_sis.ko
sata_svw.ko
sata_sx4.ko
sata_uli.ko
sata_via.ko
sata_vsc.ko
sbc_fitpc2_wdt.ko
sb_edac.ko
sbshc.ko
sbs.ko
sch311x_wdt.ko
sch5627.ko
sch5636.ko
sch56xx-common.ko
sch_atm.ko
sch_cbq.ko
sch_choke.ko
sch_codel.ko
sch_drr.ko
sch_dsmark.ko
sch_fq_codel.ko
sch_fq.ko
sch_gred.ko
sch_hfsc.ko
sch_htb.ko
sch_ingress.ko
sch_mqprio.ko
sch_multiq.ko
sch_netem.ko
sch_plug.ko
sch_prio.ko
sch_qfq.ko
sch_red.ko
sch_sfb.ko
sch_sfq.ko
sch_tbf.ko
sch_teql.ko
scsi_debug.ko
scsi_tgt.ko
scsi_transport_fc.ko
scsi_transport_iscsi.ko
scsi_transport_sas.ko
scsi_transport_spi.ko
scsi_transport_srp.ko
sctp_diag.ko
sctp.ko
sctp_probe.ko
sdhci-acpi.ko
sdhci.ko
sdhci-pci.ko
sdhci-pltfm.ko
sdio_uart.ko
sd_mod.ko
seed.ko
ser_gigaset.ko
serio_raw.ko
sermouse.ko
serpent-avx2.ko
serpent-avx-x86_64.ko
serpent_generic.ko
serpent-sse2-x86_64.ko
ses.ko
sfc-falcon.ko
sfc.ko
sg.ko
sha1-mb.ko
sha256-mb.ko
sha512_generic.ko
sha512-mb.ko
sha512-ssse3.ko
sht15.ko
sht21.ko
si21xx.ko
sierra.ko
sierra_net.ko
sil164.ko
sis5595.ko
sisusbvga.ko
sit.ko
sja1000.ko
sja1000_platform.ko
skge.ko
skx_edac.ko
sky2.ko
slcan.ko
slhc.ko
slip.ko
sm501.ko
smartpqi.ko
smb347-charger.ko
smsc47b397.ko
smsc47m192.ko
smsc47m1.ko
smsc75xx.ko
smsc9420.ko
smsc95xx.ko
smsc.ko
smsdvb.ko
smsmdtv.ko
smssdio.ko
smsusb.ko
snd-ac97-codec.ko
snd-ad1889.ko
snd-ak4113.ko
snd-ak4114.ko
snd-ak4xxx-adda.ko
snd-ali5451.ko
snd-aloop.ko
snd-asihpi.ko
snd-atiixp.ko
snd-atiixp-modem.ko
snd-au8810.ko
snd-au8820.ko
snd-au8830.ko
snd-bcd2000.ko
snd-bt87x.ko
snd-ca0106.ko
snd-cmipci.ko
snd-compress.ko
snd-cs46xx.ko
snd-cs8427.ko
snd-ctxfi.ko
snd-darla20.ko
snd-darla24.ko
snd-dummy.ko
snd-echo3g.ko
snd-emu10k1.ko
snd-emu10k1-synth.ko
snd-emu10k1x.ko
snd-emux-synth.ko
snd-ens1370.ko
snd-ens1371.ko
snd-es1968.ko
snd-firewire-lib.ko
snd-firewire-speakers.ko
snd-gina20.ko
snd-gina24.ko
snd-hda-codec-analog.ko
snd-hda-codec-ca0110.ko
snd-hda-codec-ca0132.ko
snd-hda-codec-cirrus.ko
snd-hda-codec-cmedia.ko
snd-hda-codec-conexant.ko
snd-hda-codec-generic.ko
snd-hda-codec-hdmi.ko
snd-hda-codec-idt.ko
snd-hda-codec.ko
snd-hda-codec-realtek.ko
snd-hda-codec-si3054.ko
snd-hda-codec-via.ko
snd-hda-core.ko
snd-hda-ext-core.ko
snd-hda-intel.ko
snd-hdmi-lpe-audio.ko
snd-hdsp.ko
snd-hdspm.ko
snd-hrtimer.ko
snd-hwdep.ko
snd-i2c.ko
snd-ice1712.ko
snd-ice1724.ko
snd-ice17xx-ak4xxx.ko
snd-indigodj.ko
snd-indigodjx.ko
snd-indigoio.ko
snd-indigoiox.ko
snd-indigo.ko
snd-intel8x0.ko
snd-intel8x0m.ko
snd-intel-sst-acpi.ko
snd-intel-sst-core.ko
snd-isight.ko
snd.ko
snd-korg1212.ko
snd-layla20.ko
snd-layla24.ko
snd-lola.ko
snd-lx6464es.ko
snd-maestro3.ko
snd-mia.ko
snd-mixart.ko
snd-mona.ko
snd-mpu401.ko
snd-mpu401-uart.ko
snd-mtpav.ko
snd-opl3-lib.ko
snd-opl3-synth.ko
snd-oxygen.ko
snd-oxygen-lib.ko
snd-pcm.ko
snd-pcsp.ko
snd-pcxhr.ko
snd-pt2258.ko
snd-rawmidi.ko
snd-rme32.ko
snd-rme9652.ko
snd-rme96.ko
snd-scs1x.ko
snd-seq-device.ko
snd-seq-dummy.ko
snd-seq.ko
snd-seq-midi-emul.ko
snd-seq-midi-event.ko
snd-seq-midi.ko
snd-seq-oss.ko
snd-seq-virmidi.ko
snd-skl_nau88l25_max98357a.ko
snd-soc-acpi-intel-match.ko
snd-soc-acpi.ko
snd-soc-core.ko
snd-soc-da7213.ko
snd-soc-da7219.ko
snd-soc-dmic.ko
snd-soc-es8316.ko
snd-soc-hdac-hdmi.ko
snd-soc-kbl_rt5663_max98927.ko
snd-soc-kbl_rt5663_rt5514_max98927.ko
snd-soc-max98090.ko
snd-soc-max98927.ko
snd-soc-nau8824.ko
snd-soc-nau8825.ko
snd-soc-rl6231.ko
snd-soc-rl6347a.ko
snd-soc-rt286.ko
snd-soc-rt298.ko
snd-soc-rt5514.ko
snd-soc-rt5514-spi.ko
snd-soc-rt5640.ko
snd-soc-rt5645.ko
snd-soc-rt5651.ko
snd-soc-rt5663.ko
snd-soc-rt5670.ko
snd-soc-rt5677.ko
snd-soc-rt5677-spi.ko
snd-soc-skl-ipc.ko
snd-soc-skl.ko
snd-soc-skl_nau88l25_ssm4567.ko
snd-soc-skl_rt286.ko
snd-soc-skl-ssp-clk.ko
snd-soc-ssm4567.ko
snd-soc-sst-acpi.ko
snd-soc-sst-atom-hifi2-platform.ko
snd-soc-sst-baytrail-pcm.ko
snd-soc-sst-bdw-rt5677-mach.ko
snd-soc-sst-broadwell.ko
snd-soc-sst-bxt-da7219_max98357a.ko
snd-soc-sst-bxt-rt298.ko
snd-soc-sst-byt-cht-da7213.ko
snd-soc-sst-byt-cht-es8316.ko
snd-soc-sst-byt-cht-nocodec.ko
snd-soc-sst-bytcr-rt5640.ko
snd-soc-sst-bytcr-rt5651.ko
snd-soc-sst-cht-bsw-max98090_ti.ko
snd-soc-sst-cht-bsw-rt5645.ko
snd-soc-sst-cht-bsw-rt5672.ko
snd-soc-sst-dsp.ko
snd-soc-sst-firmware.ko
snd-soc-sst-haswell.ko
snd-soc-sst-haswell-pcm.ko
snd-soc-sst-ipc.ko
snd-soc-ts3a227e.ko
snd-tea575x-tuner.ko
snd-timer.ko
snd-trident.ko
snd-ua101.ko
snd-usb-6fire.ko
snd-usb-audio.ko
snd-usb-caiaq.ko
snd-usb-hiface.ko
snd-usb-line6.ko
snd-usbmidi-lib.ko
snd-usb-podhd.ko
snd-usb-pod.ko
snd-usb-toneport.ko
snd-usb-us122l.ko
snd-usb-usx2y.ko
snd-usb-variax.ko
snd-util-mem.ko
snd-via82xx.ko
snd-via82xx-modem.ko
snd-virmidi.ko
snd-virtuoso.ko
snd-vx222.ko
snd-vx-lib.ko
softdog.ko
softing.ko
sony-laptop.ko
soundcore.ko
sp5100_tco.ko
sp8870.ko
sp887x.ko
sparse-keymap.ko
spcp8x5.ko
speedfax.ko
speedstep-lib.ko
speedtch.ko
squashfs.ko
sr_mod.ko
ssb.ko
ssu100.ko
stb0899.ko
stb6000.ko
stb6100.ko
ste10Xp.ko
stex.ko
stk1160.ko
st.ko
stkwebcam.ko
stp.ko
streamzap.ko
stv0288.ko
stv0297.ko
stv0299.ko
stv0367.ko
stv0900.ko
stv090x.ko
stv6110.ko
stv6110x.ko
sunrpc.ko
sx8.ko
symbolserial.ko
synaptics_i2c.ko
synaptics_usb.ko
synclink_gt.ko
synclink.ko
synclinkmp.ko
syscopyarea.ko
sysfillrect.ko
sysimgblt.ko
t1pci.ko
target_core_file.ko
target_core_iblock.ko
target_core_mod.ko
target_core_pscsi.ko
target_core_user.ko
tcm_fc.ko
tcm_loop.ko
tcm_qla2xxx.ko
tcp_bic.ko
tcp_dctcp.ko
tcp_diag.ko
tcp_highspeed.ko
tcp_htcp.ko
tcp_hybla.ko
tcp_illinois.ko
tcp_lp.ko
tcp_scalable.ko
tcp_vegas.ko
tcp_veno.ko
tcp_westwood.ko
tcp_yeah.ko
tcrypt.ko
tda10021.ko
tda10023.ko
tda10048.ko
tda1004x.ko
tda10071.ko
tda10086.ko
tda18212.ko
tda18218.ko
tda18271c2dd.ko
tda18271.ko
tda665x.ko
tda7432.ko
tda8083.ko
tda8261.ko
tda826x.ko
tda827x.ko
tda8290.ko
tda9887.ko
tea5761.ko
tea5767.ko
tea.ko
team.ko
team_mode_activebackup.ko
team_mode_broadcast.ko
team_mode_loadbalance.ko
team_mode_random.ko
team_mode_roundrobin.ko
tg3.ko
tgr192.ko
thinkpad_acpi.ko
thmc50.ko
thunderbolt-net.ko
tifm_7xx1.ko
tifm_core.ko
tifm_ms.ko
tifm_sd.ko
timeriomem-rng.ko
ti_usb_3410_5052.ko
tlan.ko
tlclk.ko
tm6000-alsa.ko
tm6000-dvb.ko
tm6000.ko
tmp102.ko
tmp401.ko
tmp421.ko
topstar-laptop.ko
toshiba_acpi.ko
toshiba_bluetooth.ko
tpm_atmel.ko
tpm_crb.ko
tpm_i2c_atmel.ko
tpm_i2c_infineon.ko
tpm_i2c_nuvoton.ko
tpm_infineon.ko
tpm_nsc.ko
tpm_st33zp24_i2c.ko
tpm_st33zp24.ko
ts2020.ko
ts_bm.ko
ts_fsm.ko
ts_kmp.ko
tsl2550.ko
ttm.ko
ttpci-eeprom.ko
ttusbdecfe.ko
ttusb_dec.ko
ttusbir.ko
tua6100.ko
tua9001.ko
tulip.ko
tuner_it913x.ko
tuner.ko
tuner-simple.ko
tuner-types.ko
tuner-xc2028.ko
tun.ko
tunnel4.ko
tunnel6.ko
tvaudio.ko
tveeprom.ko
tvp5150.ko
twofish-avx-x86_64.ko
twofish_common.ko
twofish_generic.ko
twofish-x86_64-3way.ko
twofish-x86_64.ko
uas.ko
ubi.ko
ucd9000.ko
ucd9200.ko
udf.ko
udl.ko
udp_diag.ko
udp_tunnel.ko
ueagle-atm.ko
ufshcd.ko
ufshcd-pci.ko
uhid.ko
uinput.ko
uio_aec.ko
uio_cif.ko
uio_hv_generic.ko
uio.ko
uio_pci_generic.ko
uio_pdrv_genirq.ko
uio_pdrv.ko
uio_sercos3.ko
uli526x.ko
umc.ko
ums-alauda.ko
ums-cypress.ko
ums-datafab.ko
ums-eneub6250.ko
ums-freecom.ko
ums-isd200.ko
ums-jumpshot.ko
ums-karma.ko
ums-onetouch.ko
ums-realtek.ko
ums-sddr09.ko
ums-sddr55.ko
ums-usbat.ko
unix_diag.ko
upd64031a.ko
upd64083.ko
usb3503.ko
usb_8dev.ko
usbatm.ko
usb_debug.ko
usb_gigaset.ko
usbip-core.ko
usblcd.ko
usblp.ko
usbnet.ko
usbsevseg.ko
usb-storage.ko
usbtmc.ko
usbvision.ko
usb_wwan.ko
ushc.ko
usnic_verbs.ko
uss720.ko
uvcvideo.ko
uv_mmtimer.ko
uwb.ko
v4l2-common.ko
vcan.ko
ves1820.ko
ves1x93.ko
veth.ko
vfat.ko
vfio_iommu_type1.ko
vfio.ko
vfio_mdev.ko
vfio-pci.ko
vhost.ko
vhost_net.ko
vhost_vsock.ko
via686a.ko
via-cputemp.ko
via-rng.ko
via-sdmmc.ko
via_wdt.ko
videobuf2-core.ko
videobuf2-memops.ko
videobuf2-vmalloc.ko
videobuf-core.ko
videobuf-dma-sg.ko
videobuf-dvb.ko
videobuf-vmalloc.ko
videodev.ko
video.ko
viperboard.ko
virt-dma.ko
virtio_balloon.ko
virtio_blk.ko
virtio_console.ko
virtio-gpu.ko
virtio_input.ko
virtio.ko
virtio_net.ko
virtio_pci.ko
virtio_ring.ko
virtio-rng.ko
virtio_scsi.ko
visor.ko
vitesse.ko
vmac.ko
vmw_balloon.ko
vmwgfx.ko
vmw_pvrdma.ko
vmw_pvscsi.ko
vmw_vmci.ko
vmw_vsock_virtio_transport_common.ko
vmw_vsock_virtio_transport.ko
vmw_vsock_vmci_transport.ko
vmxnet3.ko
vp27smpx.ko
vport-geneve.ko
vport-gre.ko
vport-vxlan.ko
vringh.ko
vsock_diag.ko
vsock.ko
vsockmon.ko
vsxxxaa.ko
vt1211.ko
vt8231.ko
vub300.ko
vx855.ko
vxlan.ko
w6692.ko
w83627ehf.ko
w83627hf.ko
w83627hf_wdt.ko
w83697hf_wdt.ko
w83697ug_wdt.ko
w83781d.ko
w83791d.ko
w83792d.ko
w83793.ko
w83795.ko
w83877f_wdt.ko
w83977f_wdt.ko
w83l785ts.ko
w83l786ng.ko
wacom_i2c.ko
wacom.ko
wacom_w8001.ko
wdat_wdt.ko
wdt_pci.ko
whci.ko
whc-rc.ko
whiteheat.ko
wil6210.ko
winbond-840.ko
winbond-cir.ko
wm8739.ko
wm8775.ko
wmi.ko
wp512.ko
wusb-cbaf.ko
wusbcore.ko
wusb-wa.ko
x38_edac.ko
xc4000.ko
xc5000.ko
xcbc.ko
xen-acpi-processor.ko
xen-blkfront.ko
xen-evtchn.ko
xenfs.ko
xen-kbdfront.ko
xen-netfront.ko
xen-privcmd.ko
xen_wdt.ko
xfrm4_mode_beet.ko
xfrm4_mode_transport.ko
xfrm4_mode_tunnel.ko
xfrm4_tunnel.ko
xfrm6_mode_beet.ko
xfrm6_mode_ro.ko
xfrm6_mode_transport.ko
xfrm6_mode_tunnel.ko
xfrm6_tunnel.ko
xfrm_ipcomp.ko
xfs.ko
xgmac.ko
xircom_cb.ko
xor.ko
xpc.ko
xp.ko
xpnet.ko
xsens_mt.ko
xt_addrtype.ko
xt_AUDIT.ko
xt_bpf.ko
xt_cgroup.ko
xt_CHECKSUM.ko
xt_CLASSIFY.ko
xt_cluster.ko
xt_comment.ko
xt_connbytes.ko
xt_connlabel.ko
xt_connlimit.ko
xt_connmark.ko
xt_CONNSECMARK.ko
xt_conntrack.ko
xt_cpu.ko
xt_CT.ko
xt_dccp.ko
xt_devgroup.ko
xt_dscp.ko
xt_DSCP.ko
xt_ecn.ko
xt_esp.ko
xt_hashlimit.ko
xt_helper.ko
xt_hl.ko
xt_HL.ko
xt_HMARK.ko
xt_IDLETIMER.ko
xt_iprange.ko
xt_ipvs.ko
xt_LED.ko
xt_length.ko
xt_limit.ko
xt_LOG.ko
xt_mac.ko
xt_mark.ko
xt_multiport.ko
xt_nat.ko
xt_NETMAP.ko
xt_nfacct.ko
xt_NFLOG.ko
xt_NFQUEUE.ko
xt_osf.ko
xt_owner.ko
xt_physdev.ko
xt_pkttype.ko
xt_policy.ko
xt_quota.ko
xt_rateest.ko
xt_RATEEST.ko
xt_realm.ko
xt_recent.ko
xt_REDIRECT.ko
xt_sctp.ko
xt_SECMARK.ko
xt_set.ko
xts.ko
xt_socket.ko
xt_state.ko
xt_statistic.ko
xt_string.ko
xt_tcpmss.ko
xt_TCPMSS.ko
xt_TCPOPTSTRIP.ko
xt_TEE.ko
xt_time.ko
xt_TPROXY.ko
xt_TRACE.ko
xt_u32.ko
xusbatm.ko
yealink.ko
yenta_socket.ko
zaurus.ko
zl10036.ko
zl10039.ko
zl10353.ko
zl6100.ko
zlib.ko
zr364xx.ko
zram.ko
