8250_base.ko
8250_dw.ko
8250_exar.ko
8250.ko
8250_of.ko
8250_pci.ko
8250_tegra.ko
ac.ko
acpi_mdio.ko
acpiphp.ko
aead.ko
aes-ce-ccm.ko
aes-ce-cipher.ko
aes_generic.ko
aes-glue-ce.ko
aes-glue-neon.ko
af_alg.ko
af_packet_diag.ko
af_packet.ko
ahci.ko
akcipher.ko
algif_aead.ko
algif_hash.ko
algif_rng.ko
algif_skcipher.ko
ambakmi.ko
amba-pl011.ko
arm-ccn.ko
arm_smmu.ko
arm_smmu_v3.ko
asn1_decoder.ko
asymmetric_keys.ko
ata_piix.ko
atkbd.ko
atomic64_test.ko
authencesn.ko
authenc.ko
autofs4.ko
backlight.ko
battery.ko
bfq.ko
binfmt_elf.ko
binfmt_script.ko
bsg.ko
btree.ko
button.ko
cbc.ko
ccm.ko
cfbcopyarea.ko
cfbfillrect.ko
cfbimgblt.ko
cfb.ko
chacha-neon.ko
clk-hi3519.ko
clk-vexpress-osc.ko
cls_cgroup.ko
cmac.ko
cn.ko
configfs.ko
cpufreq_conservative.ko
cpufreq_ondemand.ko
cpufreq_performance.ko
cpufreq_powersave.ko
cpufreq_userspace.ko
crc16.ko
crc32c_generic.ko
crc32.ko
crc-ccitt.ko
crct10dif_common.ko
crct10dif_generic.ko
crc-t10dif.ko
crg-hi3516cv300.ko
crg-hi3798cv200.ko
cryptd.ko
crypto_acompress.ko
crypto_algapi.ko
crypto_hash.ko
crypto.ko
cryptomgr.ko
crypto_null.ko
crypto_user.ko
ctr.ko
cts.ko
cxl_acpi.ko
cxl_core.ko
dax.ko
deflate.ko
dh_generic.ko
digsig.ko
dmi-sysfs.ko
drbg.ko
drm_panel_orientation_quirks.ko
drop_monitor.ko
ecb.ko
ecc.ko
ecdsa_generic.ko
edac_core.ko
efi-pstore.ko
efivarfs.ko
ehci-hcd.ko
ehci-pci.ko
encrypted-keys.ko
evdev.ko
exportfs.ko
extcon-core.ko
fan.ko
fb.ko
firmware_class.ko
fixed_phy.ko
font.ko
freq_table.ko
fwnode_mdio.ko
gcm.ko
geniv.ko
gf128mul.ko
ghash-generic.ko
glob.ko
gpio-pl061.ko
gpio-poweroff.ko
gpio-restart.ko
hed.ko
hi3660-mailbox.ko
hi6220-mailbox.ko
hid-generic.ko
hid.ko
hid-magicmouse.ko
hid-ntrig.ko
hisi-rng.ko
hisi_uncore_ddrc_pmu.ko
hisi_uncore_hha_pmu.ko
hisi_uncore_l3c_pmu.ko
hisi_uncore_pa_pmu.ko
hisi_uncore_pmu.ko
hisi_uncore_sllc_pmu.ko
hmac.ko
hwmon.ko
hwspinlock_core.ko
i2c-core.ko
i2c-qup.ko
inet_diag.ko
input-core.ko
input-leds.ko
ioasid.ko
iova.ko
ipv6.ko
irqbypass.ko
irq-mbigen.ko
jitterentropy_rng.ko
kgdboc.ko
kpp.ko
kvm.ko
kyber-iosched.ko
led-class.ko
libaes.ko
libahci.ko
libata.ko
libchacha20poly1305.ko
libchacha.ko
libphy.ko
libps2.ko
libsha256.ko
lz4_decompress.ko
lzo_compress.ko
lzo_decompress.ko
lzo.ko
lzo-rle.ko
md5.ko
mdio_devres.ko
md-mod.ko
mousedev.ko
mpi.ko
mpls_gso.ko
mptcp_diag.ko
mq-deadline.ko
netlink_diag.ko
nfs_ssc.ko
nls_ascii.ko
nls_base.ko
nls_cp437.ko
n_null.ko
nsh.ko
nvmem_core.ko
ofb.ko
of_mdio.ko
ohci-hcd.ko
ohci-pci.ko
oid_registry.ko
pcie-iproc.ko
pcie-iproc-platform.ko
pci-host-common.ko
pci-host-generic.ko
pci-stub.ko
pcmcia_core.ko
pcmcia_rsrc.ko
phy-bcm-ns2-usbdrd.ko
phy-brcm-sata.ko
phy-xgene.ko
pkcs7_message.ko
pldmfw.ko
poly1305-neon.ko
power_supply.ko
pps_core.ko
processor.ko
pstore.ko
ptp.ko
public_key.ko
pwm-bcm-iproc.ko
qemu_fw_cfg.ko
quota_tree.ko
quota_v2.ko
raw_diag.ko
regmap-mmio.ko
restart-poweroff.ko
rng-core.ko
rng.ko
roles.ko
rsa_generic.ko
rtc-efi.ko
rtc-pl031.ko
sch_fq_codel.ko
scmi-module.ko
scsi_dh_alua.ko
scsi_dh_emc.ko
scsi_dh_hp_sw.ko
scsi_dh_rdac.ko
scsi_mod.ko
sd_mod.ko
selftests.ko
seqiv.ko
serial_core.ko
serial_mctrl_gpio.ko
serio.ko
sha1_generic.ko
sha256_generic.ko
sha3_generic.ko
sha512_generic.ko
simplefb.ko
skcipher.ko
spi-amd.ko
spi-qup.ko
system_heap.ko
t10-pi.ko
tcp_cubic.ko
tcp_diag.ko
tegra-ahb.ko
test-kstrtox.ko
thermal.ko
thunderbolt.ko
tpm_crb.ko
tpm.ko
tpm_tis_core.ko
tpm_tis.ko
typec.ko
typec_ucsi.ko
ucs2_string.ko
ucsi_acpi.ko
udp_diag.ko
uhci-hcd.ko
unix_diag.ko
unix.ko
usb-common.ko
usbcore.ko
usbhid.ko
usbmon.ko
usbserial.ko
vexpress-config.ko
virtio-iommu.ko
virtio.ko
virtio_pci.ko
virtio_pci_modern_dev.ko
virtio_ring.ko
virtio-rng.ko
watchdog.ko
watch_queue.ko
wwan.ko
x509_key_parser.ko
xfrm_algo.ko
xfrm_user.ko
xhci-hcd.ko
xhci-pci.ko
xhci-plat-hcd.ko
x_tables.ko
xts.ko
xt_tcpudp.ko
xxhash.ko
xz_dec.ko
zbud.ko
zlib_deflate.ko
zlib_inflate.ko
zpool.ko
zsmalloc.ko
zstd_decompress.ko
zswap.ko
