aead.ko
aes_generic.ko
af_alg.ko
af_packet_diag.ko
af_packet.ko
akcipher.ko
algif_aead.ko
algif_hash.ko
algif_rng.ko
algif_skcipher.ko
asn1_decoder.ko
asymmetric_keys.ko
atomic64_test.ko
authencesn.ko
authenc.ko
autofs4.ko
bfq.ko
binfmt_elf.ko
binfmt_script.ko
bitrev.ko
bsg.ko
cbc.ko
ccm.ko
cfb.ko
cls_cgroup.ko
cmac.ko
cn.ko
compat_binfmt_elf.ko
configfs.ko
crc16.ko
crc32c_generic.ko
crc32.ko
crc32-vx_s390.ko
crc-ccitt.ko
crct10dif_common.ko
crct10dif_generic.ko
crc-t10dif.ko
cryptd.ko
crypto_acompress.ko
crypto_algapi.ko
crypto_hash.ko
crypto.ko
cryptomgr.ko
crypto_null.ko
crypto_user.ko
ctr.ko
cts.ko
cxl_core.ko
dax.ko
deflate.ko
dh_generic.ko
digsig.ko
drbg.ko
drop_monitor.ko
ecb.ko
ecc.ko
ecdsa_generic.ko
encrypted-keys.ko
evdev.ko
exportfs.ko
firmware_class.ko
gcm.ko
geniv.ko
gf128mul.ko
ghash-generic.ko
glob.ko
hmac.ko
hwspinlock_core.ko
inet_diag.ko
input-core.ko
ipv6.ko
iucv.ko
jitterentropy_rng.ko
kpp.ko
kyber-iosched.ko
libaes.ko
libchacha20poly1305.ko
libchacha.ko
libpoly1305.ko
libsha256.ko
lz4_decompress.ko
lzo_compress.ko
lzo_decompress.ko
lzo.ko
lzo-rle.ko
md5.ko
mdio-bus.ko
md-mod.ko
mpi.ko
mpls_gso.ko
mptcp_diag.ko
mq-deadline.ko
netlink_diag.ko
nfs_ssc.ko
nls_ascii.ko
nls_base.ko
nls_cp437.ko
n_null.ko
nsh.ko
nvmem_core.ko
ofb.ko
oid_registry.ko
pcmcia_core.ko
pcmcia_rsrc.ko
pkcs7_message.ko
power_supply.ko
pps_core.ko
pstore.ko
ptp.ko
public_key.ko
quota_tree.ko
quota_v2.ko
raw3270.ko
raw_diag.ko
rng-core.ko
rng.ko
rsa_generic.ko
s390-trng.ko
sch_fq_codel.ko
scsi_dh_alua.ko
scsi_dh_emc.ko
scsi_dh_hp_sw.ko
scsi_dh_rdac.ko
scsi_mod.ko
seqiv.ko
sha1_generic.ko
sha1_s390.ko
sha256_generic.ko
sha256_s390.ko
sha3_generic.ko
sha512_generic.ko
sha512_s390.ko
sha_common.ko
skcipher.ko
system_heap.ko
tcp_cubic.ko
tcp_diag.ko
test-kstrtox.ko
thunderbolt.ko
tpm.ko
tty3270.ko
udp_diag.ko
unix_diag.ko
unix.ko
virtio.ko
virtio_ring.ko
virtio-rng.ko
watchdog.ko
watch_queue.ko
wwan.ko
x509_key_parser.ko
xfrm_algo.ko
xfrm_user.ko
x_tables.ko
xts.ko
xt_tcpudp.ko
xxhash.ko
xz_dec.ko
zlib_deflate.ko
zlib_dfltcc.ko
zlib_inflate.ko
zsmalloc.ko
zstd_decompress.ko
