8250_base.ko
8250_dw.ko
8250_exar.ko
8250.ko
8250_of.ko
8250_pci.ko
8250_tegra.ko
ac.ko
acpi_power_meter.ko
aead.ko
aes-arm64.ko
aes-ce-blk.ko
aes-ce-ccm.ko
aes-ce-cipher.ko
aes_generic.ko
aes-neon-blk.ko
af_alg.ko
af_packet.ko
ahci.ko
akcipher.ko
algif_aead.ko
algif_hash.ko
algif_rng.ko
algif_skcipher.ko
ambakmi.ko
amba-pl011.ko
arm-ccn.ko
arm_smmu.ko
arm-smmu-v3.ko
asn1_decoder.ko
ata_piix.ko
atomic64_test.ko
authencesn.ko
authenc.ko
autofs4.ko
backlight.ko
battery.ko
bfq.ko
binfmt_script.ko
bitrev.ko
button.ko
cavium_ptp.ko
cbc.ko
cfbcopyarea.ko
cfbfillrect.ko
cfbimgblt.ko
cfb.ko
clk-hi3519.ko
cls_cgroup.ko
cn.ko
configfs.ko
cppc_cpufreq.ko
cpufreq_conservative.ko
cpufreq_ondemand.ko
cpufreq_performance.ko
cpufreq_powersave.ko
cpufreq_userspace.ko
crc16.ko
crc32c_generic.ko
crc32.ko
crc-ccitt.ko
crct10dif_common.ko
crct10dif_generic.ko
crc-t10dif.ko
crg-hi3516cv300.ko
crg-hi3798cv200.ko
cryptd.ko
crypto_acompress.ko
crypto_algapi.ko
crypto_blkcipher.ko
crypto_hash.ko
crypto.ko
cryptomgr.ko
crypto_null.ko
crypto_simd.ko
crypto_wq.ko
ctr.ko
cts.ko
dax.ko
deflate.ko
dmi-sysfs.ko
drbg.ko
drm_panel_orientation_quirks.ko
drop_monitor.ko
ecb.ko
edac_core.ko
efi-pstore.ko
efivarfs.ko
efivars.ko
ehci-hcd.ko
ehci-pci.ko
essiv.ko
evdev.ko
exportfs.ko
extcon-core.ko
fan.ko
fb.ko
firmware_class.ko
fixed_phy.ko
font.ko
gcm.ko
gf128mul.ko
ghash-generic.ko
hed.ko
hi3660-mailbox.ko
hi6220-mailbox.ko
hid-generic.ko
hid.ko
hid-magicmouse.ko
hid-ntrig.ko
hisi-rng.ko
hmac.ko
hwmon.ko
i2c-core.ko
i2c-qup.ko
inet6_hashtables.ko
input-core.ko
input-leds.ko
iova.ko
ipv6.ko
irqbypass.ko
jitterentropy_rng.ko
kgdboc.ko
kpp.ko
kyber-iosched.ko
led-class.ko
libahci.ko
libata.ko
libphy.ko
libps2.ko
libsha256.ko
lz4_decompress.ko
lzo_compress.ko
lzo_decompress.ko
lzo.ko
md5.ko
md-mod.ko
mousedev.ko
mpi.ko
mpls_gso.ko
mq-deadline.ko
netlabel_calipso.ko
nls_ascii.ko
nls_base.ko
nls_cp437.ko
nsh.ko
ns-thermal.ko
of_mdio.ko
ohci-hcd.ko
ohci-pci.ko
oid_registry.ko
pcie-iproc.ko
pcie-iproc-platform.ko
pci-stub.ko
phy-bcm-ns2-usbdrd.ko
phy-brcm-sata.ko
phy-xgene.ko
pinctrl-qdf2xxx.ko
pkcs7_message.ko
pps_core.ko
processor.ko
pstore.ko
ptp.ko
public_key.ko
pwm-bcm-iproc.ko
qemu_fw_cfg.ko
quota_tree.ko
quota_v2.ko
raw.ko
regmap-i2c.ko
regmap-mmio.ko
regmap-spi.ko
rng-core.ko
rng.ko
roles.ko
rsa_generic.ko
rtc-efi.ko
rtc-pl031.ko
sch_fq_codel.ko
scsi_dh_alua.ko
scsi_dh_emc.ko
scsi_dh_hp_sw.ko
scsi_dh_rdac.ko
scsi_mod.ko
sd_mod.ko
serial_core.ko
serio.ko
serport.ko
sha1_generic.ko
sha256_generic.ko
spi-qup.ko
t10-pi.ko
tcpci.ko
tcpci_rt1711h.ko
tcp_cubic.ko
tcpm.ko
tegra20-cpufreq.ko
test-kstrtox.ko
thermal.ko
thermal_sys.ko
thunderbolt.ko
tpm_crb.ko
tpm.ko
tpm_tis_core.ko
tpm_tis.ko
typec_displayport.ko
typec.ko
typec_ucsi.ko
ucs2_string.ko
ucsi_acpi.ko
uhci-hcd.ko
unix.ko
usb-common.ko
usbcore.ko
usbhid.ko
usbmon.ko
usbserial.ko
virtio.ko
virtio_pci.ko
virtio_ring.ko
virtio-rng.ko
x509_key_parser.ko
xfrm_algo.ko
xfrm_user.ko
xhci-hcd.ko
xhci-pci.ko
xhci-plat-hcd.ko
x_tables.ko
xt_tcpudp.ko
xz_dec.ko
zbud.ko
zlib_deflate.ko
zlib_inflate.ko
zpool.ko
zsmalloc.ko
