aead.ko
aes_generic.ko
af_alg.ko
af_packet.ko
akcipher.ko
algif_aead.ko
algif_hash.ko
algif_rng.ko
algif_skcipher.ko
asn1_decoder.ko
atomic64_test.ko
authencesn.ko
authenc.ko
autofs4.ko
bfq.ko
binfmt_script.ko
bitrev.ko
cavium_ptp.ko
cbc.ko
cfb.ko
cls_cgroup.ko
cn.ko
configfs.ko
crc16.ko
crc32c_generic.ko
crc32.ko
crc32-vx_s390.ko
crc-ccitt.ko
crct10dif_common.ko
crct10dif_generic.ko
crc-t10dif.ko
cryptd.ko
crypto_acompress.ko
crypto_algapi.ko
crypto_blkcipher.ko
crypto_hash.ko
crypto.ko
cryptomgr.ko
crypto_null.ko
crypto_wq.ko
ctr.ko
cts.ko
dax.ko
deflate.ko
digsig.ko
drbg.ko
drop_monitor.ko
ecb.ko
essiv.ko
evdev.ko
exportfs.ko
firmware_class.ko
gcm.ko
gf128mul.ko
ghash-generic.ko
hmac.ko
inet6_hashtables.ko
input-core.ko
ipv6.ko
iucv.ko
jitterentropy_rng.ko
kpp.ko
kyber-iosched.ko
libsha256.ko
lz4_decompress.ko
lzo_compress.ko
lzo_decompress.ko
md5.ko
mdio-bus.ko
md-mod.ko
mpi.ko
mpls_gso.ko
mq-deadline.ko
netlabel_calipso.ko
nls_ascii.ko
nls_base.ko
nls_cp437.ko
nsh.ko
oid_registry.ko
pkcs7_message.ko
pps_core.ko
pstore.ko
ptp.ko
public_key.ko
quota_tree.ko
quota_v2.ko
raw3270.ko
raw.ko
rng-core.ko
rng.ko
rsa_generic.ko
s390-trng.ko
sch_fq_codel.ko
scsi_dh_alua.ko
scsi_dh_emc.ko
scsi_dh_hp_sw.ko
scsi_dh_rdac.ko
scsi_mod.ko
sha1_generic.ko
sha1_s390.ko
sha256_generic.ko
sha256_s390.ko
sha_common.ko
tcp_cubic.ko
test-kstrtox.ko
thunderbolt.ko
tpm.ko
tty3270.ko
unix.ko
virtio_console.ko
virtio.ko
virtio_ring.ko
virtio-rng.ko
x509_key_parser.ko
xfrm_algo.ko
xfrm_user.ko
x_tables.ko
xt_tcpudp.ko
xz_dec.ko
zlib_deflate.ko
zlib_inflate.ko
zsmalloc.ko
